../Drivers/BSP/STM32H747I-EVAL/stm32h747i_eval.c:152:9:BSP_GetVersion	4	static
../Drivers/BSP/STM32H747I-EVAL/stm32h747i_eval.c:161:16:BSP_GetBoardName	4	static
../Drivers/BSP/STM32H747I-EVAL/stm32h747i_eval.c:170:16:BSP_GetBoardID	4	static
../Drivers/BSP/STM32H747I-EVAL/stm32h747i_eval.c:185:9:BSP_LED_Init	56	static
../Drivers/BSP/STM32H747I-EVAL/stm32h747i_eval.c:233:9:BSP_LED_DeInit	40	static
../Drivers/BSP/STM32H747I-EVAL/stm32h747i_eval.c:256:9:BSP_LED_On	24	static
../Drivers/BSP/STM32H747I-EVAL/stm32h747i_eval.c:274:9:BSP_LED_Off	24	static
../Drivers/BSP/STM32H747I-EVAL/stm32h747i_eval.c:291:9:BSP_LED_Toggle	24	static
../Drivers/BSP/STM32H747I-EVAL/stm32h747i_eval.c:308:9:BSP_LED_GetState	24	static
../Drivers/BSP/STM32H747I-EVAL/stm32h747i_eval.c:329:9:BSP_PB_Init	48	static
../Drivers/BSP/STM32H747I-EVAL/stm32h747i_eval.c:401:9:BSP_PB_DeInit	40	static
../Drivers/BSP/STM32H747I-EVAL/stm32h747i_eval.c:421:9:BSP_PB_GetState	16	static
../Drivers/BSP/STM32H747I-EVAL/stm32h747i_eval.c:431:6:BSP_PB_IRQHandler	16	static
../Drivers/BSP/STM32H747I-EVAL/stm32h747i_eval.c:441:13:BSP_PB_Callback	16	static
../Drivers/BSP/STM32H747I-EVAL/stm32h747i_eval.c:458:9:BSP_COM_Init	24	static
../Drivers/BSP/STM32H747I-EVAL/stm32h747i_eval.c:500:9:BSP_COM_DeInit	24	static
../Drivers/BSP/STM32H747I-EVAL/stm32h747i_eval.c:530:26:MX_USART1_Init	16	static
../Drivers/BSP/STM32H747I-EVAL/stm32h747i_eval.c:627:9:BSP_COM_SelectLogPort	16	static
../Drivers/BSP/STM32H747I-EVAL/stm32h747i_eval.c:637:5:__io_putchar	16	static
../Drivers/BSP/STM32H747I-EVAL/stm32h747i_eval.c:1104:13:BUTTON_WAKEUP_EXTI_Callback	8	static
../Drivers/BSP/STM32H747I-EVAL/stm32h747i_eval.c:1113:13:BUTTON_TAMPER_EXTI_Callback	8	static
../Drivers/BSP/STM32H747I-EVAL/stm32h747i_eval.c:1122:13:BUTTON_USER_EXTI_Callback	8	static
../Drivers/BSP/STM32H747I-EVAL/stm32h747i_eval.c:1133:13:USART1_MspInit	48	static
../Drivers/BSP/STM32H747I-EVAL/stm32h747i_eval.c:1167:13:USART1_MspDeInit	40	static
