../../Middlewares/Third_Party/OpenAMP/open-amp/lib/include/openamp/rpmsg.h:147:19:rpmsg_send	32	static
../../Middlewares/Third_Party/OpenAMP/open-amp/lib/include/openamp/rpmsg.h:286:20:rpmsg_init_ept	24	static
../Core/Src/main.c:87:12:rpmsg_recv_callback	24	static
../Core/Src/main.c:98:14:receive_message	8	static
../Core/Src/main.c:108:6:service_destroy_cb	16	static
../Core/Src/main.c:116:6:new_service_cb	32	static
../Core/Src/main.c:135:5:main	48	static
../Core/Src/main.c:279:6:SystemClock_Config	120	static
../Core/Src/main.c:335:13:MX_CRYP_Init	8	static
../Core/Src/main.c:366:13:MX_RNG_Init	8	static
../Core/Src/main.c:400:13:MX_USART1_UART_Init	8	static
../Core/Src/main.c:455:13:MX_GPIO_Init	40	static
../Core/Src/main.c:485:6:MPU_Config	24	static
../Core/Src/main.c:516:6:Error_Handler	4	static,ignoring_inline_asm
