Archive member included to satisfy reference by file (symbol)

/Applications/STM32CubeIDE.app/Contents/Eclipse/plugins/com.st.stm32cube.ide.mcu.externaltools.gnu-tools-for-stm32.12.3.rel1.macos64_1.0.100.202403111906/tools/bin/../lib/gcc/arm-none-eabi/12.3.1/../../../../arm-none-eabi/lib/thumb/v7e-m+fp/hard/libc_nano.a(libc_a-assert.o)
                              ./Middlewares/Third_Party/OpenAMP/device.o (__assert_func)
/Applications/STM32CubeIDE.app/Contents/Eclipse/plugins/com.st.stm32cube.ide.mcu.externaltools.gnu-tools-for-stm32.12.3.rel1.macos64_1.0.100.202403111906/tools/bin/../lib/gcc/arm-none-eabi/12.3.1/../../../../arm-none-eabi/lib/thumb/v7e-m+fp/hard/libc_nano.a(libc_a-exit.o)
                              /Applications/STM32CubeIDE.app/Contents/Eclipse/plugins/com.st.stm32cube.ide.mcu.externaltools.gnu-tools-for-stm32.12.3.rel1.macos64_1.0.100.202403111906/tools/bin/../lib/gcc/arm-none-eabi/12.3.1/../../../../arm-none-eabi/lib/thumb/v7e-m+fp/hard/crt0.o (exit)
/Applications/STM32CubeIDE.app/Contents/Eclipse/plugins/com.st.stm32cube.ide.mcu.externaltools.gnu-tools-for-stm32.12.3.rel1.macos64_1.0.100.202403111906/tools/bin/../lib/gcc/arm-none-eabi/12.3.1/../../../../arm-none-eabi/lib/thumb/v7e-m+fp/hard/libc_nano.a(libc_a-malloc.o)
                              ./Middlewares/Third_Party/OpenAMP/remoteproc_virtio.o (malloc)
/Applications/STM32CubeIDE.app/Contents/Eclipse/plugins/com.st.stm32cube.ide.mcu.externaltools.gnu-tools-for-stm32.12.3.rel1.macos64_1.0.100.202403111906/tools/bin/../lib/gcc/arm-none-eabi/12.3.1/../../../../arm-none-eabi/lib/thumb/v7e-m+fp/hard/libc_nano.a(libc_a-mallocr.o)
                              /Applications/STM32CubeIDE.app/Contents/Eclipse/plugins/com.st.stm32cube.ide.mcu.externaltools.gnu-tools-for-stm32.12.3.rel1.macos64_1.0.100.202403111906/tools/bin/../lib/gcc/arm-none-eabi/12.3.1/../../../../arm-none-eabi/lib/thumb/v7e-m+fp/hard/libc_nano.a(libc_a-malloc.o) (_malloc_r)
/Applications/STM32CubeIDE.app/Contents/Eclipse/plugins/com.st.stm32cube.ide.mcu.externaltools.gnu-tools-for-stm32.12.3.rel1.macos64_1.0.100.202403111906/tools/bin/../lib/gcc/arm-none-eabi/12.3.1/../../../../arm-none-eabi/lib/thumb/v7e-m+fp/hard/libc_nano.a(libc_a-mlock.o)
                              /Applications/STM32CubeIDE.app/Contents/Eclipse/plugins/com.st.stm32cube.ide.mcu.externaltools.gnu-tools-for-stm32.12.3.rel1.macos64_1.0.100.202403111906/tools/bin/../lib/gcc/arm-none-eabi/12.3.1/../../../../arm-none-eabi/lib/thumb/v7e-m+fp/hard/libc_nano.a(libc_a-mallocr.o) (__malloc_lock)
/Applications/STM32CubeIDE.app/Contents/Eclipse/plugins/com.st.stm32cube.ide.mcu.externaltools.gnu-tools-for-stm32.12.3.rel1.macos64_1.0.100.202403111906/tools/bin/../lib/gcc/arm-none-eabi/12.3.1/../../../../arm-none-eabi/lib/thumb/v7e-m+fp/hard/libc_nano.a(libc_a-findfp.o)
                              /Applications/STM32CubeIDE.app/Contents/Eclipse/plugins/com.st.stm32cube.ide.mcu.externaltools.gnu-tools-for-stm32.12.3.rel1.macos64_1.0.100.202403111906/tools/bin/../lib/gcc/arm-none-eabi/12.3.1/../../../../arm-none-eabi/lib/thumb/v7e-m+fp/hard/libc_nano.a(libc_a-exit.o) (__stdio_exit_handler)
/Applications/STM32CubeIDE.app/Contents/Eclipse/plugins/com.st.stm32cube.ide.mcu.externaltools.gnu-tools-for-stm32.12.3.rel1.macos64_1.0.100.202403111906/tools/bin/../lib/gcc/arm-none-eabi/12.3.1/../../../../arm-none-eabi/lib/thumb/v7e-m+fp/hard/libc_nano.a(libc_a-fprintf.o)
                              /Applications/STM32CubeIDE.app/Contents/Eclipse/plugins/com.st.stm32cube.ide.mcu.externaltools.gnu-tools-for-stm32.12.3.rel1.macos64_1.0.100.202403111906/tools/bin/../lib/gcc/arm-none-eabi/12.3.1/../../../../arm-none-eabi/lib/thumb/v7e-m+fp/hard/libc_nano.a(libc_a-assert.o) (fiprintf)
/Applications/STM32CubeIDE.app/Contents/Eclipse/plugins/com.st.stm32cube.ide.mcu.externaltools.gnu-tools-for-stm32.12.3.rel1.macos64_1.0.100.202403111906/tools/bin/../lib/gcc/arm-none-eabi/12.3.1/../../../../arm-none-eabi/lib/thumb/v7e-m+fp/hard/libc_nano.a(libc_a-fwalk.o)
                              /Applications/STM32CubeIDE.app/Contents/Eclipse/plugins/com.st.stm32cube.ide.mcu.externaltools.gnu-tools-for-stm32.12.3.rel1.macos64_1.0.100.202403111906/tools/bin/../lib/gcc/arm-none-eabi/12.3.1/../../../../arm-none-eabi/lib/thumb/v7e-m+fp/hard/libc_nano.a(libc_a-findfp.o) (_fwalk_sglue)
/Applications/STM32CubeIDE.app/Contents/Eclipse/plugins/com.st.stm32cube.ide.mcu.externaltools.gnu-tools-for-stm32.12.3.rel1.macos64_1.0.100.202403111906/tools/bin/../lib/gcc/arm-none-eabi/12.3.1/../../../../arm-none-eabi/lib/thumb/v7e-m+fp/hard/libc_nano.a(libc_a-printf.o)
                              ./Core/Src/main.o (printf)
/Applications/STM32CubeIDE.app/Contents/Eclipse/plugins/com.st.stm32cube.ide.mcu.externaltools.gnu-tools-for-stm32.12.3.rel1.macos64_1.0.100.202403111906/tools/bin/../lib/gcc/arm-none-eabi/12.3.1/../../../../arm-none-eabi/lib/thumb/v7e-m+fp/hard/libc_nano.a(libc_a-puts.o)
                              ./Core/Src/main.o (puts)
[...]
Memory Configuration

Name             Origin             Length             Attributes
FLASH            0x08100000         0x00100000         xr
RAM              0x10000000         0x00048000         xrw
OPENAMP_RSC_TAB  0x38000000         0x00000400         xrw
OPEN_AMP_SHMEM   0x38000400         0x0000fc00         xrw
*default*        0x00000000         0xffffffff

Linker script and memory map

LOAD /Applications/STM32CubeIDE.app/Contents/Eclipse/plugins/com.st.stm32cube.ide.mcu.externaltools.gnu-tools-for-stm32.12.3.rel1.macos64_1.0.100.202403111906/tools/bin/../lib/gcc/arm-none-eabi/12.3.1/thumb/v7e-m+fp/hard/crti.o
LOAD /Applications/STM32CubeIDE.app/Contents/Eclipse/plugins/com.st.stm32cube.ide.mcu.externaltools.gnu-tools-for-stm32.12.3.rel1.macos64_1.0.100.202403111906/tools/bin/../lib/gcc/arm-none-eabi/12.3.1/thumb/v7e-m+fp/hard/crtbegin.o
LOAD /Applications/STM32CubeIDE.app/Contents/Eclipse/plugins/com.st.stm32cube.ide.mcu.externaltools.gnu-tools-for-stm32.12.3.rel1.macos64_1.0.100.202403111906/tools/bin/../lib/gcc/arm-none-eabi/12.3.1/../../../../arm-none-eabi/lib/thumb/v7e-m+fp/hard/crt0.o
LOAD ./Common/Src/system_stm32h7xx_dualcore_boot_cm4_cm7.o
LOAD ./Core/Src/main.o
LOAD ./Core/Src/resmgr_utility.o
LOAD ./Core/Src/stm32h7xx_hal_msp.o
LOAD ./Core/Src/stm32h7xx_it.o
LOAD ./Core/Src/syscalls.o
LOAD ./Core/Src/sysmem.o
LOAD ./Core/Startup/startup_stm32h757xihx.o
LOAD ./Drivers/BSP/Components/mfxstm32l152/mfxstm32l152.o
LOAD ./Drivers/BSP/Components/mfxstm32l152/mfxstm32l152_reg.o
LOAD ./Drivers/BSP/STM32H747I-EVAL/stm32h747i_eval.o
LOAD ./Drivers/BSP/STM32H747I-EVAL/stm32h747i_eval_bus.o
LOAD ./Drivers/BSP/STM32H747I-EVAL/stm32h747i_eval_io.o
LOAD ./Drivers/STM32H7xx_HAL_Driver/stm32h7xx_hal.o
LOAD ./Drivers/STM32H7xx_HAL_Driver/stm32h7xx_hal_adc.o
LOAD ./Drivers/STM32H7xx_HAL_Driver/stm32h7xx_hal_adc_ex.o
LOAD ./Drivers/STM32H7xx_HAL_Driver/stm32h7xx_hal_cortex.o
LOAD ./Drivers/STM32H7xx_HAL_Driver/stm32h7xx_hal_dma.o
LOAD ./Drivers/STM32H7xx_HAL_Driver/stm32h7xx_hal_dma_ex.o
LOAD ./Drivers/STM32H7xx_HAL_Driver/stm32h7xx_hal_exti.o
LOAD ./Drivers/STM32H7xx_HAL_Driver/stm32h7xx_hal_flash.o
LOAD ./Drivers/STM32H7xx_HAL_Driver/stm32h7xx_hal_flash_ex.o
LOAD ./Drivers/STM32H7xx_HAL_Driver/stm32h7xx_hal_gpio.o
LOAD ./Drivers/STM32H7xx_HAL_Driver/stm32h7xx_hal_hsem.o
LOAD ./Drivers/STM32H7xx_HAL_Driver/stm32h7xx_hal_i2c.o
LOAD ./Drivers/STM32H7xx_HAL_Driver/stm32h7xx_hal_i2c_ex.o
LOAD ./Drivers/STM32H7xx_HAL_Driver/stm32h7xx_hal_mdma.o
LOAD ./Drivers/STM32H7xx_HAL_Driver/stm32h7xx_hal_pwr.o
LOAD ./Drivers/STM32H7xx_HAL_Driver/stm32h7xx_hal_pwr_ex.o
LOAD ./Drivers/STM32H7xx_HAL_Driver/stm32h7xx_hal_rcc.o
LOAD ./Drivers/STM32H7xx_HAL_Driver/stm32h7xx_hal_rcc_ex.o
LOAD ./Drivers/STM32H7xx_HAL_Driver/stm32h7xx_hal_tim.o
LOAD ./Drivers/STM32H7xx_HAL_Driver/stm32h7xx_hal_tim_ex.o
LOAD ./Drivers/STM32H7xx_HAL_Driver/stm32h7xx_hal_uart.o
LOAD ./Drivers/STM32H7xx_HAL_Driver/stm32h7xx_hal_uart_ex.o
LOAD ./Middlewares/Third_Party/OpenAMP/condition.o
LOAD ./Middlewares/Third_Party/OpenAMP/device.o
LOAD ./Middlewares/Third_Party/OpenAMP/generic_device.o
LOAD ./Middlewares/Third_Party/OpenAMP/generic_init.o
LOAD ./Middlewares/Third_Party/OpenAMP/generic_io.o
LOAD ./Middlewares/Third_Party/OpenAMP/generic_shmem.o
LOAD ./Middlewares/Third_Party/OpenAMP/init.o
LOAD ./Middlewares/Third_Party/OpenAMP/io.o
LOAD ./Middlewares/Third_Party/OpenAMP/log.o
LOAD ./Middlewares/Third_Party/OpenAMP/remoteproc_virtio.o
LOAD ./Middlewares/Third_Party/OpenAMP/rpmsg.o
LOAD ./Middlewares/Third_Party/OpenAMP/rpmsg_virtio.o
LOAD ./Middlewares/Third_Party/OpenAMP/shmem.o
LOAD ./Middlewares/Third_Party/OpenAMP/sys.o
LOAD ./Middlewares/Third_Party/OpenAMP/time.o
LOAD ./Middlewares/Third_Party/OpenAMP/virtio.o
LOAD ./Middlewares/Third_Party/OpenAMP/virtqueue.o
LOAD ./OPENAMP/mbox_hsem.o
LOAD ./OPENAMP/openamp.o
LOAD ./OPENAMP/rsc_table.o
LOAD ./Utilities/res_mgr.o
START GROUP
LOAD /Applications/STM32CubeIDE.app/Contents/Eclipse/plugins/com.st.stm32cube.ide.mcu.externaltools.gnu-tools-for-stm32.12.3.rel1.macos64_1.0.100.202403111906/tools/bin/../lib/gcc/arm-none-eabi/12.3.1/../../../../arm-none-eabi/lib/thumb/v7e-m+fp/hard/libc_nano.a
LOAD /Applications/STM32CubeIDE.app/Contents/Eclipse/plugins/com.st.stm32cube.ide.mcu.externaltools.gnu-tools-for-stm32.12.3.rel1.macos64_1.0.100.202403111906/tools/bin/../lib/gcc/arm-none-eabi/12.3.1/../../../../arm-none-eabi/lib/thumb/v7e-m+fp/hard/libm.a
END GROUP
START GROUP
LOAD /Applications/STM32CubeIDE.app/Contents/Eclipse/plugins/com.st.stm32cube.ide.mcu.externaltools.gnu-tools-for-stm32.12.3.rel1.macos64_1.0.100.202403111906/tools/bin/../lib/gcc/arm-none-eabi/12.3.1/thumb/v7e-m+fp/hard/libgcc.a
LOAD /Applications/STM32CubeIDE.app/Contents/Eclipse/plugins/com.st.stm32cube.ide.mcu.externaltools.gnu-tools-for-stm32.12.3.rel1.macos64_1.0.100.202403111906/tools/bin/../lib/gcc/arm-none-eabi/12.3.1/../../../../arm-none-eabi/lib/thumb/v7e-m+fp/hard/libc_nano.a
END GROUP
START GROUP
LOAD /Applications/STM32CubeIDE.app/Contents/Eclipse/plugins/com.st.stm32cube.ide.mcu.externaltools.gnu-tools-for-stm32.12.3.rel1.macos64_1.0.100.202403111906/tools/bin/../lib/gcc/arm-none-eabi/12.3.1/thumb/v7e-m+fp/hard/libgcc.a
LOAD /Applications/STM32CubeIDE.app/Contents/Eclipse/plugins/com.st.stm32cube.ide.mcu.externaltools.gnu-tools-for-stm32.12.3.rel1.macos64_1.0.100.202403111906/tools/bin/../lib/gcc/arm-none-eabi/12.3.1/../../../../arm-none-eabi/lib/thumb/v7e-m+fp/hard/libc_nano.a
LOAD /Applications/STM32CubeIDE.app/Contents/Eclipse/plugins/com.st.stm32cube.ide.mcu.externaltools.gnu-tools-for-stm32.12.3.rel1.macos64_1.0.100.202403111906/tools/bin/../lib/gcc/arm-none-eabi/12.3.1/../../../../arm-none-eabi/lib/thumb/v7e-m+fp/hard/libnosys.a
END GROUP
START GROUP
LOAD /Applications/STM32CubeIDE.app/Contents/Eclipse/plugins/com.st.stm32cube.ide.mcu.externaltools.gnu-tools-for-stm32.12.3.rel1.macos64_1.0.100.202403111906/tools/bin/../lib/gcc/arm-none-eabi/12.3.1/thumb/v7e-m+fp/hard/libgcc.a
LOAD /Applications/STM32CubeIDE.app/Contents/Eclipse/plugins/com.st.stm32cube.ide.mcu.externaltools.gnu-tools-for-stm32.12.3.rel1.macos64_1.0.100.202403111906/tools/bin/../lib/gcc/arm-none-eabi/12.3.1/../../../../arm-none-eabi/lib/thumb/v7e-m+fp/hard/libc_nano.a
LOAD /Applications/STM32CubeIDE.app/Contents/Eclipse/plugins/com.st.stm32cube.ide.mcu.externaltools.gnu-tools-for-stm32.12.3.rel1.macos64_1.0.100.202403111906/tools/bin/../lib/gcc/arm-none-eabi/12.3.1/../../../../arm-none-eabi/lib/thumb/v7e-m+fp/hard/libnosys.a
END GROUP
LOAD /Applications/STM32CubeIDE.app/Contents/Eclipse/plugins/com.st.stm32cube.ide.mcu.externaltools.gnu-tools-for-stm32.12.3.rel1.macos64_1.0.100.202403111906/tools/bin/../lib/gcc/arm-none-eabi/12.3.1/thumb/v7e-m+fp/hard/crtend.o
LOAD /Applications/STM32CubeIDE.app/Contents/Eclipse/plugins/com.st.stm32cube.ide.mcu.externaltools.gnu-tools-for-stm32.12.3.rel1.macos64_1.0.100.202403111906/tools/bin/../lib/gcc/arm-none-eabi/12.3.1/thumb/v7e-m+fp/hard/crtn.o
                0x10048000                        _estack = 0x10048000
                0x00000200                        _Min_Heap_Size = 0x200
                0x00000400                        _Min_Stack_Size = 0x400
                0x38000400                        __OPENAMP_region_start__ = ORIGIN (OPEN_AMP_SHMEM)
                0x38010000                        __OPENAMP_region_end__ = (ORIGIN (OPEN_AMP_SHMEM) + LENGTH (OPEN_AMP_SHMEM))

.isr_vector     0x08100000      0x298
                0x08100000                        . = ALIGN (0x4)
 *(.isr_vector)
 .isr_vector    0x08100000      0x298 ./Core/Startup/startup_stm32h757xihx.o
                0x08100000                g_pfnVectors
                0x08100298                        . = ALIGN (0x4)

.text           0x081002a0     0xb41c
                0x081002a0                        . = ALIGN (0x4)
 *(.text)
 .text          0x081002a0       0x40 /Applications/STM32CubeIDE.app/Contents/Eclipse/plugins/com.st.stm32cube.ide.mcu.externaltools.gnu-tools-for-stm32.12.3.rel1.macos64_1.0.100.202403111906/tools/bin/../lib/gcc/arm-none-eabi/12.3.1/thumb/v7e-m+fp/hard/crtbegin.o
 .text          0x081002e0       0x14 /Applications/STM32CubeIDE.app/Contents/Eclipse/plugins/com.st.stm32cube.ide.mcu.externaltools.gnu-tools-for-stm32.12.3.rel1.macos64_1.0.100.202403111906/tools/bin/../lib/gcc/arm-none-eabi/12.3.1/../../../../arm-none-eabi/lib/thumb/v7e-m+fp/hard/libc_nano.a(libc_a-strcmp.o)
                0x081002e0                strcmp
 *fill*         0x081002f4        0xc 
 .text          0x08100300       0xa0 /Applications/STM32CubeIDE.app/Contents/Eclipse/plugins/com.st.stm32cube.ide.mcu.externaltools.gnu-tools-for-stm32.12.3.rel1.macos64_1.0.100.202403111906/tools/bin/../lib/gcc/arm-none-eabi/12.3.1/../../../../arm-none-eabi/lib/thumb/v7e-m+fp/hard/libc_nano.a(libc_a-memchr.o)
                0x08100300                memchr
 .text          0x081003a0       0x30 /Applications/STM32CubeIDE.app/Contents/Eclipse/plugins/com.st.stm32cube.ide.mcu.externaltools.gnu-tools-for-stm32.12.3.rel1.macos64_1.0.100.202403111906/tools/bin/../lib/gcc/arm-none-eabi/12.3.1/thumb/v7e-m+fp/hard/libgcc.a(_aeabi_uldivmod.o)
                0x081003a0                __aeabi_uldivmod
 .text          0x081003d0      0x2bc /Applications/STM32CubeIDE.app/Contents/Eclipse/plugins/com.st.stm32cube.ide.mcu.externaltools.gnu-tools-for-stm32.12.3.rel1.macos64_1.0.100.202403111906/tools/bin/../lib/gcc/arm-none-eabi/12.3.1/thumb/v7e-m+fp/hard/libgcc.a(_udivmoddi4.o)
                0x081003d0                __udivmoddi4
 .text          0x0810068c        0x4 /Applications/STM32CubeIDE.app/Contents/Eclipse/plugins/com.st.stm32cube.ide.mcu.externaltools.gnu-tools-for-stm32.12.3.rel1.macos64_1.0.100.202403111906/tools/bin/../lib/gcc/arm-none-eabi/12.3.1/thumb/v7e-m+fp/hard/libgcc.a(_dvmd_tls.o)
                0x0810068c                __aeabi_ldiv0
                0x0810068c                __aeabi_idiv0
 *(.text*)
 .text.SystemInit
                0x08100690       0x30 ./Common/Src/system_stm32h7xx_dualcore_boot_cm4_cm7.o
                0x08100690                SystemInit
 .text.rpmsg_send
                0x081006c0       0x40 ./Core/Src/main.o
 .text.rpmsg_recv_callback
                0x08100700       0x34 ./Core/Src/main.o
 .text.receive_message
                0x08100734       0x38 ./Core/Src/main.o
                0x08100734                receive_message
 .text.main     0x0810076c      0x1f0 ./Core/Src/main.o
                0x0810076c                main
 .text.MX_ADC1_Init
                0x0810095c       0xfc ./Core/Src/main.o
 .text.MX_GPIO_Init
                0x08100a58       0x88 ./Core/Src/main.o
 .text.Error_Handler
                0x08100ae0        0xc ./Core/Src/main.o
                0x08100ae0                Error_Handler
 .text.MX_RESMGR_UTILITY_Init
                0x08100aec       0x24 ./Core/Src/resmgr_utility.o
                0x08100aec                MX_RESMGR_UTILITY_Init
 .text.MX_RESMGR_UTILITY_SendMsg
                0x08100b10       0x4c ./Core/Src/resmgr_utility.o
                0x08100b10                MX_RESMGR_UTILITY_SendMsg
 .text.MX_RESMGR_UTILITY_Callback
                0x08100b5c       0x8c ./Core/Src/resmgr_utility.o
                0x08100b5c                MX_RESMGR_UTILITY_Callback
 .text.HAL_MspInit
                0x08100be8       0x50 ./Core/Src/stm32h7xx_hal_msp.o
                0x08100be8                HAL_MspInit
 .text.HAL_ADC_MspInit
                0x08100c38       0xdc ./Core/Src/stm32h7xx_hal_msp.o
                0x08100c38                HAL_ADC_MspInit
 .text.HAL_UART_MspInit
                0x08100d14       0x74 ./Core/Src/stm32h7xx_hal_msp.o
                0x08100d14                HAL_UART_MspInit
 .text.HAL_UART_MspDeInit
                0x08100d88       0x38 ./Core/Src/stm32h7xx_hal_msp.o
                0x08100d88                HAL_UART_MspDeInit
 .text.NMI_Handler
                0x08100dc0        0x8 ./Core/Src/stm32h7xx_it.o
                0x08100dc0                NMI_Handler
 .text.HardFault_Handler
                0x08100dc8        0x8 ./Core/Src/stm32h7xx_it.o
                0x08100dc8                HardFault_Handler
 .text.MemManage_Handler
                0x08100dd0        0x8 ./Core/Src/stm32h7xx_it.o
                0x08100dd0                MemManage_Handler
 .text.BusFault_Handler
                0x08100dd8        0x8 ./Core/Src/stm32h7xx_it.o
                0x08100dd8                BusFault_Handler
 .text.UsageFault_Handler
                0x08100de0        0x8 ./Core/Src/stm32h7xx_it.o
                0x08100de0                UsageFault_Handler
 .text.SVC_Handler
                0x08100de8        0xe ./Core/Src/stm32h7xx_it.o
                0x08100de8                SVC_Handler
 .text.DebugMon_Handler
                0x08100df6        0xe ./Core/Src/stm32h7xx_it.o
                0x08100df6                DebugMon_Handler
 .text.PendSV_Handler
                0x08100e04        0xe ./Core/Src/stm32h7xx_it.o
                0x08100e04                PendSV_Handler
 .text.SysTick_Handler
                0x08100e12        0xc ./Core/Src/stm32h7xx_it.o
                0x08100e12                SysTick_Handler
 *fill*         0x08100e1e        0x2 
 .text.ADC_IRQHandler
                0x08100e20       0x14 ./Core/Src/stm32h7xx_it.o
                0x08100e20                ADC_IRQHandler
 .text.CM7_SEV_IRQHandler
                0x08100e34        0xe ./Core/Src/stm32h7xx_it.o
                0x08100e34                CM7_SEV_IRQHandler
 .text.HSEM2_IRQHandler
                0x08100e42        0xc ./Core/Src/stm32h7xx_it.o
                0x08100e42                HSEM2_IRQHandler
 .text._getpid  0x08100e4e       0x10 ./Core/Src/syscalls.o
                0x08100e4e                _getpid
 *fill*         0x08100e5e        0x2 
 .text._kill    0x08100e60       0x24 ./Core/Src/syscalls.o
                0x08100e60                _kill
 .text._exit    0x08100e84       0x16 ./Core/Src/syscalls.o
                0x08100e84                _exit
 .text._read    0x08100e9a       0x3a ./Core/Src/syscalls.o
                0x08100e9a                _read
 .text._write   0x08100ed4       0x38 ./Core/Src/syscalls.o
                0x08100ed4                _write
 .text._close   0x08100f0c       0x18 ./Core/Src/syscalls.o
                0x08100f0c                _close
 .text._fstat   0x08100f24       0x20 ./Core/Src/syscalls.o
                0x08100f24                _fstat
 .text._isatty  0x08100f44       0x16 ./Core/Src/syscalls.o
                0x08100f44                _isatty
 .text._lseek   0x08100f5a       0x1a ./Core/Src/syscalls.o
                0x08100f5a                _lseek
 .text._sbrk    0x08100f74       0x70 ./Core/Src/sysmem.o
                0x08100f74                _sbrk
 .text.Reset_Handler
                0x08100fe4       0x50 ./Core/Startup/startup_stm32h757xihx.o
                0x08100fe4                Reset_Handler
 .text.Default_Handler
                0x08101034        0x2 ./Core/Startup/startup_stm32h757xihx.o
                0x08101034                DMA1_Stream3_IRQHandler
                0x08101034                HASH_RNG_IRQHandler
                0x08101034                EXTI2_IRQHandler
                0x08101034                TIM8_CC_IRQHandler
                0x08101034                HRTIM1_Master_IRQHandler
                0x08101034                UART8_IRQHandler
                0x08101034                SPI4_IRQHandler
                0x08101034                TIM1_CC_IRQHandler
                0x08101034                BDMA_Channel6_IRQHandler
                0x08101034                DMA2_Stream5_IRQHandler
                0x08101034                HRTIM1_FLT_IRQHandler
                0x08101034                JPEG_IRQHandler
                0x08101034                DMA1_Stream5_IRQHandler
                0x08101034                BDMA_Channel1_IRQHandler
                0x08101034                HRTIM1_TIMD_IRQHandler
                0x08101034                TAMP_STAMP_IRQHandler
                0x08101034                EXTI3_IRQHandler
                0x08101034                LPTIM4_IRQHandler
                0x08101034                TIM8_TRG_COM_TIM14_IRQHandler
                0x08101034                LPTIM2_IRQHandler
                0x08101034                DFSDM1_FLT1_IRQHandler
                0x08101034                DMAMUX2_OVR_IRQHandler
                0x08101034                TIM8_UP_TIM13_IRQHandler
                0x08101034                I2C3_ER_IRQHandler
                0x08101034                DFSDM1_FLT2_IRQHandler
                0x08101034                MDMA_IRQHandler
                0x08101034                LPTIM3_IRQHandler
                0x08101034                HSEM1_IRQHandler
                0x08101034                EXTI0_IRQHandler
                0x08101034                I2C2_EV_IRQHandler
                0x08101034                DMA1_Stream2_IRQHandler
                0x08101034                FPU_IRQHandler
                0x08101034                OTG_HS_WKUP_IRQHandler
                0x08101034                FDCAN1_IT1_IRQHandler
                0x08101034                LTDC_ER_IRQHandler
                0x08101034                DMA2_Stream2_IRQHandler
                0x08101034                HRTIM1_TIME_IRQHandler
                0x08101034                SPI1_IRQHandler
                0x08101034                TIM6_DAC_IRQHandler
                0x08101034                DCMI_IRQHandler
                0x08101034                HRTIM1_TIMC_IRQHandler
                0x08101034                DMA2_Stream3_IRQHandler
                0x08101034                SAI2_IRQHandler
                0x08101034                DFSDM1_FLT3_IRQHandler
                0x08101034                USART6_IRQHandler
                0x08101034                TIM17_IRQHandler
                0x08101034                USART3_IRQHandler
                0x08101034                BDMA_Channel7_IRQHandler
                0x08101034                CRYP_IRQHandler
                0x08101034                LPTIM5_IRQHandler
                0x08101034                UART5_IRQHandler
                0x08101034                ADC3_IRQHandler
                0x08101034                DMA2_Stream0_IRQHandler
                0x08101034                TIM4_IRQHandler
                0x08101034                BDMA_Channel2_IRQHandler
                0x08101034                QUADSPI_IRQHandler
                0x08101034                I2C1_EV_IRQHandler
                0x08101034                DMA1_Stream6_IRQHandler
                0x08101034                DMAMUX1_OVR_IRQHandler
                0x08101034                DMA1_Stream1_IRQHandler
                0x08101034                TIM16_IRQHandler
                0x08101034                UART4_IRQHandler
                0x08101034                BDMA_Channel5_IRQHandler
                0x08101034                TIM3_IRQHandler
                0x08101034                RCC_IRQHandler
                0x08101034                TIM8_BRK_TIM12_IRQHandler
                0x08101034                TIM1_TRG_COM_IRQHandler
                0x08101034                Default_Handler
                0x08101034                ECC_IRQHandler
                0x08101034                CEC_IRQHandler
                0x08101034                EXTI15_10_IRQHandler
                0x08101034                BDMA_Channel0_IRQHandler
                0x08101034                DMA1_Stream7_IRQHandler
                0x08101034                HRTIM1_TIMA_IRQHandler
                0x08101034                SPI5_IRQHandler
                0x08101034                TIM7_IRQHandler
                0x08101034                SDMMC1_IRQHandler
                0x08101034                TIM5_IRQHandler
                0x08101034                DMA2_Stream7_IRQHandler
                0x08101034                TIM15_IRQHandler
                0x08101034                PVD_AVD_IRQHandler
                0x08101034                I2C3_EV_IRQHandler
                0x08101034                EXTI9_5_IRQHandler
                0x08101034                RTC_WKUP_IRQHandler
                0x08101034                LTDC_IRQHandler
                0x08101034                SAI3_IRQHandler
                0x08101034                ETH_WKUP_IRQHandler
                0x08101034                SPDIF_RX_IRQHandler
                0x08101034                SPI2_IRQHandler
                0x08101034                OTG_HS_EP1_IN_IRQHandler
                0x08101034                DMA1_Stream0_IRQHandler
                0x08101034                CRS_IRQHandler
                0x08101034                EXTI4_IRQHandler
                0x08101034                CM4_SEV_IRQHandler
                0x08101034                HRTIM1_TIMB_IRQHandler
                0x08101034                FDCAN2_IT1_IRQHandler
                0x08101034                DSI_IRQHandler
                0x08101034                ETH_IRQHandler
                0x08101034                TIM1_UP_IRQHandler
                0x08101034                WWDG_RST_IRQHandler
                0x08101034                BDMA_Channel4_IRQHandler
                0x08101034                OTG_HS_EP1_OUT_IRQHandler
                0x08101034                WWDG_IRQHandler
                0x08101034                SPI6_IRQHandler
                0x08101034                MDIOS_IRQHandler
                0x08101034                I2C4_EV_IRQHandler
                0x08101034                FDCAN2_IT0_IRQHandler
                0x08101034                LPUART1_IRQHandler
                0x08101034                FDCAN1_IT0_IRQHandler
                0x08101034                TIM2_IRQHandler
                0x08101034                OTG_FS_WKUP_IRQHandler
                0x08101034                OTG_HS_IRQHandler
                0x08101034                DMA2D_IRQHandler
                0x08101034                TIM1_BRK_IRQHandler
                0x08101034                EXTI1_IRQHandler
                0x08101034                SDMMC2_IRQHandler
                0x08101034                OTG_FS_EP1_OUT_IRQHandler
                0x08101034                BDMA_Channel3_IRQHandler
                0x08101034                HOLD_CORE_IRQHandler
                0x08101034                UART7_IRQHandler
                0x08101034                MDIOS_WKUP_IRQHandler
                0x08101034                USART2_IRQHandler
                0x08101034                DFSDM1_FLT0_IRQHandler
                0x08101034                SAI4_IRQHandler
                0x08101034                I2C2_ER_IRQHandler
                0x08101034                DMA2_Stream1_IRQHandler
                0x08101034                FLASH_IRQHandler
                0x08101034                DMA2_Stream4_IRQHandler
                0x08101034                USART1_IRQHandler
                0x08101034                OTG_FS_IRQHandler
                0x08101034                SPI3_IRQHandler
                0x08101034                WAKEUP_PIN_IRQHandler
                0x08101034                DMA1_Stream4_IRQHandler
                0x08101034                OTG_FS_EP1_IN_IRQHandler
                0x08101034                I2C1_ER_IRQHandler
                0x08101034                FMC_IRQHandler
                0x08101034                FDCAN_CAL_IRQHandler
                0x08101034                SWPMI1_IRQHandler
                0x08101034                COMP1_IRQHandler
                0x08101034                LPTIM1_IRQHandler
                0x08101034                I2C4_ER_IRQHandler
                0x08101034                DMA2_Stream6_IRQHandler
                0x08101034                SAI1_IRQHandler
                0x08101034                RTC_Alarm_IRQHandler
 *fill*         0x08101036        0x2 
 .text.BSP_COM_Init
                0x08101038       0x80 ./Drivers/BSP/STM32H747I-EVAL/stm32h747i_eval.o
                0x08101038                BSP_COM_Init
 .text.BSP_COM_DeInit
                0x081010b8       0x5c ./Drivers/BSP/STM32H747I-EVAL/stm32h747i_eval.o
                0x081010b8                BSP_COM_DeInit
 .text.MX_USART1_Init
                0x08101114       0x64 ./Drivers/BSP/STM32H747I-EVAL/stm32h747i_eval.o
                0x08101114                MX_USART1_Init
 .text.__io_putchar
                0x08101178       0x38 ./Drivers/BSP/STM32H747I-EVAL/stm32h747i_eval.o
                0x08101178                __io_putchar
 .text.USART1_MspInit
                0x081011b0       0xb0 ./Drivers/BSP/STM32H747I-EVAL/stm32h747i_eval.o
 .text.USART1_MspDeInit
                0x08101260       0x48 ./Drivers/BSP/STM32H747I-EVAL/stm32h747i_eval.o
 .text.HAL_Init
                0x081012a8       0xbc ./Drivers/STM32H7xx_HAL_Driver/stm32h7xx_hal.o
                0x081012a8                HAL_Init
 .text.HAL_InitTick
                0x08101364       0x6c ./Drivers/STM32H7xx_HAL_Driver/stm32h7xx_hal.o
                0x08101364                HAL_InitTick
 .text.HAL_IncTick
                0x081013d0       0x28 ./Drivers/STM32H7xx_HAL_Driver/stm32h7xx_hal.o
                0x081013d0                HAL_IncTick
 .text.HAL_GetTick
                0x081013f8       0x18 ./Drivers/STM32H7xx_HAL_Driver/stm32h7xx_hal.o
                0x081013f8                HAL_GetTick
 .text.HAL_Delay
                0x08101410       0x48 ./Drivers/STM32H7xx_HAL_Driver/stm32h7xx_hal.o
                0x08101410                HAL_Delay
 .text.HAL_GetREVID
                0x08101458       0x18 ./Drivers/STM32H7xx_HAL_Driver/stm32h7xx_hal.o
                0x08101458                HAL_GetREVID
 .text.HAL_SYSCFG_AnalogSwitchConfig
                0x08101470       0x2c ./Drivers/STM32H7xx_HAL_Driver/stm32h7xx_hal.o
                0x08101470                HAL_SYSCFG_AnalogSwitchConfig
 .text.LL_ADC_SetCommonClock
                0x0810149c       0x26 ./Drivers/STM32H7xx_HAL_Driver/stm32h7xx_hal_adc.o
 .text.LL_ADC_SetCommonPathInternalCh
                0x081014c2       0x26 ./Drivers/STM32H7xx_HAL_Driver/stm32h7xx_hal_adc.o
 .text.LL_ADC_GetCommonPathInternalCh
                0x081014e8       0x1c ./Drivers/STM32H7xx_HAL_Driver/stm32h7xx_hal_adc.o
 .text.LL_ADC_SetOffset
                0x08101504       0x40 ./Drivers/STM32H7xx_HAL_Driver/stm32h7xx_hal_adc.o
 .text.LL_ADC_SetDataRightShift
                0x08101544       0x32 ./Drivers/STM32H7xx_HAL_Driver/stm32h7xx_hal_adc.o
 .text.LL_ADC_SetOffsetSignedSaturation
                0x08101576       0x36 ./Drivers/STM32H7xx_HAL_Driver/stm32h7xx_hal_adc.o
 .text.LL_ADC_REG_IsTriggerSourceSWStart
                0x081015ac       0x26 ./Drivers/STM32H7xx_HAL_Driver/stm32h7xx_hal_adc.o
 .text.LL_ADC_REG_SetSequencerRanks
                0x081015d2       0x58 ./Drivers/STM32H7xx_HAL_Driver/stm32h7xx_hal_adc.o
 .text.LL_ADC_INJ_IsTriggerSourceSWStart
                0x0810162a       0x26 ./Drivers/STM32H7xx_HAL_Driver/stm32h7xx_hal_adc.o
 .text.LL_ADC_SetChannelSamplingTime
                0x08101650       0x56 ./Drivers/STM32H7xx_HAL_Driver/stm32h7xx_hal_adc.o
 *fill*         0x081016a6        0x2 
 .text.LL_ADC_SetChannelSingleDiff
                0x081016a8       0x48 ./Drivers/STM32H7xx_HAL_Driver/stm32h7xx_hal_adc.o
 .text.LL_ADC_GetMultimode
                0x081016f0       0x1c ./Drivers/STM32H7xx_HAL_Driver/stm32h7xx_hal_adc.o
 .text.LL_ADC_GetMultiDMATransfer
                0x0810170c       0x1c ./Drivers/STM32H7xx_HAL_Driver/stm32h7xx_hal_adc.o
 .text.LL_ADC_DisableDeepPowerDown
                0x08101728       0x24 ./Drivers/STM32H7xx_HAL_Driver/stm32h7xx_hal_adc.o
 .text.LL_ADC_IsDeepPowerDownEnabled
                0x0810174c       0x28 ./Drivers/STM32H7xx_HAL_Driver/stm32h7xx_hal_adc.o
 .text.LL_ADC_EnableInternalRegulator
                0x08101774       0x28 ./Drivers/STM32H7xx_HAL_Driver/stm32h7xx_hal_adc.o
 .text.LL_ADC_IsInternalRegulatorEnabled
                0x0810179c       0x28 ./Drivers/STM32H7xx_HAL_Driver/stm32h7xx_hal_adc.o
 .text.LL_ADC_Enable
                0x081017c4       0x28 ./Drivers/STM32H7xx_HAL_Driver/stm32h7xx_hal_adc.o
 .text.LL_ADC_Disable
                0x081017ec       0x28 ./Drivers/STM32H7xx_HAL_Driver/stm32h7xx_hal_adc.o
 .text.LL_ADC_IsEnabled
                0x08101814       0x26 ./Drivers/STM32H7xx_HAL_Driver/stm32h7xx_hal_adc.o
 .text.LL_ADC_IsDisableOngoing
                0x0810183a       0x26 ./Drivers/STM32H7xx_HAL_Driver/stm32h7xx_hal_adc.o
 .text.LL_ADC_REG_StartConversion
                0x08101860       0x28 ./Drivers/STM32H7xx_HAL_Driver/stm32h7xx_hal_adc.o
 .text.LL_ADC_REG_StopConversion
                0x08101888       0x28 ./Drivers/STM32H7xx_HAL_Driver/stm32h7xx_hal_adc.o
 .text.LL_ADC_REG_IsConversionOngoing
                0x081018b0       0x26 ./Drivers/STM32H7xx_HAL_Driver/stm32h7xx_hal_adc.o
 .text.LL_ADC_INJ_StopConversion
                0x081018d6       0x28 ./Drivers/STM32H7xx_HAL_Driver/stm32h7xx_hal_adc.o
 .text.LL_ADC_INJ_IsConversionOngoing
                0x081018fe       0x26 ./Drivers/STM32H7xx_HAL_Driver/stm32h7xx_hal_adc.o
 .text.HAL_ADC_Init
                0x08101924      0x344 ./Drivers/STM32H7xx_HAL_Driver/stm32h7xx_hal_adc.o
                0x08101924                HAL_ADC_Init
 .text.HAL_ADC_Start
                0x08101c68      0x194 ./Drivers/STM32H7xx_HAL_Driver/stm32h7xx_hal_adc.o
                0x08101c68                HAL_ADC_Start
 .text.HAL_ADC_Stop
                0x08101dfc       0x66 ./Drivers/STM32H7xx_HAL_Driver/stm32h7xx_hal_adc.o
                0x08101dfc                HAL_ADC_Stop
 *fill*         0x08101e62        0x2 
 .text.HAL_ADC_PollForConversion
                0x08101e64      0x1e8 ./Drivers/STM32H7xx_HAL_Driver/stm32h7xx_hal_adc.o
                0x08101e64                HAL_ADC_PollForConversion
 .text.HAL_ADC_GetValue
                0x0810204c       0x1a ./Drivers/STM32H7xx_HAL_Driver/stm32h7xx_hal_adc.o
                0x0810204c                HAL_ADC_GetValue
 *fill*         0x08102066        0x2 
 .text.HAL_ADC_IRQHandler
                0x08102068      0x474 ./Drivers/STM32H7xx_HAL_Driver/stm32h7xx_hal_adc.o
                0x08102068                HAL_ADC_IRQHandler
 .text.HAL_ADC_ConvCpltCallback
                0x081024dc       0x14 ./Drivers/STM32H7xx_HAL_Driver/stm32h7xx_hal_adc.o
                0x081024dc                HAL_ADC_ConvCpltCallback
 .text.HAL_ADC_LevelOutOfWindowCallback
                0x081024f0       0x14 ./Drivers/STM32H7xx_HAL_Driver/stm32h7xx_hal_adc.o
                0x081024f0                HAL_ADC_LevelOutOfWindowCallback
 .text.HAL_ADC_ErrorCallback
                0x08102504       0x14 ./Drivers/STM32H7xx_HAL_Driver/stm32h7xx_hal_adc.o
                0x08102504                HAL_ADC_ErrorCallback
 .text.HAL_ADC_ConfigChannel
                0x08102518      0x6b8 ./Drivers/STM32H7xx_HAL_Driver/stm32h7xx_hal_adc.o
                0x08102518                HAL_ADC_ConfigChannel
 .text.ADC_ConversionStop
                0x08102bd0      0x178 ./Drivers/STM32H7xx_HAL_Driver/stm32h7xx_hal_adc.o
                0x08102bd0                ADC_ConversionStop
 .text.ADC_Enable
                0x08102d48      0x114 ./Drivers/STM32H7xx_HAL_Driver/stm32h7xx_hal_adc.o
                0x08102d48                ADC_Enable
 .text.ADC_Disable
                0x08102e5c       0xbe ./Drivers/STM32H7xx_HAL_Driver/stm32h7xx_hal_adc.o
                0x08102e5c                ADC_Disable
 *fill*         0x08102f1a        0x2 
 .text.ADC_ConfigureBoostMode
                0x08102f1c      0x218 ./Drivers/STM32H7xx_HAL_Driver/stm32h7xx_hal_adc.o
                0x08102f1c                ADC_ConfigureBoostMode
 .text.LL_ADC_IsEnabled
                0x08103134       0x26 ./Drivers/STM32H7xx_HAL_Driver/stm32h7xx_hal_adc_ex.o
 .text.LL_ADC_REG_IsConversionOngoing
                0x0810315a       0x26 ./Drivers/STM32H7xx_HAL_Driver/stm32h7xx_hal_adc_ex.o
 .text.HAL_ADCEx_InjectedConvCpltCallback
                0x08103180       0x14 ./Drivers/STM32H7xx_HAL_Driver/stm32h7xx_hal_adc_ex.o
                0x08103180                HAL_ADCEx_InjectedConvCpltCallback
 .text.HAL_ADCEx_InjectedQueueOverflowCallback
                0x08103194       0x14 ./Drivers/STM32H7xx_HAL_Driver/stm32h7xx_hal_adc_ex.o
                0x08103194                HAL_ADCEx_InjectedQueueOverflowCallback
 .text.HAL_ADCEx_LevelOutOfWindow2Callback
                0x081031a8       0x14 ./Drivers/STM32H7xx_HAL_Driver/stm32h7xx_hal_adc_ex.o
                0x081031a8                HAL_ADCEx_LevelOutOfWindow2Callback
 .text.HAL_ADCEx_LevelOutOfWindow3Callback
                0x081031bc       0x14 ./Drivers/STM32H7xx_HAL_Driver/stm32h7xx_hal_adc_ex.o
                0x081031bc                HAL_ADCEx_LevelOutOfWindow3Callback
 .text.HAL_ADCEx_EndOfSamplingCallback
                0x081031d0       0x14 ./Drivers/STM32H7xx_HAL_Driver/stm32h7xx_hal_adc_ex.o
                0x081031d0                HAL_ADCEx_EndOfSamplingCallback
 .text.HAL_ADCEx_MultiModeConfigChannel
                0x081031e4      0x1c4 ./Drivers/STM32H7xx_HAL_Driver/stm32h7xx_hal_adc_ex.o
                0x081031e4                HAL_ADCEx_MultiModeConfigChannel
 .text.__NVIC_SetPriorityGrouping
                0x081033a8       0x48 ./Drivers/STM32H7xx_HAL_Driver/stm32h7xx_hal_cortex.o
 .text.__NVIC_GetPriorityGrouping
                0x081033f0       0x1c ./Drivers/STM32H7xx_HAL_Driver/stm32h7xx_hal_cortex.o
 .text.__NVIC_EnableIRQ
                0x0810340c       0x3c ./Drivers/STM32H7xx_HAL_Driver/stm32h7xx_hal_cortex.o
 .text.__NVIC_SetPriority
                0x08103448       0x54 ./Drivers/STM32H7xx_HAL_Driver/stm32h7xx_hal_cortex.o
 .text.NVIC_EncodePriority
                0x0810349c       0x66 ./Drivers/STM32H7xx_HAL_Driver/stm32h7xx_hal_cortex.o
 *fill*         0x08103502        0x2 
 .text.SysTick_Config
                0x08103504       0x44 ./Drivers/STM32H7xx_HAL_Driver/stm32h7xx_hal_cortex.o
 .text.HAL_NVIC_SetPriorityGrouping
                0x08103548       0x16 ./Drivers/STM32H7xx_HAL_Driver/stm32h7xx_hal_cortex.o
                0x08103548                HAL_NVIC_SetPriorityGrouping
 .text.HAL_NVIC_SetPriority
                0x0810355e       0x34 ./Drivers/STM32H7xx_HAL_Driver/stm32h7xx_hal_cortex.o
                0x0810355e                HAL_NVIC_SetPriority
 .text.HAL_NVIC_EnableIRQ
                0x08103592       0x1c ./Drivers/STM32H7xx_HAL_Driver/stm32h7xx_hal_cortex.o
                0x08103592                HAL_NVIC_EnableIRQ
 .text.HAL_SYSTICK_Config
                0x081035ae       0x18 ./Drivers/STM32H7xx_HAL_Driver/stm32h7xx_hal_cortex.o
                0x081035ae                HAL_SYSTICK_Config
 *fill*         0x081035c6        0x2 
 .text.HAL_GetCurrentCPUID
                0x081035c8       0x28 ./Drivers/STM32H7xx_HAL_Driver/stm32h7xx_hal_cortex.o
                0x081035c8                HAL_GetCurrentCPUID
 .text.HAL_GPIO_Init
                0x081035f0      0x360 ./Drivers/STM32H7xx_HAL_Driver/stm32h7xx_hal_gpio.o
                0x081035f0                HAL_GPIO_Init
 .text.HAL_GPIO_DeInit
                0x08103950      0x214 ./Drivers/STM32H7xx_HAL_Driver/stm32h7xx_hal_gpio.o
                0x08103950                HAL_GPIO_DeInit
 .text.HAL_GPIO_WritePin
                0x08103b64       0x32 ./Drivers/STM32H7xx_HAL_Driver/stm32h7xx_hal_gpio.o
                0x08103b64                HAL_GPIO_WritePin
 *fill*         0x08103b96        0x2 
 .text.HAL_HSEM_FastTake
                0x08103b98       0x34 ./Drivers/STM32H7xx_HAL_Driver/stm32h7xx_hal_hsem.o
                0x08103b98                HAL_HSEM_FastTake
 .text.HAL_HSEM_Release
                0x08103bcc       0x28 ./Drivers/STM32H7xx_HAL_Driver/stm32h7xx_hal_hsem.o
                0x08103bcc                HAL_HSEM_Release
 .text.HAL_HSEM_ActivateNotification
                0x08103bf4       0x24 ./Drivers/STM32H7xx_HAL_Driver/stm32h7xx_hal_hsem.o
                0x08103bf4                HAL_HSEM_ActivateNotification
 .text.HAL_HSEM_IRQHandler
                0x08103c18       0x34 ./Drivers/STM32H7xx_HAL_Driver/stm32h7xx_hal_hsem.o
                0x08103c18                HAL_HSEM_IRQHandler
 .text.HAL_PWREx_EnterSTOPMode
                0x08103c4c       0xf4 ./Drivers/STM32H7xx_HAL_Driver/stm32h7xx_hal_pwr_ex.o
                0x08103c4c                HAL_PWREx_EnterSTOPMode
 .text.HAL_PWREx_ClearPendingEvent
                0x08103d40       0x1a ./Drivers/STM32H7xx_HAL_Driver/stm32h7xx_hal_pwr_ex.o
                0x08103d40                HAL_PWREx_ClearPendingEvent
 *fill*         0x08103d5a        0x2 
 .text.HAL_RCC_GetSysClockFreq
                0x08103d5c      0x2f4 ./Drivers/STM32H7xx_HAL_Driver/stm32h7xx_hal_rcc.o
                0x08103d5c                HAL_RCC_GetSysClockFreq
 .text.HAL_RCC_GetHCLKFreq
                0x08104050       0x64 ./Drivers/STM32H7xx_HAL_Driver/stm32h7xx_hal_rcc.o
                0x08104050                HAL_RCC_GetHCLKFreq
 .text.HAL_RCC_GetPCLK1Freq
                0x081040b4       0x2c ./Drivers/STM32H7xx_HAL_Driver/stm32h7xx_hal_rcc.o
                0x081040b4                HAL_RCC_GetPCLK1Freq
 .text.HAL_RCC_GetPCLK2Freq
                0x081040e0       0x2c ./Drivers/STM32H7xx_HAL_Driver/stm32h7xx_hal_rcc.o
                0x081040e0                HAL_RCC_GetPCLK2Freq
 .text.HAL_RCCEx_PeriphCLKConfig
                0x0810410c     0x1494 ./Drivers/STM32H7xx_HAL_Driver/stm32h7xx_hal_rcc_ex.o
                0x0810410c                HAL_RCCEx_PeriphCLKConfig
 .text.HAL_RCCEx_GetPeriphCLKFreq
                0x081055a0      0xb00 ./Drivers/STM32H7xx_HAL_Driver/stm32h7xx_hal_rcc_ex.o
                0x081055a0                HAL_RCCEx_GetPeriphCLKFreq
 .text.HAL_RCCEx_GetD3PCLK1Freq
                0x081060a0       0x2c ./Drivers/STM32H7xx_HAL_Driver/stm32h7xx_hal_rcc_ex.o
                0x081060a0                HAL_RCCEx_GetD3PCLK1Freq
 .text.HAL_RCCEx_GetPLL2ClockFreq
                0x081060cc      0x2a8 ./Drivers/STM32H7xx_HAL_Driver/stm32h7xx_hal_rcc_ex.o
                0x081060cc                HAL_RCCEx_GetPLL2ClockFreq
 .text.HAL_RCCEx_GetPLL3ClockFreq
                0x08106374      0x2a8 ./Drivers/STM32H7xx_HAL_Driver/stm32h7xx_hal_rcc_ex.o
                0x08106374                HAL_RCCEx_GetPLL3ClockFreq
 .text.HAL_RCCEx_GetPLL1ClockFreq
                0x0810661c      0x2a4 ./Drivers/STM32H7xx_HAL_Driver/stm32h7xx_hal_rcc_ex.o
                0x0810661c                HAL_RCCEx_GetPLL1ClockFreq
 .text.RCCEx_PLL2_Config
                0x081068c0      0x164 ./Drivers/STM32H7xx_HAL_Driver/stm32h7xx_hal_rcc_ex.o
 .text.RCCEx_PLL3_Config
                0x08106a24      0x164 ./Drivers/STM32H7xx_HAL_Driver/stm32h7xx_hal_rcc_ex.o
 .text.HAL_UART_Init
                0x08106b88       0xa0 ./Drivers/STM32H7xx_HAL_Driver/stm32h7xx_hal_uart.o
                0x08106b88                HAL_UART_Init
 .text.HAL_UART_DeInit
                0x08106c28       0x7e ./Drivers/STM32H7xx_HAL_Driver/stm32h7xx_hal_uart.o
                0x08106c28                HAL_UART_DeInit
 .text.HAL_UART_Transmit
                0x08106ca6      0x11c ./Drivers/STM32H7xx_HAL_Driver/stm32h7xx_hal_uart.o
                0x08106ca6                HAL_UART_Transmit
 *fill*         0x08106dc2        0x2 
 .text.UART_SetConfig
                0x08106dc4      0xad0 ./Drivers/STM32H7xx_HAL_Driver/stm32h7xx_hal_uart.o
                0x08106dc4                UART_SetConfig
 .text.UART_AdvFeatureConfig
                0x08107894      0x144 ./Drivers/STM32H7xx_HAL_Driver/stm32h7xx_hal_uart.o
                0x08107894                UART_AdvFeatureConfig
 .text.UART_CheckIdleState
                0x081079d8      0x154 ./Drivers/STM32H7xx_HAL_Driver/stm32h7xx_hal_uart.o
                0x081079d8                UART_CheckIdleState
 .text.UART_WaitOnFlagUntilTimeout
                0x08107b2c       0xda ./Drivers/STM32H7xx_HAL_Driver/stm32h7xx_hal_uart.o
                0x08107b2c                UART_WaitOnFlagUntilTimeout
 .text.UART_EndRxTransfer
                0x08107c06       0xcc ./Drivers/STM32H7xx_HAL_Driver/stm32h7xx_hal_uart.o
 .text.metal_list_init
                0x08107cd2       0x22 ./Middlewares/Third_Party/OpenAMP/device.o
 .text.metal_list_add_before
                0x08107cf4       0x34 ./Middlewares/Third_Party/OpenAMP/device.o
 .text.metal_list_add_tail
                0x08107d28       0x1a ./Middlewares/Third_Party/OpenAMP/device.o
 .text.__metal_cache_flush
                0x08107d42       0x1a ./Middlewares/Third_Party/OpenAMP/device.o
 .text.__metal_cache_invalidate
                0x08107d5c       0x1a ./Middlewares/Third_Party/OpenAMP/device.o
 .text.metal_cache_flush
                0x08107d76       0x1a ./Middlewares/Third_Party/OpenAMP/device.o
 .text.metal_cache_invalidate
                0x08107d90       0x1a ./Middlewares/Third_Party/OpenAMP/device.o
 *fill*         0x08107daa        0x2 
 .text.metal_bus_register
                0x08107dac       0x88 ./Middlewares/Third_Party/OpenAMP/device.o
                0x08107dac                metal_bus_register
 .text.metal_bus_find
                0x08107e34       0x60 ./Middlewares/Third_Party/OpenAMP/device.o
                0x08107e34                metal_bus_find
 .text.metal_device_open
                0x08107e94       0x7c ./Middlewares/Third_Party/OpenAMP/device.o
                0x08107e94                metal_device_open
 .text.metal_register_generic_device
                0x08107f10       0x4c ./Middlewares/Third_Party/OpenAMP/device.o
                0x08107f10                metal_register_generic_device
 .text.metal_generic_dev_open
                0x08107f5c       0x60 ./Middlewares/Third_Party/OpenAMP/device.o
                0x08107f5c                metal_generic_dev_open
 .text.metal_generic_dev_dma_map
                0x08107fbc       0xa2 ./Middlewares/Third_Party/OpenAMP/device.o
                0x08107fbc                metal_generic_dev_dma_map
 .text.metal_generic_dev_dma_unmap
                0x0810805e       0x56 ./Middlewares/Third_Party/OpenAMP/device.o
                0x0810805e                metal_generic_dev_dma_unmap
 .text.metal_generic_dev_sys_open
                0x081080b4       0x4e ./Middlewares/Third_Party/OpenAMP/generic_device.o
                0x081080b4                metal_generic_dev_sys_open
 *fill*         0x08108102        0x2 
 .text.metal_sys_init
                0x08108104       0x1c ./Middlewares/Third_Party/OpenAMP/generic_init.o
                0x08108104                metal_sys_init
 .text.metal_sys_io_mem_map
                0x08108120       0x7c ./Middlewares/Third_Party/OpenAMP/generic_io.o
                0x08108120                metal_sys_io_mem_map
 .text.metal_list_init
                0x0810819c       0x22 ./Middlewares/Third_Party/OpenAMP/init.o
 *fill*         0x081081be        0x2 
 .text.metal_init
                0x081081c0       0x64 ./Middlewares/Third_Party/OpenAMP/init.o
                0x081081c0                metal_init
 .text.metal_io_virt
                0x08108224       0x36 ./Middlewares/Third_Party/OpenAMP/io.o
 .text.metal_io_init
                0x0810825a       0x9e ./Middlewares/Third_Party/OpenAMP/io.o
                0x0810825a                metal_io_init
 .text.metal_io_block_read
                0x081082f8       0xee ./Middlewares/Third_Party/OpenAMP/io.o
                0x081082f8                metal_io_block_read
 .text.metal_io_block_write
                0x081083e6       0xec ./Middlewares/Third_Party/OpenAMP/io.o
                0x081083e6                metal_io_block_write
 .text.metal_default_log_handler
                0x081084d2       0x1a ./Middlewares/Third_Party/OpenAMP/log.o
                0x081084d2                metal_default_log_handler
 .text.metal_io_virt
                0x081084ec       0x36 ./Middlewares/Third_Party/OpenAMP/remoteproc_virtio.o
 .text.metal_io_virt_to_offset
                0x08108522       0x32 ./Middlewares/Third_Party/OpenAMP/remoteproc_virtio.o
 .text.metal_io_read
                0x08108554      0x104 ./Middlewares/Third_Party/OpenAMP/remoteproc_virtio.o
 .text.metal_allocate_memory
                0x08108658       0x18 ./Middlewares/Third_Party/OpenAMP/remoteproc_virtio.o
 .text.metal_free_memory
                0x08108670       0x16 ./Middlewares/Third_Party/OpenAMP/remoteproc_virtio.o
 .text.virtqueue_allocate
                0x08108686       0x32 ./Middlewares/Third_Party/OpenAMP/remoteproc_virtio.o
 .text.rproc_virtio_virtqueue_notify
                0x081086b8       0x68 ./Middlewares/Third_Party/OpenAMP/remoteproc_virtio.o
 .text.rproc_virtio_get_status
                0x08108720       0x44 ./Middlewares/Third_Party/OpenAMP/remoteproc_virtio.o
 .text.rproc_virtio_get_features
                0x08108764       0x44 ./Middlewares/Third_Party/OpenAMP/remoteproc_virtio.o
 .text.rproc_virtio_negotiate_features
                0x081087a8       0x18 ./Middlewares/Third_Party/OpenAMP/remoteproc_virtio.o
 .text.rproc_virtio_read_config
                0x081087c0       0x1a ./Middlewares/Third_Party/OpenAMP/remoteproc_virtio.o
 *fill*         0x081087da        0x2 
 .text.rproc_virtio_create_vdev
                0x081087dc      0x15c ./Middlewares/Third_Party/OpenAMP/remoteproc_virtio.o
                0x081087dc                rproc_virtio_create_vdev
 .text.rproc_virtio_init_vring
                0x08108938       0x62 ./Middlewares/Third_Party/OpenAMP/remoteproc_virtio.o
                0x08108938                rproc_virtio_init_vring
 .text.rproc_virtio_notified
                0x0810899a       0x78 ./Middlewares/Third_Party/OpenAMP/remoteproc_virtio.o
                0x0810899a                rproc_virtio_notified
 .text.rproc_virtio_wait_remote_ready
                0x08108a12       0x32 ./Middlewares/Third_Party/OpenAMP/remoteproc_virtio.o
                0x08108a12                rproc_virtio_wait_remote_ready
 .text.__metal_mutex_acquire
                0x08108a44       0x38 ./Middlewares/Third_Party/OpenAMP/rpmsg.o
 .text.__metal_mutex_release
                0x08108a7c       0x22 ./Middlewares/Third_Party/OpenAMP/rpmsg.o
 .text.metal_mutex_acquire
                0x08108a9e       0x16 ./Middlewares/Third_Party/OpenAMP/rpmsg.o
 .text.metal_mutex_release
                0x08108ab4       0x16 ./Middlewares/Third_Party/OpenAMP/rpmsg.o
 .text.metal_list_add_before
                0x08108aca       0x34 ./Middlewares/Third_Party/OpenAMP/rpmsg.o
 .text.metal_list_add_tail
                0x08108afe       0x1a ./Middlewares/Third_Party/OpenAMP/rpmsg.o
 .text.metal_list_del
                0x08108b18       0x36 ./Middlewares/Third_Party/OpenAMP/rpmsg.o
 .text.metal_bitmap_set_bit
                0x08108b4e       0x38 ./Middlewares/Third_Party/OpenAMP/rpmsg.o
 .text.metal_bitmap_is_bit_set
                0x08108b86       0x30 ./Middlewares/Third_Party/OpenAMP/rpmsg.o
 .text.metal_bitmap_clear_bit
                0x08108bb6       0x3a ./Middlewares/Third_Party/OpenAMP/rpmsg.o
 .text.metal_bitmap_is_bit_clear
                0x08108bf0       0x26 ./Middlewares/Third_Party/OpenAMP/rpmsg.o
 .text.metal_bitmap_next_clear_bit
                0x08108c16       0x3a ./Middlewares/Third_Party/OpenAMP/rpmsg.o
 .text.rpmsg_init_ept
                0x08108c50       0x3a ./Middlewares/Third_Party/OpenAMP/rpmsg.o
 .text.rpmsg_get_address
                0x08108c8a       0x3e ./Middlewares/Third_Party/OpenAMP/rpmsg.o
 .text.rpmsg_release_address
                0x08108cc8       0x24 ./Middlewares/Third_Party/OpenAMP/rpmsg.o
 .text.rpmsg_is_address_set
                0x08108cec       0x30 ./Middlewares/Third_Party/OpenAMP/rpmsg.o
 .text.rpmsg_set_address
                0x08108d1c       0x30 ./Middlewares/Third_Party/OpenAMP/rpmsg.o
 .text.rpmsg_send_offchannel_raw
                0x08108d4c       0x64 ./Middlewares/Third_Party/OpenAMP/rpmsg.o
                0x08108d4c                rpmsg_send_offchannel_raw
 .text.rpmsg_send_ns_message
                0x08108db0       0x50 ./Middlewares/Third_Party/OpenAMP/rpmsg.o
                0x08108db0                rpmsg_send_ns_message
 .text.rpmsg_get_endpoint
                0x08108e00       0xc0 ./Middlewares/Third_Party/OpenAMP/rpmsg.o
                0x08108e00                rpmsg_get_endpoint
 .text.rpmsg_unregister_endpoint
                0x08108ec0       0x44 ./Middlewares/Third_Party/OpenAMP/rpmsg.o
 .text.rpmsg_register_endpoint
                0x08108f04       0x28 ./Middlewares/Third_Party/OpenAMP/rpmsg.o
                0x08108f04                rpmsg_register_endpoint
 .text.rpmsg_create_ept
                0x08108f2c       0xfc ./Middlewares/Third_Party/OpenAMP/rpmsg.o
                0x08108f2c                rpmsg_create_ept
 .text.__metal_cache_invalidate
                0x08109028       0x1a ./Middlewares/Third_Party/OpenAMP/rpmsg_virtio.o
 .text.metal_cache_invalidate
                0x08109042       0x1a ./Middlewares/Third_Party/OpenAMP/rpmsg_virtio.o
 .text.__metal_sleep_usec
                0x0810905c       0x16 ./Middlewares/Third_Party/OpenAMP/rpmsg_virtio.o
 .text.metal_sleep_usec
                0x08109072       0x18 ./Middlewares/Third_Party/OpenAMP/rpmsg_virtio.o
 .text.metal_list_init
                0x0810908a       0x22 ./Middlewares/Third_Party/OpenAMP/rpmsg_virtio.o
 .text.metal_io_virt_to_offset
                0x081090ac       0x32 ./Middlewares/Third_Party/OpenAMP/rpmsg_virtio.o
 .text.__metal_mutex_init
                0x081090de       0x2c ./Middlewares/Third_Party/OpenAMP/rpmsg_virtio.o
 .text.__metal_mutex_acquire
                0x0810910a       0x38 ./Middlewares/Third_Party/OpenAMP/rpmsg_virtio.o
 .text.__metal_mutex_release
                0x08109142       0x22 ./Middlewares/Third_Party/OpenAMP/rpmsg_virtio.o
 .text.metal_mutex_init
                0x08109164       0x16 ./Middlewares/Third_Party/OpenAMP/rpmsg_virtio.o
 .text.metal_mutex_acquire
                0x0810917a       0x16 ./Middlewares/Third_Party/OpenAMP/rpmsg_virtio.o
 .text.metal_mutex_release
                0x08109190       0x16 ./Middlewares/Third_Party/OpenAMP/rpmsg_virtio.o
 .text.rpmsg_init_ept
                0x081091a6       0x3a ./Middlewares/Third_Party/OpenAMP/rpmsg_virtio.o
 .text.rpmsg_virtio_get_role
                0x081091e0       0x1a ./Middlewares/Third_Party/OpenAMP/rpmsg_virtio.o
 .text.rpmsg_virtio_set_status
                0x081091fa       0x26 ./Middlewares/Third_Party/OpenAMP/rpmsg_virtio.o
 .text.rpmsg_virtio_get_status
                0x08109220       0x22 ./Middlewares/Third_Party/OpenAMP/rpmsg_virtio.o
 .text.rpmsg_virtio_get_features
                0x08109242       0x22 ./Middlewares/Third_Party/OpenAMP/rpmsg_virtio.o
 .text.rpmsg_virtio_create_virtqueues
                0x08109264       0x2a ./Middlewares/Third_Party/OpenAMP/rpmsg_virtio.o
 .text.rpmsg_get_ept_from_addr
                0x0810928e       0x22 ./Middlewares/Third_Party/OpenAMP/rpmsg_virtio.o
 .text.rpmsg_virtio_init_shm_pool
                0x081092b0       0x5a ./Middlewares/Third_Party/OpenAMP/rpmsg_virtio.o
                0x081092b0                rpmsg_virtio_init_shm_pool
 .text.rpmsg_virtio_return_buffer
                0x0810930a       0x32 ./Middlewares/Third_Party/OpenAMP/rpmsg_virtio.o
 .text.rpmsg_virtio_enqueue_buffer
                0x0810933c       0x38 ./Middlewares/Third_Party/OpenAMP/rpmsg_virtio.o
 .text.rpmsg_virtio_get_tx_buffer
                0x08109374       0x38 ./Middlewares/Third_Party/OpenAMP/rpmsg_virtio.o
 .text.rpmsg_virtio_get_rx_buffer
                0x081093ac       0x4a ./Middlewares/Third_Party/OpenAMP/rpmsg_virtio.o
 .text.rpmsg_virtio_wait_remote_ready
                0x081093f6       0x3a ./Middlewares/Third_Party/OpenAMP/rpmsg_virtio.o
 .text._rpmsg_virtio_get_buffer_size
                0x08109430       0x34 ./Middlewares/Third_Party/OpenAMP/rpmsg_virtio.o
 .text.rpmsg_virtio_send_offchannel_raw
                0x08109464      0x154 ./Middlewares/Third_Party/OpenAMP/rpmsg_virtio.o
 .text.rpmsg_virtio_tx_callback
                0x081095b8       0x14 ./Middlewares/Third_Party/OpenAMP/rpmsg_virtio.o
 .text.rpmsg_virtio_rx_callback
                0x081095cc       0xec ./Middlewares/Third_Party/OpenAMP/rpmsg_virtio.o
 .text.rpmsg_virtio_ns_callback
                0x081096b8       0xe4 ./Middlewares/Third_Party/OpenAMP/rpmsg_virtio.o
 .text.rpmsg_init_vdev
                0x0810979c      0x138 ./Middlewares/Third_Party/OpenAMP/rpmsg_virtio.o
                0x0810979c                rpmsg_init_vdev
 .text.metal_machine_cache_flush
                0x081098d4       0x16 ./Middlewares/Third_Party/OpenAMP/sys.o
                0x081098d4                metal_machine_cache_flush
 .text.metal_machine_cache_invalidate
                0x081098ea       0x16 ./Middlewares/Third_Party/OpenAMP/sys.o
                0x081098ea                metal_machine_cache_invalidate
 .text.metal_machine_io_mem_map
                0x08109900       0x1c ./Middlewares/Third_Party/OpenAMP/sys.o
                0x08109900                metal_machine_io_mem_map
 .text.virtio_create_virtqueues
                0x0810991c       0x98 ./Middlewares/Third_Party/OpenAMP/virtio.o
                0x0810991c                virtio_create_virtqueues
 .text.vring_init
                0x081099b4       0x52 ./Middlewares/Third_Party/OpenAMP/virtqueue.o
 .text.vring_need_event
                0x08109a06       0x3c ./Middlewares/Third_Party/OpenAMP/virtqueue.o
 .text.metal_io_virt
                0x08109a42       0x36 ./Middlewares/Third_Party/OpenAMP/virtqueue.o
 .text.metal_io_phys
                0x08109a78       0x5c ./Middlewares/Third_Party/OpenAMP/virtqueue.o
 .text.metal_io_phys_to_offset
                0x08109ad4       0x60 ./Middlewares/Third_Party/OpenAMP/virtqueue.o
 .text.metal_io_phys_to_virt
                0x08109b34       0x26 ./Middlewares/Third_Party/OpenAMP/virtqueue.o
 .text.virtqueue_phys_to_virt
                0x08109b5a       0x22 ./Middlewares/Third_Party/OpenAMP/virtqueue.o
 .text.virtqueue_create
                0x08109b7c       0x68 ./Middlewares/Third_Party/OpenAMP/virtqueue.o
                0x08109b7c                virtqueue_create
 .text.virtqueue_get_available_buffer
                0x08109be4       0x8c ./Middlewares/Third_Party/OpenAMP/virtqueue.o
                0x08109be4                virtqueue_get_available_buffer
 .text.virtqueue_add_consumed_buffer
                0x08109c70       0x74 ./Middlewares/Third_Party/OpenAMP/virtqueue.o
                0x08109c70                virtqueue_add_consumed_buffer
 .text.virtqueue_disable_cb
                0x08109ce4       0x54 ./Middlewares/Third_Party/OpenAMP/virtqueue.o
                0x08109ce4                virtqueue_disable_cb
 .text.virtqueue_kick
                0x08109d38       0x2c ./Middlewares/Third_Party/OpenAMP/virtqueue.o
                0x08109d38                virtqueue_kick
 .text.virtqueue_get_desc_size
                0x08109d64       0x66 ./Middlewares/Third_Party/OpenAMP/virtqueue.o
                0x08109d64                virtqueue_get_desc_size
 .text.vq_ring_init
                0x08109dca       0x66 ./Middlewares/Third_Party/OpenAMP/virtqueue.o
 .text.virtqueue_notification
                0x08109e30       0x24 ./Middlewares/Third_Party/OpenAMP/virtqueue.o
                0x08109e30                virtqueue_notification
 .text.vq_ring_must_notify_host
                0x08109e54       0x6c ./Middlewares/Third_Party/OpenAMP/virtqueue.o
 .text.vq_ring_notify_host
                0x08109ec0       0x20 ./Middlewares/Third_Party/OpenAMP/virtqueue.o
 .text.HAL_HSEM_FreeCallback
                0x08109ee0       0x20 ./OPENAMP/mbox_hsem.o
                0x08109ee0                HAL_HSEM_FreeCallback
 .text.MAILBOX_Init
                0x08109f00       0x38 ./OPENAMP/mbox_hsem.o
                0x08109f00                MAILBOX_Init
 .text.MAILBOX_Poll
                0x08109f38       0x34 ./OPENAMP/mbox_hsem.o
                0x08109f38                MAILBOX_Poll
 .text.MAILBOX_Notify
                0x08109f6c       0x22 ./OPENAMP/mbox_hsem.o
                0x08109f6c                MAILBOX_Notify
 .text.metal_device_io_region
                0x08109f8e       0x36 ./OPENAMP/openamp.o
 .text.OPENAMP_shmem_init
                0x08109fc4      0x140 ./OPENAMP/openamp.o
 .text.MX_OPENAMP_Init
                0x0810a104      0x12c ./OPENAMP/openamp.o
                0x0810a104                MX_OPENAMP_Init
 .text.OPENAMP_create_endpoint
                0x0810a230       0x3c ./OPENAMP/openamp.o
                0x0810a230                OPENAMP_create_endpoint
 .text.OPENAMP_check_for_message
                0x0810a26c       0x18 ./OPENAMP/openamp.o
                0x0810a26c                OPENAMP_check_for_message
 .text.resource_table_init
                0x0810a284       0x38 ./OPENAMP/rsc_table.o
                0x0810a284                resource_table_init
 .text.ResMgr_Init
                0x0810a2bc      0x13c ./Utilities/res_mgr.o
                0x0810a2bc                ResMgr_Init
 .text.ResMgr_Request
                0x0810a3f8      0x220 ./Utilities/res_mgr.o
                0x0810a3f8                ResMgr_Request
 .text.__assert_func
                0x0810a618       0x3c /Applications/STM32CubeIDE.app/Contents/Eclipse/plugins/com.st.stm32cube.ide.mcu.externaltools.gnu-tools-for-stm32.12.3.rel1.macos64_1.0.100.202403111906/tools/bin/../lib/gcc/arm-none-eabi/12.3.1/../../../../arm-none-eabi/lib/thumb/v7e-m+fp/hard/libc_nano.a(libc_a-assert.o)
                0x0810a618                __assert_func
 .text.malloc   0x0810a654       0x10 /Applications/STM32CubeIDE.app/Contents/Eclipse/plugins/com.st.stm32cube.ide.mcu.externaltools.gnu-tools-for-stm32.12.3.rel1.macos64_1.0.100.202403111906/tools/bin/../lib/gcc/arm-none-eabi/12.3.1/../../../../arm-none-eabi/lib/thumb/v7e-m+fp/hard/libc_nano.a(libc_a-malloc.o)
                0x0810a654                malloc
 .text.free     0x0810a664       0x10 /Applications/STM32CubeIDE.app/Contents/Eclipse/plugins/com.st.stm32cube.ide.mcu.externaltools.gnu-tools-for-stm32.12.3.rel1.macos64_1.0.100.202403111906/tools/bin/../lib/gcc/arm-none-eabi/12.3.1/../../../../arm-none-eabi/lib/thumb/v7e-m+fp/hard/libc_nano.a(libc_a-malloc.o)
                0x0810a664                free
 .text.sbrk_aligned
                0x0810a674       0x44 /Applications/STM32CubeIDE.app/Contents/Eclipse/plugins/com.st.stm32cube.ide.mcu.externaltools.gnu-tools-for-stm32.12.3.rel1.macos64_1.0.100.202403111906/tools/bin/../lib/gcc/arm-none-eabi/12.3.1/../../../../arm-none-eabi/lib/thumb/v7e-m+fp/hard/libc_nano.a(libc_a-mallocr.o)
 .text._malloc_r
                0x0810a6b8      0x100 /Applications/STM32CubeIDE.app/Contents/Eclipse/plugins/com.st.stm32cube.ide.mcu.externaltools.gnu-tools-for-stm32.12.3.rel1.macos64_1.0.100.202403111906/tools/bin/../lib/gcc/arm-none-eabi/12.3.1/../../../../arm-none-eabi/lib/thumb/v7e-m+fp/hard/libc_nano.a(libc_a-mallocr.o)
                0x0810a6b8                _malloc_r
 .text.__malloc_lock
                0x0810a7b8        0xc /Applications/STM32CubeIDE.app/Contents/Eclipse/plugins/com.st.stm32cube.ide.mcu.externaltools.gnu-tools-for-stm32.12.3.rel1.macos64_1.0.100.202403111906/tools/bin/../lib/gcc/arm-none-eabi/12.3.1/../../../../arm-none-eabi/lib/thumb/v7e-m+fp/hard/libc_nano.a(libc_a-mlock.o)
                0x0810a7b8                __malloc_lock
 .text.__malloc_unlock
                0x0810a7c4        0xc /Applications/STM32CubeIDE.app/Contents/Eclipse/plugins/com.st.stm32cube.ide.mcu.externaltools.gnu-tools-for-stm32.12.3.rel1.macos64_1.0.100.202403111906/tools/bin/../lib/gcc/arm-none-eabi/12.3.1/../../../../arm-none-eabi/lib/thumb/v7e-m+fp/hard/libc_nano.a(libc_a-mlock.o)
                0x0810a7c4                __malloc_unlock
 .text.std      0x0810a7d0       0x6c /Applications/STM32CubeIDE.app/Contents/Eclipse/plugins/com.st.stm32cube.ide.mcu.externaltools.gnu-tools-for-stm32.12.3.rel1.macos64_1.0.100.202403111906/tools/bin/../lib/gcc/arm-none-eabi/12.3.1/../../../../arm-none-eabi/lib/thumb/v7e-m+fp/hard/libc_nano.a(libc_a-findfp.o)
 .text.stdio_exit_handler
                0x0810a83c       0x18 /Applications/STM32CubeIDE.app/Contents/Eclipse/plugins/com.st.stm32cube.ide.mcu.externaltools.gnu-tools-for-stm32.12.3.rel1.macos64_1.0.100.202403111906/tools/bin/../lib/gcc/arm-none-eabi/12.3.1/../../../../arm-none-eabi/lib/thumb/v7e-m+fp/hard/libc_nano.a(libc_a-findfp.o)
 .text.cleanup_stdio
                0x0810a854       0x40 /Applications/STM32CubeIDE.app/Contents/Eclipse/plugins/com.st.stm32cube.ide.mcu.externaltools.gnu-tools-for-stm32.12.3.rel1.macos64_1.0.100.202403111906/tools/bin/../lib/gcc/arm-none-eabi/12.3.1/../../../../arm-none-eabi/lib/thumb/v7e-m+fp/hard/libc_nano.a(libc_a-findfp.o)
 .text.global_stdio_init.part.0
                0x0810a894       0x3c /Applications/STM32CubeIDE.app/Contents/Eclipse/plugins/com.st.stm32cube.ide.mcu.externaltools.gnu-tools-for-stm32.12.3.rel1.macos64_1.0.100.202403111906/tools/bin/../lib/gcc/arm-none-eabi/12.3.1/../../../../arm-none-eabi/lib/thumb/v7e-m+fp/hard/libc_nano.a(libc_a-findfp.o)
 .text.__sfp_lock_acquire
                0x0810a8d0        0xc /Applications/STM32CubeIDE.app/Contents/Eclipse/plugins/com.st.stm32cube.ide.mcu.externaltools.gnu-tools-for-stm32.12.3.rel1.macos64_1.0.100.202403111906/tools/bin/../lib/gcc/arm-none-eabi/12.3.1/../../../../arm-none-eabi/lib/thumb/v7e-m+fp/hard/libc_nano.a(libc_a-findfp.o)
                0x0810a8d0                __sfp_lock_acquire
 .text.__sfp_lock_release
                0x0810a8dc        0xc /Applications/STM32CubeIDE.app/Contents/Eclipse/plugins/com.st.stm32cube.ide.mcu.externaltools.gnu-tools-for-stm32.12.3.rel1.macos64_1.0.100.202403111906/tools/bin/../lib/gcc/arm-none-eabi/12.3.1/../../../../arm-none-eabi/lib/thumb/v7e-m+fp/hard/libc_nano.a(libc_a-findfp.o)
                0x0810a8dc                __sfp_lock_release
 .text.__sinit  0x0810a8e8       0x30 /Applications/STM32CubeIDE.app/Contents/Eclipse/plugins/com.st.stm32cube.ide.mcu.externaltools.gnu-tools-for-stm32.12.3.rel1.macos64_1.0.100.202403111906/tools/bin/../lib/gcc/arm-none-eabi/12.3.1/../../../../arm-none-eabi/lib/thumb/v7e-m+fp/hard/libc_nano.a(libc_a-findfp.o)
                0x0810a8e8                __sinit
 .text.fprintf  0x0810a918       0x24 /Applications/STM32CubeIDE.app/Contents/Eclipse/plugins/com.st.stm32cube.ide.mcu.externaltools.gnu-tools-for-stm32.12.3.rel1.macos64_1.0.100.202403111906/tools/bin/../lib/gcc/arm-none-eabi/12.3.1/../../../../arm-none-eabi/lib/thumb/v7e-m+fp/hard/libc_nano.a(libc_a-fprintf.o)
                0x0810a918                fprintf
                0x0810a918                fiprintf
 .text._fwalk_sglue
                0x0810a93c       0x3c /Applications/STM32CubeIDE.app/Contents/Eclipse/plugins/com.st.stm32cube.ide.mcu.externaltools.gnu-tools-for-stm32.12.3.rel1.macos64_1.0.100.202403111906/tools/bin/../lib/gcc/arm-none-eabi/12.3.1/../../../../arm-none-eabi/lib/thumb/v7e-m+fp/hard/libc_nano.a(libc_a-fwalk.o)
                0x0810a93c                _fwalk_sglue
 .text.printf   0x0810a978       0x24 /Applications/STM32CubeIDE.app/Contents/Eclipse/plugins/com.st.stm32cube.ide.mcu.externaltools.gnu-tools-for-stm32.12.3.rel1.macos64_1.0.100.202403111906/tools/bin/../lib/gcc/arm-none-eabi/12.3.1/../../../../arm-none-eabi/lib/thumb/v7e-m+fp/hard/libc_nano.a(libc_a-printf.o)
                0x0810a978                printf
                0x0810a978                iprintf
 .text._puts_r  0x0810a99c       0xaa /Applications/STM32CubeIDE.app/Contents/Eclipse/plugins/com.st.stm32cube.ide.mcu.externaltools.gnu-tools-for-stm32.12.3.rel1.macos64_1.0.100.202403111906/tools/bin/../lib/gcc/arm-none-eabi/12.3.1/../../../../arm-none-eabi/lib/thumb/v7e-m+fp/hard/libc_nano.a(libc_a-puts.o)
                0x0810a99c                _puts_r
 *fill*         0x0810aa46        0x2 
 .text.puts     0x0810aa48       0x10 /Applications/STM32CubeIDE.app/Contents/Eclipse/plugins/com.st.stm32cube.ide.mcu.externaltools.gnu-tools-for-stm32.12.3.rel1.macos64_1.0.100.202403111906/tools/bin/../lib/gcc/arm-none-eabi/12.3.1/../../../../arm-none-eabi/lib/thumb/v7e-m+fp/hard/libc_nano.a(libc_a-puts.o)
                0x0810aa48                puts
 .text.strncmp  0x0810aa58       0x24 /Applications/STM32CubeIDE.app/Contents/Eclipse/plugins/com.st.stm32cube.ide.mcu.externaltools.gnu-tools-for-stm32.12.3.rel1.macos64_1.0.100.202403111906/tools/bin/../lib/gcc/arm-none-eabi/12.3.1/../../../../arm-none-eabi/lib/thumb/v7e-m+fp/hard/libc_nano.a(libc_a-strncmp.o)
                0x0810aa58                strncmp
 .text.strncpy  0x0810aa7c       0x26 /Applications/STM32CubeIDE.app/Contents/Eclipse/plugins/com.st.stm32cube.ide.mcu.externaltools.gnu-tools-for-stm32.12.3.rel1.macos64_1.0.100.202403111906/tools/bin/../lib/gcc/arm-none-eabi/12.3.1/../../../../arm-none-eabi/lib/thumb/v7e-m+fp/hard/libc_nano.a(libc_a-strncpy.o)
                0x0810aa7c                strncpy
 .text.memset   0x0810aaa2       0x10 /Applications/STM32CubeIDE.app/Contents/Eclipse/plugins/com.st.stm32cube.ide.mcu.externaltools.gnu-tools-for-stm32.12.3.rel1.macos64_1.0.100.202403111906/tools/bin/../lib/gcc/arm-none-eabi/12.3.1/../../../../arm-none-eabi/lib/thumb/v7e-m+fp/hard/libc_nano.a(libc_a-memset.o)
                0x0810aaa2                memset
 *fill*         0x0810aab2        0x2 
 .text._sbrk_r  0x0810aab4       0x20 /Applications/STM32CubeIDE.app/Contents/Eclipse/plugins/com.st.stm32cube.ide.mcu.externaltools.gnu-tools-for-stm32.12.3.rel1.macos64_1.0.100.202403111906/tools/bin/../lib/gcc/arm-none-eabi/12.3.1/../../../../arm-none-eabi/lib/thumb/v7e-m+fp/hard/libc_nano.a(libc_a-sbrkr.o)
                0x0810aab4                _sbrk_r
 .text.__libc_init_array
                0x0810aad4       0x48 /Applications/STM32CubeIDE.app/Contents/Eclipse/plugins/com.st.stm32cube.ide.mcu.externaltools.gnu-tools-for-stm32.12.3.rel1.macos64_1.0.100.202403111906/tools/bin/../lib/gcc/arm-none-eabi/12.3.1/../../../../arm-none-eabi/lib/thumb/v7e-m+fp/hard/libc_nano.a(libc_a-init.o)
                0x0810aad4                __libc_init_array
 .text.__retarget_lock_init_recursive
                0x0810ab1c        0x2 /Applications/STM32CubeIDE.app/Contents/Eclipse/plugins/com.st.stm32cube.ide.mcu.externaltools.gnu-tools-for-stm32.12.3.rel1.macos64_1.0.100.202403111906/tools/bin/../lib/gcc/arm-none-eabi/12.3.1/../../../../arm-none-eabi/lib/thumb/v7e-m+fp/hard/libc_nano.a(libc_a-lock.o)
                0x0810ab1c                __retarget_lock_init_recursive
 .text.__retarget_lock_acquire_recursive
                0x0810ab1e        0x2 /Applications/STM32CubeIDE.app/Contents/Eclipse/plugins/com.st.stm32cube.ide.mcu.externaltools.gnu-tools-for-stm32.12.3.rel1.macos64_1.0.100.202403111906/tools/bin/../lib/gcc/arm-none-eabi/12.3.1/../../../../arm-none-eabi/lib/thumb/v7e-m+fp/hard/libc_nano.a(libc_a-lock.o)
                0x0810ab1e                __retarget_lock_acquire_recursive
 .text.__retarget_lock_release_recursive
                0x0810ab20        0x2 /Applications/STM32CubeIDE.app/Contents/Eclipse/plugins/com.st.stm32cube.ide.mcu.externaltools.gnu-tools-for-stm32.12.3.rel1.macos64_1.0.100.202403111906/tools/bin/../lib/gcc/arm-none-eabi/12.3.1/../../../../arm-none-eabi/lib/thumb/v7e-m+fp/hard/libc_nano.a(libc_a-lock.o)
                0x0810ab20                __retarget_lock_release_recursive
 .text.memcpy   0x0810ab22       0x1c /Applications/STM32CubeIDE.app/Contents/Eclipse/plugins/com.st.stm32cube.ide.mcu.externaltools.gnu-tools-for-stm32.12.3.rel1.macos64_1.0.100.202403111906/tools/bin/../lib/gcc/arm-none-eabi/12.3.1/../../../../arm-none-eabi/lib/thumb/v7e-m+fp/hard/libc_nano.a(libc_a-memcpy-stub.o)
                0x0810ab22                memcpy
 .text.abort    0x0810ab3e        0xe /Applications/STM32CubeIDE.app/Contents/Eclipse/plugins/com.st.stm32cube.ide.mcu.externaltools.gnu-tools-for-stm32.12.3.rel1.macos64_1.0.100.202403111906/tools/bin/../lib/gcc/arm-none-eabi/12.3.1/../../../../arm-none-eabi/lib/thumb/v7e-m+fp/hard/libc_nano.a(libc_a-abort.o)
                0x0810ab3e                abort
 .text._free_r  0x0810ab4c       0x94 /Applications/STM32CubeIDE.app/Contents/Eclipse/plugins/com.st.stm32cube.ide.mcu.externaltools.gnu-tools-for-stm32.12.3.rel1.macos64_1.0.100.202403111906/tools/bin/../lib/gcc/arm-none-eabi/12.3.1/../../../../arm-none-eabi/lib/thumb/v7e-m+fp/hard/libc_nano.a(libc_a-freer.o)
                0x0810ab4c                _free_r
 .text.__sfputc_r
                0x0810abe0       0x2e /Applications/STM32CubeIDE.app/Contents/Eclipse/plugins/com.st.stm32cube.ide.mcu.externaltools.gnu-tools-for-stm32.12.3.rel1.macos64_1.0.100.202403111906/tools/bin/../lib/gcc/arm-none-eabi/12.3.1/../../../../arm-none-eabi/lib/thumb/v7e-m+fp/hard/libc_nano.a(libc_a-nano-vfprintf.o)
 .text.__sfputs_r
                0x0810ac0e       0x24 /Applications/STM32CubeIDE.app/Contents/Eclipse/plugins/com.st.stm32cube.ide.mcu.externaltools.gnu-tools-for-stm32.12.3.rel1.macos64_1.0.100.202403111906/tools/bin/../lib/gcc/arm-none-eabi/12.3.1/../../../../arm-none-eabi/lib/thumb/v7e-m+fp/hard/libc_nano.a(libc_a-nano-vfprintf.o)
                0x0810ac0e                __sfputs_r
 *fill*         0x0810ac32        0x2 
 .text._vfprintf_r
                0x0810ac34      0x230 /Applications/STM32CubeIDE.app/Contents/Eclipse/plugins/com.st.stm32cube.ide.mcu.externaltools.gnu-tools-for-stm32.12.3.rel1.macos64_1.0.100.202403111906/tools/bin/../lib/gcc/arm-none-eabi/12.3.1/../../../../arm-none-eabi/lib/thumb/v7e-m+fp/hard/libc_nano.a(libc_a-nano-vfprintf.o)
                0x0810ac34                _vfiprintf_r
                0x0810ac34                _vfprintf_r
 .text._printf_common
                0x0810ae64       0xda /Applications/STM32CubeIDE.app/Contents/Eclipse/plugins/com.st.stm32cube.ide.mcu.externaltools.gnu-tools-for-stm32.12.3.rel1.macos64_1.0.100.202403111906/tools/bin/../lib/gcc/arm-none-eabi/12.3.1/../../../../arm-none-eabi/lib/thumb/v7e-m+fp/hard/libc_nano.a(libc_a-nano-vfprintf_i.o)
                0x0810ae64                _printf_common
 *fill*         0x0810af3e        0x2 
 .text._printf_i
                0x0810af40      0x240 /Applications/STM32CubeIDE.app/Contents/Eclipse/plugins/com.st.stm32cube.ide.mcu.externaltools.gnu-tools-for-stm32.12.3.rel1.macos64_1.0.100.202403111906/tools/bin/../lib/gcc/arm-none-eabi/12.3.1/../../../../arm-none-eabi/lib/thumb/v7e-m+fp/hard/libc_nano.a(libc_a-nano-vfprintf_i.o)
                0x0810af40                _printf_i
 .text.__sflush_r
                0x0810b180      0x108 /Applications/STM32CubeIDE.app/Contents/Eclipse/plugins/com.st.stm32cube.ide.mcu.externaltools.gnu-tools-for-stm32.12.3.rel1.macos64_1.0.100.202403111906/tools/bin/../lib/gcc/arm-none-eabi/12.3.1/../../../../arm-none-eabi/lib/thumb/v7e-m+fp/hard/libc_nano.a(libc_a-fflush.o)
                0x0810b180                __sflush_r
 .text._fflush_r
                0x0810b288       0x50 /Applications/STM32CubeIDE.app/Contents/Eclipse/plugins/com.st.stm32cube.ide.mcu.externaltools.gnu-tools-for-stm32.12.3.rel1.macos64_1.0.100.202403111906/tools/bin/../lib/gcc/arm-none-eabi/12.3.1/../../../../arm-none-eabi/lib/thumb/v7e-m+fp/hard/libc_nano.a(libc_a-fflush.o)
                0x0810b288                _fflush_r
 .text.__sread  0x0810b2d8       0x22 /Applications/STM32CubeIDE.app/Contents/Eclipse/plugins/com.st.stm32cube.ide.mcu.externaltools.gnu-tools-for-stm32.12.3.rel1.macos64_1.0.100.202403111906/tools/bin/../lib/gcc/arm-none-eabi/12.3.1/../../../../arm-none-eabi/lib/thumb/v7e-m+fp/hard/libc_nano.a(libc_a-stdio.o)
                0x0810b2d8                __sread
 .text.__swrite
                0x0810b2fa       0x38 /Applications/STM32CubeIDE.app/Contents/Eclipse/plugins/com.st.stm32cube.ide.mcu.externaltools.gnu-tools-for-stm32.12.3.rel1.macos64_1.0.100.202403111906/tools/bin/../lib/gcc/arm-none-eabi/12.3.1/../../../../arm-none-eabi/lib/thumb/v7e-m+fp/hard/libc_nano.a(libc_a-stdio.o)
                0x0810b2fa                __swrite
 .text.__sseek  0x0810b332       0x24 /Applications/STM32CubeIDE.app/Contents/Eclipse/plugins/com.st.stm32cube.ide.mcu.externaltools.gnu-tools-for-stm32.12.3.rel1.macos64_1.0.100.202403111906/tools/bin/../lib/gcc/arm-none-eabi/12.3.1/../../../../arm-none-eabi/lib/thumb/v7e-m+fp/hard/libc_nano.a(libc_a-stdio.o)
                0x0810b332                __sseek
 .text.__sclose
                0x0810b356        0x8 /Applications/STM32CubeIDE.app/Contents/Eclipse/plugins/com.st.stm32cube.ide.mcu.externaltools.gnu-tools-for-stm32.12.3.rel1.macos64_1.0.100.202403111906/tools/bin/../lib/gcc/arm-none-eabi/12.3.1/../../../../arm-none-eabi/lib/thumb/v7e-m+fp/hard/libc_nano.a(libc_a-stdio.o)
                0x0810b356                __sclose
 .text.__swbuf_r
                0x0810b35e       0x7c /Applications/STM32CubeIDE.app/Contents/Eclipse/plugins/com.st.stm32cube.ide.mcu.externaltools.gnu-tools-for-stm32.12.3.rel1.macos64_1.0.100.202403111906/tools/bin/../lib/gcc/arm-none-eabi/12.3.1/../../../../arm-none-eabi/lib/thumb/v7e-m+fp/hard/libc_nano.a(libc_a-wbuf.o)
                0x0810b35e                __swbuf_r
 *fill*         0x0810b3da        0x2 
 .text.__swsetup_r
                0x0810b3dc       0xac /Applications/STM32CubeIDE.app/Contents/Eclipse/plugins/com.st.stm32cube.ide.mcu.externaltools.gnu-tools-for-stm32.12.3.rel1.macos64_1.0.100.202403111906/tools/bin/../lib/gcc/arm-none-eabi/12.3.1/../../../../arm-none-eabi/lib/thumb/v7e-m+fp/hard/libc_nano.a(libc_a-wsetup.o)
                0x0810b3dc                __swsetup_r
 .text.__swhatbuf_r
                0x0810b488       0x4c /Applications/STM32CubeIDE.app/Contents/Eclipse/plugins/com.st.stm32cube.ide.mcu.externaltools.gnu-tools-for-stm32.12.3.rel1.macos64_1.0.100.202403111906/tools/bin/../lib/gcc/arm-none-eabi/12.3.1/../../../../arm-none-eabi/lib/thumb/v7e-m+fp/hard/libc_nano.a(libc_a-makebuf.o)
                0x0810b488                __swhatbuf_r
 .text.__smakebuf_r
                0x0810b4d4       0x78 /Applications/STM32CubeIDE.app/Contents/Eclipse/plugins/com.st.stm32cube.ide.mcu.externaltools.gnu-tools-for-stm32.12.3.rel1.macos64_1.0.100.202403111906/tools/bin/../lib/gcc/arm-none-eabi/12.3.1/../../../../arm-none-eabi/lib/thumb/v7e-m+fp/hard/libc_nano.a(libc_a-makebuf.o)
                0x0810b4d4                __smakebuf_r
 .text._close_r
                0x0810b54c       0x20 /Applications/STM32CubeIDE.app/Contents/Eclipse/plugins/com.st.stm32cube.ide.mcu.externaltools.gnu-tools-for-stm32.12.3.rel1.macos64_1.0.100.202403111906/tools/bin/../lib/gcc/arm-none-eabi/12.3.1/../../../../arm-none-eabi/lib/thumb/v7e-m+fp/hard/libc_nano.a(libc_a-closer.o)
                0x0810b54c                _close_r
 .text._fstat_r
                0x0810b56c       0x24 /Applications/STM32CubeIDE.app/Contents/Eclipse/plugins/com.st.stm32cube.ide.mcu.externaltools.gnu-tools-for-stm32.12.3.rel1.macos64_1.0.100.202403111906/tools/bin/../lib/gcc/arm-none-eabi/12.3.1/../../../../arm-none-eabi/lib/thumb/v7e-m+fp/hard/libc_nano.a(libc_a-fstatr.o)
                0x0810b56c                _fstat_r
 .text._isatty_r
                0x0810b590       0x20 /Applications/STM32CubeIDE.app/Contents/Eclipse/plugins/com.st.stm32cube.ide.mcu.externaltools.gnu-tools-for-stm32.12.3.rel1.macos64_1.0.100.202403111906/tools/bin/../lib/gcc/arm-none-eabi/12.3.1/../../../../arm-none-eabi/lib/thumb/v7e-m+fp/hard/libc_nano.a(libc_a-isattyr.o)
                0x0810b590                _isatty_r
 .text._lseek_r
                0x0810b5b0       0x24 /Applications/STM32CubeIDE.app/Contents/Eclipse/plugins/com.st.stm32cube.ide.mcu.externaltools.gnu-tools-for-stm32.12.3.rel1.macos64_1.0.100.202403111906/tools/bin/../lib/gcc/arm-none-eabi/12.3.1/../../../../arm-none-eabi/lib/thumb/v7e-m+fp/hard/libc_nano.a(libc_a-lseekr.o)
                0x0810b5b0                _lseek_r
 .text._raise_r
                0x0810b5d4       0x50 /Applications/STM32CubeIDE.app/Contents/Eclipse/plugins/com.st.stm32cube.ide.mcu.externaltools.gnu-tools-for-stm32.12.3.rel1.macos64_1.0.100.202403111906/tools/bin/../lib/gcc/arm-none-eabi/12.3.1/../../../../arm-none-eabi/lib/thumb/v7e-m+fp/hard/libc_nano.a(libc_a-signal.o)
                0x0810b5d4                _raise_r
 .text.raise    0x0810b624       0x10 /Applications/STM32CubeIDE.app/Contents/Eclipse/plugins/com.st.stm32cube.ide.mcu.externaltools.gnu-tools-for-stm32.12.3.rel1.macos64_1.0.100.202403111906/tools/bin/../lib/gcc/arm-none-eabi/12.3.1/../../../../arm-none-eabi/lib/thumb/v7e-m+fp/hard/libc_nano.a(libc_a-signal.o)
                0x0810b624                raise
 .text._read_r  0x0810b634       0x24 /Applications/STM32CubeIDE.app/Contents/Eclipse/plugins/com.st.stm32cube.ide.mcu.externaltools.gnu-tools-for-stm32.12.3.rel1.macos64_1.0.100.202403111906/tools/bin/../lib/gcc/arm-none-eabi/12.3.1/../../../../arm-none-eabi/lib/thumb/v7e-m+fp/hard/libc_nano.a(libc_a-readr.o)
                0x0810b634                _read_r
 .text._kill_r  0x0810b658       0x24 /Applications/STM32CubeIDE.app/Contents/Eclipse/plugins/com.st.stm32cube.ide.mcu.externaltools.gnu-tools-for-stm32.12.3.rel1.macos64_1.0.100.202403111906/tools/bin/../lib/gcc/arm-none-eabi/12.3.1/../../../../arm-none-eabi/lib/thumb/v7e-m+fp/hard/libc_nano.a(libc_a-signalr.o)
                0x0810b658                _kill_r
 .text._getpid_r
                0x0810b67c        0x4 /Applications/STM32CubeIDE.app/Contents/Eclipse/plugins/com.st.stm32cube.ide.mcu.externaltools.gnu-tools-for-stm32.12.3.rel1.macos64_1.0.100.202403111906/tools/bin/../lib/gcc/arm-none-eabi/12.3.1/../../../../arm-none-eabi/lib/thumb/v7e-m+fp/hard/libc_nano.a(libc_a-signalr.o)
                0x0810b67c                _getpid_r
 .text._write_r
                0x0810b680       0x24 /Applications/STM32CubeIDE.app/Contents/Eclipse/plugins/com.st.stm32cube.ide.mcu.externaltools.gnu-tools-for-stm32.12.3.rel1.macos64_1.0.100.202403111906/tools/bin/../lib/gcc/arm-none-eabi/12.3.1/../../../../arm-none-eabi/lib/thumb/v7e-m+fp/hard/libc_nano.a(libc_a-writer.o)
                0x0810b680                _write_r
 *(.glue_7)
 .glue_7        0x0810b6a4        0x0 linker stubs
 *(.glue_7t)
 .glue_7t       0x0810b6a4        0x0 linker stubs
 *(.eh_frame)
 .eh_frame      0x0810b6a4        0x0 /Applications/STM32CubeIDE.app/Contents/Eclipse/plugins/com.st.stm32cube.ide.mcu.externaltools.gnu-tools-for-stm32.12.3.rel1.macos64_1.0.100.202403111906/tools/bin/../lib/gcc/arm-none-eabi/12.3.1/thumb/v7e-m+fp/hard/crtbegin.o
 *(.init)
 .init          0x0810b6a4        0x4 /Applications/STM32CubeIDE.app/Contents/Eclipse/plugins/com.st.stm32cube.ide.mcu.externaltools.gnu-tools-for-stm32.12.3.rel1.macos64_1.0.100.202403111906/tools/bin/../lib/gcc/arm-none-eabi/12.3.1/thumb/v7e-m+fp/hard/crti.o
                0x0810b6a4                _init
 .init          0x0810b6a8        0x8 /Applications/STM32CubeIDE.app/Contents/Eclipse/plugins/com.st.stm32cube.ide.mcu.externaltools.gnu-tools-for-stm32.12.3.rel1.macos64_1.0.100.202403111906/tools/bin/../lib/gcc/arm-none-eabi/12.3.1/thumb/v7e-m+fp/hard/crtn.o
 *(.fini)
 .fini          0x0810b6b0        0x4 /Applications/STM32CubeIDE.app/Contents/Eclipse/plugins/com.st.stm32cube.ide.mcu.externaltools.gnu-tools-for-stm32.12.3.rel1.macos64_1.0.100.202403111906/tools/bin/../lib/gcc/arm-none-eabi/12.3.1/thumb/v7e-m+fp/hard/crti.o
                0x0810b6b0                _fini
 .fini          0x0810b6b4        0x8 /Applications/STM32CubeIDE.app/Contents/Eclipse/plugins/com.st.stm32cube.ide.mcu.externaltools.gnu-tools-for-stm32.12.3.rel1.macos64_1.0.100.202403111906/tools/bin/../lib/gcc/arm-none-eabi/12.3.1/thumb/v7e-m+fp/hard/crtn.o
                0x0810b6bc                        . = ALIGN (0x4)
                0x0810b6bc                        _etext = .

.vfp11_veneer   0x0810b6bc        0x0
 .vfp11_veneer  0x0810b6bc        0x0 linker stubs

.v4_bx          0x0810b6bc        0x0
 .v4_bx         0x0810b6bc        0x0 linker stubs

.iplt           0x0810b6bc        0x0
 .iplt          0x0810b6bc        0x0 /Applications/STM32CubeIDE.app/Contents/Eclipse/plugins/com.st.stm32cube.ide.mcu.externaltools.gnu-tools-for-stm32.12.3.rel1.macos64_1.0.100.202403111906/tools/bin/../lib/gcc/arm-none-eabi/12.3.1/thumb/v7e-m+fp/hard/crtbegin.o

.rodata         0x0810b6bc      0x324
                0x0810b6bc                        . = ALIGN (0x4)
 *(.rodata)
 .rodata        0x0810b6bc       0x52 ./Core/Src/main.o
 *fill*         0x0810b70e        0x2 
 .rodata        0x0810b710       0xb4 ./Middlewares/Third_Party/OpenAMP/device.o
 .rodata        0x0810b7c4       0xe6 ./Middlewares/Third_Party/OpenAMP/remoteproc_virtio.o
 *fill*         0x0810b8aa        0x2 
 .rodata        0x0810b8ac       0x13 ./Middlewares/Third_Party/OpenAMP/rpmsg_virtio.o
 *fill*         0x0810b8bf        0x1 
 .rodata        0x0810b8c0       0x1d ./OPENAMP/openamp.o
 *(.rodata*)
 *fill*         0x0810b8dd        0x3 
 .rodata.D1CorePrescTable
                0x0810b8e0       0x10 ./Common/Src/system_stm32h7xx_dualcore_boot_cm4_cm7.o
                0x0810b8e0                D1CorePrescTable
 .rodata.UARTPrescTable
                0x0810b8f0       0x18 ./Drivers/STM32H7xx_HAL_Driver/stm32h7xx_hal_uart.o
                0x0810b8f0                UARTPrescTable
 .rodata.remoteproc_virtio_dispatch_funcs
                0x0810b908       0x24 ./Middlewares/Third_Party/OpenAMP/remoteproc_virtio.o
                0x0810b908                remoteproc_virtio_dispatch_funcs
 .rodata.__func__.1
                0x0810b92c       0x1e ./Middlewares/Third_Party/OpenAMP/remoteproc_virtio.o
 *fill*         0x0810b94a        0x2 
 .rodata.__func__.0
                0x0810b94c        0xe ./Middlewares/Third_Party/OpenAMP/remoteproc_virtio.o
 *fill*         0x0810b95a        0x2 
 .rodata.Default_ResTbl
                0x0810b95c       0x15 ./Utilities/res_mgr.o
 .rodata.__assert_func.str1.1
                0x0810b971       0x3c /Applications/STM32CubeIDE.app/Contents/Eclipse/plugins/com.st.stm32cube.ide.mcu.externaltools.gnu-tools-for-stm32.12.3.rel1.macos64_1.0.100.202403111906/tools/bin/../lib/gcc/arm-none-eabi/12.3.1/../../../../arm-none-eabi/lib/thumb/v7e-m+fp/hard/libc_nano.a(libc_a-assert.o)
                                 0x3d (size before relaxing)
 .rodata._vfprintf_r.str1.1
                0x0810b9ad       0x11 /Applications/STM32CubeIDE.app/Contents/Eclipse/plugins/com.st.stm32cube.ide.mcu.externaltools.gnu-tools-for-stm32.12.3.rel1.macos64_1.0.100.202403111906/tools/bin/../lib/gcc/arm-none-eabi/12.3.1/../../../../arm-none-eabi/lib/thumb/v7e-m+fp/hard/libc_nano.a(libc_a-nano-vfprintf.o)
 .rodata._printf_i.str1.1
                0x0810b9be       0x22 /Applications/STM32CubeIDE.app/Contents/Eclipse/plugins/com.st.stm32cube.ide.mcu.externaltools.gnu-tools-for-stm32.12.3.rel1.macos64_1.0.100.202403111906/tools/bin/../lib/gcc/arm-none-eabi/12.3.1/../../../../arm-none-eabi/lib/thumb/v7e-m+fp/hard/libc_nano.a(libc_a-nano-vfprintf_i.o)
                0x0810b9e0                        . = ALIGN (0x4)

.ARM.extab
 *(.ARM.extab* .gnu.linkonce.armextab.*)

.ARM            0x0810b9e0        0x8
                0x0810b9e0                        __exidx_start = .
 *(.ARM.exidx*)
 .ARM.exidx     0x0810b9e0        0x8 /Applications/STM32CubeIDE.app/Contents/Eclipse/plugins/com.st.stm32cube.ide.mcu.externaltools.gnu-tools-for-stm32.12.3.rel1.macos64_1.0.100.202403111906/tools/bin/../lib/gcc/arm-none-eabi/12.3.1/../../../../arm-none-eabi/lib/thumb/v7e-m+fp/hard/libc_nano.a(libc_a-strcmp.o)
 .ARM.exidx     0x0810b9e8        0x0 /Applications/STM32CubeIDE.app/Contents/Eclipse/plugins/com.st.stm32cube.ide.mcu.externaltools.gnu-tools-for-stm32.12.3.rel1.macos64_1.0.100.202403111906/tools/bin/../lib/gcc/arm-none-eabi/12.3.1/../../../../arm-none-eabi/lib/thumb/v7e-m+fp/hard/libc_nano.a(libc_a-memchr.o)
                                  0x8 (size before relaxing)
 .ARM.exidx     0x0810b9e8        0x0 /Applications/STM32CubeIDE.app/Contents/Eclipse/plugins/com.st.stm32cube.ide.mcu.externaltools.gnu-tools-for-stm32.12.3.rel1.macos64_1.0.100.202403111906/tools/bin/../lib/gcc/arm-none-eabi/12.3.1/thumb/v7e-m+fp/hard/libgcc.a(_udivmoddi4.o)
                                  0x8 (size before relaxing)
                0x0810b9e8                        __exidx_end = .

.preinit_array  0x0810b9e8        0x0
                0x0810b9e8                        PROVIDE (__preinit_array_start = .)
 *(.preinit_array*)
                0x0810b9e8                        PROVIDE (__preinit_array_end = .)

.init_array     0x0810b9e8        0x4
                0x0810b9e8                        PROVIDE (__init_array_start = .)
 *(SORT_BY_NAME(.init_array.*))
 *(.init_array*)
 .init_array    0x0810b9e8        0x4 /Applications/STM32CubeIDE.app/Contents/Eclipse/plugins/com.st.stm32cube.ide.mcu.externaltools.gnu-tools-for-stm32.12.3.rel1.macos64_1.0.100.202403111906/tools/bin/../lib/gcc/arm-none-eabi/12.3.1/thumb/v7e-m+fp/hard/crtbegin.o
                0x0810b9ec                        PROVIDE (__init_array_end = .)

.fini_array     0x0810b9ec        0x4
                [!provide]                        PROVIDE (__fini_array_start = .)
 *(SORT_BY_NAME(.fini_array.*))
 *(.fini_array*)
 .fini_array    0x0810b9ec        0x4 /Applications/STM32CubeIDE.app/Contents/Eclipse/plugins/com.st.stm32cube.ide.mcu.externaltools.gnu-tools-for-stm32.12.3.rel1.macos64_1.0.100.202403111906/tools/bin/../lib/gcc/arm-none-eabi/12.3.1/thumb/v7e-m+fp/hard/crtbegin.o
                [!provide]                        PROVIDE (__fini_array_end = .)
                0x0810b9f0                        _sidata = LOADADDR (.data)

.rel.dyn        0x0810b9f0        0x0
 .rel.iplt      0x0810b9f0        0x0 /Applications/STM32CubeIDE.app/Contents/Eclipse/plugins/com.st.stm32cube.ide.mcu.externaltools.gnu-tools-for-stm32.12.3.rel1.macos64_1.0.100.202403111906/tools/bin/../lib/gcc/arm-none-eabi/12.3.1/thumb/v7e-m+fp/hard/crtbegin.o

.data           0x10000000      0x118 load address 0x0810b9f0
                0x10000000                        . = ALIGN (0x4)
                0x10000000                        _sdata = .
 *(.data)
 *(.data*)
 .data.SystemCoreClock
                0x10000000        0x4 ./Common/Src/system_stm32h7xx_dualcore_boot_cm4_cm7.o
                0x10000000                SystemCoreClock
 .data.SystemD2Clock
                0x10000004        0x4 ./Common/Src/system_stm32h7xx_dualcore_boot_cm4_cm7.o
                0x10000004                SystemD2Clock
 .data.COM_USART
                0x10000008        0x4 ./Drivers/BSP/STM32H747I-EVAL/stm32h747i_eval.o
                0x10000008                COM_USART
 .data.uwTickPrio
                0x1000000c        0x4 ./Drivers/STM32H7xx_HAL_Driver/stm32h7xx_hal.o
                0x1000000c                uwTickPrio
 .data.uwTickFreq
                0x10000010        0x1 ./Drivers/STM32H7xx_HAL_Driver/stm32h7xx_hal.o
                0x10000010                uwTickFreq
 *fill*         0x10000011        0x3 
 .data.metal_generic_bus
                0x10000014       0x2c ./Middlewares/Third_Party/OpenAMP/device.o
                0x10000014                metal_generic_bus
 .data.shm_device
                0x10000040       0x7c ./OPENAMP/openamp.o
                0x10000040                shm_device
 .data.__sglue  0x100000bc        0xc /Applications/STM32CubeIDE.app/Contents/Eclipse/plugins/com.st.stm32cube.ide.mcu.externaltools.gnu-tools-for-stm32.12.3.rel1.macos64_1.0.100.202403111906/tools/bin/../lib/gcc/arm-none-eabi/12.3.1/../../../../arm-none-eabi/lib/thumb/v7e-m+fp/hard/libc_nano.a(libc_a-findfp.o)
                0x100000bc                __sglue
 .data._impure_ptr
                0x100000c8        0x4 /Applications/STM32CubeIDE.app/Contents/Eclipse/plugins/com.st.stm32cube.ide.mcu.externaltools.gnu-tools-for-stm32.12.3.rel1.macos64_1.0.100.202403111906/tools/bin/../lib/gcc/arm-none-eabi/12.3.1/../../../../arm-none-eabi/lib/thumb/v7e-m+fp/hard/libc_nano.a(libc_a-impure.o)
                0x100000c8                _impure_ptr
 .data._impure_data
                0x100000cc       0x4c /Applications/STM32CubeIDE.app/Contents/Eclipse/plugins/com.st.stm32cube.ide.mcu.externaltools.gnu-tools-for-stm32.12.3.rel1.macos64_1.0.100.202403111906/tools/bin/../lib/gcc/arm-none-eabi/12.3.1/../../../../arm-none-eabi/lib/thumb/v7e-m+fp/hard/libc_nano.a(libc_a-impure.o)
                0x100000cc                _impure_data
                0x10000118                        . = ALIGN (0x4)
                0x10000118                        _edata = .

.igot.plt       0x10000118        0x0 load address 0x0810bb08
 .igot.plt      0x10000118        0x0 /Applications/STM32CubeIDE.app/Contents/Eclipse/plugins/com.st.stm32cube.ide.mcu.externaltools.gnu-tools-for-stm32.12.3.rel1.macos64_1.0.100.202403111906/tools/bin/../lib/gcc/arm-none-eabi/12.3.1/thumb/v7e-m+fp/hard/crtbegin.o

.RAM_D3         0x10000118      0x1a4 load address 0x0810bb08
 .RAM_D3        0x10000118      0x1a4 ./Utilities/res_mgr.o
                0x100002bc                        . = ALIGN (0x4)

.bss            0x100002bc      0x488 load address 0x0810bcac
                0x100002bc                        _sbss = .
                0x100002bc                        __bss_start__ = _sbss
 *(.bss)
 .bss           0x100002bc       0x1c /Applications/STM32CubeIDE.app/Contents/Eclipse/plugins/com.st.stm32cube.ide.mcu.externaltools.gnu-tools-for-stm32.12.3.rel1.macos64_1.0.100.202403111906/tools/bin/../lib/gcc/arm-none-eabi/12.3.1/thumb/v7e-m+fp/hard/crtbegin.o
 *(.bss*)
 .bss.hadc1     0x100002d8       0x64 ./Core/Src/main.o
                0x100002d8                hadc1
 .bss.index_buffer
                0x1000033c        0x4 ./Core/Src/main.o
                0x1000033c                index_buffer
 .bss.ADCDualConvertedValues
                0x10000340      0x100 ./Core/Src/main.o
                0x10000340                ADCDualConvertedValues
 .bss.message_received
                0x10000440        0x4 ./Core/Src/main.o
 .bss.received_data
                0x10000444        0x1 ./Core/Src/main.o
                0x10000444                received_data
 *fill*         0x10000445        0x3 
 .bss.rp_endpoint
                0x10000448       0x40 ./Core/Src/main.o
 .bss.COM_Init  0x10000488       0x10 ./Core/Src/main.o
                0x10000488                COM_Init
 .bss.__sbrk_heap_end
                0x10000498        0x4 ./Core/Src/sysmem.o
 .bss.hcom_uart
                0x1000049c       0x94 ./Drivers/BSP/STM32H747I-EVAL/stm32h747i_eval.o
                0x1000049c                hcom_uart
 .bss.COM_ActiveLogPort
                0x10000530        0x1 ./Drivers/BSP/STM32H747I-EVAL/stm32h747i_eval.o
 *fill*         0x10000531        0x3 
 .bss.uwTick    0x10000534        0x4 ./Drivers/STM32H7xx_HAL_Driver/stm32h7xx_hal.o
                0x10000534                uwTick
 .bss._metal    0x10000538       0x20 ./Middlewares/Third_Party/OpenAMP/generic_init.o
                0x10000538                _metal
 .bss.msg_received
                0x10000558        0x4 ./OPENAMP/mbox_hsem.o
 .bss.shm_io    0x1000055c        0x4 ./OPENAMP/openamp.o
 .bss.rsc_io    0x10000560        0x4 ./OPENAMP/openamp.o
 .bss.rsc_table
                0x10000564        0x4 ./OPENAMP/openamp.o
 .bss.shpool    0x10000568        0xc ./OPENAMP/openamp.o
 .bss.rvdev     0x10000574       0x78 ./OPENAMP/openamp.o
 .bss.shm_physmap
                0x100005ec        0x4 ./OPENAMP/openamp.o
 .bss.ResMgrSendMsgFunct
                0x100005f0        0x4 ./Utilities/res_mgr.o
 .bss.ResMgrCallbackFunct
                0x100005f4        0x4 ./Utilities/res_mgr.o
 .bss.__malloc_sbrk_start
                0x100005f8        0x4 /Applications/STM32CubeIDE.app/Contents/Eclipse/plugins/com.st.stm32cube.ide.mcu.externaltools.gnu-tools-for-stm32.12.3.rel1.macos64_1.0.100.202403111906/tools/bin/../lib/gcc/arm-none-eabi/12.3.1/../../../../arm-none-eabi/lib/thumb/v7e-m+fp/hard/libc_nano.a(libc_a-mallocr.o)
                0x100005f8                __malloc_sbrk_start
 .bss.__malloc_free_list
                0x100005fc        0x4 /Applications/STM32CubeIDE.app/Contents/Eclipse/plugins/com.st.stm32cube.ide.mcu.externaltools.gnu-tools-for-stm32.12.3.rel1.macos64_1.0.100.202403111906/tools/bin/../lib/gcc/arm-none-eabi/12.3.1/../../../../arm-none-eabi/lib/thumb/v7e-m+fp/hard/libc_nano.a(libc_a-mallocr.o)
                0x100005fc                __malloc_free_list
 .bss.__sf      0x10000600      0x138 /Applications/STM32CubeIDE.app/Contents/Eclipse/plugins/com.st.stm32cube.ide.mcu.externaltools.gnu-tools-for-stm32.12.3.rel1.macos64_1.0.100.202403111906/tools/bin/../lib/gcc/arm-none-eabi/12.3.1/../../../../arm-none-eabi/lib/thumb/v7e-m+fp/hard/libc_nano.a(libc_a-findfp.o)
                0x10000600                __sf
 .bss.__stdio_exit_handler
                0x10000738        0x4 /Applications/STM32CubeIDE.app/Contents/Eclipse/plugins/com.st.stm32cube.ide.mcu.externaltools.gnu-tools-for-stm32.12.3.rel1.macos64_1.0.100.202403111906/tools/bin/../lib/gcc/arm-none-eabi/12.3.1/../../../../arm-none-eabi/lib/thumb/v7e-m+fp/hard/libc_nano.a(libc_a-findfp.o)
                0x10000738                __stdio_exit_handler
 .bss.errno     0x1000073c        0x4 /Applications/STM32CubeIDE.app/Contents/Eclipse/plugins/com.st.stm32cube.ide.mcu.externaltools.gnu-tools-for-stm32.12.3.rel1.macos64_1.0.100.202403111906/tools/bin/../lib/gcc/arm-none-eabi/12.3.1/../../../../arm-none-eabi/lib/thumb/v7e-m+fp/hard/libc_nano.a(libc_a-reent.o)
                0x1000073c                errno
 .bss.__lock___malloc_recursive_mutex
                0x10000740        0x1 /Applications/STM32CubeIDE.app/Contents/Eclipse/plugins/com.st.stm32cube.ide.mcu.externaltools.gnu-tools-for-stm32.12.3.rel1.macos64_1.0.100.202403111906/tools/bin/../lib/gcc/arm-none-eabi/12.3.1/../../../../arm-none-eabi/lib/thumb/v7e-m+fp/hard/libc_nano.a(libc_a-lock.o)
                0x10000740                __lock___malloc_recursive_mutex
 .bss.__lock___sfp_recursive_mutex
                0x10000741        0x1 /Applications/STM32CubeIDE.app/Contents/Eclipse/plugins/com.st.stm32cube.ide.mcu.externaltools.gnu-tools-for-stm32.12.3.rel1.macos64_1.0.100.202403111906/tools/bin/../lib/gcc/arm-none-eabi/12.3.1/../../../../arm-none-eabi/lib/thumb/v7e-m+fp/hard/libc_nano.a(libc_a-lock.o)
                0x10000741                __lock___sfp_recursive_mutex
 *(COMMON)
                0x10000744                        . = ALIGN (0x4)
 *fill*         0x10000742        0x2 
                0x10000744                        _ebss = .
                0x10000744                        __bss_end__ = _ebss

._user_heap_stack
                0x10000744      0x604 load address 0x0810bcac