Archive member included to satisfy reference by file (symbol)

/Applications/STM32CubeIDE.app/Contents/Eclipse/plugins/com.st.stm32cube.ide.mcu.externaltools.gnu-tools-for-stm32.12.3.rel1.macos64_1.0.100.202403111906/tools/bin/../lib/gcc/arm-none-eabi/12.3.1/../../../../arm-none-eabi/lib/thumb/v7e-m+dp/hard/libc_nano.a(libc_a-assert.o)
                              ./Middlewares/Third_Party/OpenAMP/device.o (__assert_func)
/Applications/STM32CubeIDE.app/Contents/Eclipse/plugins/com.st.stm32cube.ide.mcu.externaltools.gnu-tools-for-stm32.12.3.rel1.macos64_1.0.100.202403111906/tools/bin/../lib/gcc/arm-none-eabi/12.3.1/../../../../arm-none-eabi/lib/thumb/v7e-m+dp/hard/libc_nano.a(libc_a-exit.o)
                              /Applications/STM32CubeIDE.app/Contents/Eclipse/plugins/com.st.stm32cube.ide.mcu.externaltools.gnu-tools-for-stm32.12.3.rel1.macos64_1.0.100.202403111906/tools/bin/../lib/gcc/arm-none-eabi/12.3.1/../../../../arm-none-eabi/lib/thumb/v7e-m+dp/hard/crt0.o (exit)
/Applications/STM32CubeIDE.app/Contents/Eclipse/plugins/com.st.stm32cube.ide.mcu.externaltools.gnu-tools-for-stm32.12.3.rel1.macos64_1.0.100.202403111906/tools/bin/../lib/gcc/arm-none-eabi/12.3.1/../../../../arm-none-eabi/lib/thumb/v7e-m+dp/hard/libc_nano.a(libc_a-malloc.o)
                              ./Middlewares/Third_Party/OpenAMP/remoteproc_virtio.o (malloc)
/Applications/STM32CubeIDE.app/Contents/Eclipse/plugins/com.st.stm32cube.ide.mcu.externaltools.gnu-tools-for-stm32.12.3.rel1.macos64_1.0.100.202403111906/tools/bin/../lib/gcc/arm-none-eabi/12.3.1/../../../../arm-none-eabi/lib/thumb/v7e-m+dp/hard/libc_nano.a(libc_a-mallocr.o)
                              /Applications/STM32CubeIDE.app/Contents/Eclipse/plugins/com.st.stm32cube.ide.mcu.externaltools.gnu-tools-for-stm32.12.3.rel1.macos64_1.0.100.202403111906/tools/bin/../lib/gcc/arm-none-eabi/12.3.1/../../../../arm-none-eabi/lib/thumb/v7e-m+dp/hard/libc_nano.a(libc_a-malloc.o) (_malloc_r)
/Applications/STM32CubeIDE.app/Contents/Eclipse/plugins/com.st.stm32cube.ide.mcu.externaltools.gnu-tools-for-stm32.12.3.rel1.macos64_1.0.100.202403111906/tools/bin/../lib/gcc/arm-none-eabi/12.3.1/../../../../arm-none-eabi/lib/thumb/v7e-m+dp/hard/libc_nano.a(libc_a-mlock.o)
                              /Applications/STM32CubeIDE.app/Contents/Eclipse/plugins/com.st.stm32cube.ide.mcu.externaltools.gnu-tools-for-stm32.12.3.rel1.macos64_1.0.100.202403111906/tools/bin/../lib/gcc/arm-none-eabi/12.3.1/../../../../arm-none-eabi/lib/thumb/v7e-m+dp/hard/libc_nano.a(libc_a-mallocr.o) (__malloc_lock)
/Applications/STM32CubeIDE.app/Contents/Eclipse/plugins/com.st.stm32cube.ide.mcu.externaltools.gnu-tools-for-stm32.12.3.rel1.macos64_1.0.100.202403111906/tools/bin/../lib/gcc/arm-none-eabi/12.3.1/../../../../arm-none-eabi/lib/thumb/v7e-m+dp/hard/libc_nano.a(libc_a-findfp.o)
                              /Applications/STM32CubeIDE.app/Contents/Eclipse/plugins/com.st.stm32cube.ide.mcu.externaltools.gnu-tools-for-stm32.12.3.rel1.macos64_1.0.100.202403111906/tools/bin/../lib/gcc/arm-none-eabi/12.3.1/../../../../arm-none-eabi/lib/thumb/v7e-m+dp/hard/libc_nano.a(libc_a-exit.o) (__stdio_exit_handler)
/Applications/STM32CubeIDE.app/Contents/Eclipse/plugins/com.st.stm32cube.ide.mcu.externaltools.gnu-tools-for-stm32.12.3.rel1.macos64_1.0.100.202403111906/tools/bin/../lib/gcc/arm-none-eabi/12.3.1/../../../../arm-none-eabi/lib/thumb/v7e-m+dp/hard/libc_nano.a(libc_a-fprintf.o)
                              /Applications/STM32CubeIDE.app/Contents/Eclipse/plugins/com.st.stm32cube.ide.mcu.externaltools.gnu-tools-for-stm32.12.3.rel1.macos64_1.0.100.202403111906/tools/bin/../lib/gcc/arm-none-eabi/12.3.1/../../../../arm-none-eabi/lib/thumb/v7e-m+dp/hard/libc_nano.a(libc_a-assert.o) (fiprintf)
/Applications/STM32CubeIDE.app/Contents/Eclipse/plugins/com.st.stm32cube.ide.mcu.externaltools.gnu-tools-for-stm32.12.3.rel1.macos64_1.0.100.202403111906/tools/bin/../lib/gcc/arm-none-eabi/12.3.1/../../../../arm-none-eabi/lib/thumb/v7e-m+dp/hard/libc_nano.a(libc_a-fwalk.o)
                              /Applications/STM32CubeIDE.app/Contents/Eclipse/plugins/com.st.stm32cube.ide.mcu.externaltools.gnu-tools-for-stm32.12.3.rel1.macos64_1.0.100.202403111906/tools/bin/../lib/gcc/arm-none-eabi/12.3.1/../../../../arm-none-eabi/lib/thumb/v7e-m+dp/hard/libc_nano.a(libc_a-findfp.o) (_fwalk_sglue)
/Applications/STM32CubeIDE.app/Contents/Eclipse/plugins/com.st.stm32cube.ide.mcu.externaltools.gnu-tools-for-stm32.12.3.rel1.macos64_1.0.100.202403111906/tools/bin/../lib/gcc/arm-none-eabi/12.3.1/../../../../arm-none-eabi/lib/thumb/v7e-m+dp/hard/libc_nano.a(libc_a-printf.o)
                              ./Core/Src/main.o (printf)
/Applications/STM32CubeIDE.app/Contents/Eclipse/plugins/com.st.stm32cube.ide.mcu.externaltools.gnu-tools-for-stm32.12.3.rel1.macos64_1.0.100.202403111906/tools/bin/../lib/gcc/arm-none-eabi/12.3.1/../../../../arm-none-eabi/lib/thumb/v7e-m+dp/hard/libc_nano.a(libc_a-puts.o)
                              ./Core/Src/main.o (puts)
[...]
Memory Configuration

Name             Origin             Length             Attributes
RAM_D1           0x24000000         0x00080000         xrw
FLASH            0x08000000         0x00100000         xr
DTCMRAM          0x20000000         0x00020000         xrw
RAM_D2           0x30000000         0x00048000         xrw
RAM_D3           0x38000000         0x00010000         xrw
ITCMRAM          0x00000000         0x00010000         xrw
OPENAMP_RSC_TAB  0x38000000         0x00000400         xrw
OPEN_AMP_SHMEM   0x38000400         0x0000fc00         xrw
RAM              0x00000000         0xffffffff
*default*        0x00000000         0xffffffff

Linker script and memory map

LOAD /Applications/STM32CubeIDE.app/Contents/Eclipse/plugins/com.st.stm32cube.ide.mcu.externaltools.gnu-tools-for-stm32.12.3.rel1.macos64_1.0.100.202403111906/tools/bin/../lib/gcc/arm-none-eabi/12.3.1/thumb/v7e-m+dp/hard/crti.o
LOAD /Applications/STM32CubeIDE.app/Contents/Eclipse/plugins/com.st.stm32cube.ide.mcu.externaltools.gnu-tools-for-stm32.12.3.rel1.macos64_1.0.100.202403111906/tools/bin/../lib/gcc/arm-none-eabi/12.3.1/thumb/v7e-m+dp/hard/crtbegin.o
LOAD /Applications/STM32CubeIDE.app/Contents/Eclipse/plugins/com.st.stm32cube.ide.mcu.externaltools.gnu-tools-for-stm32.12.3.rel1.macos64_1.0.100.202403111906/tools/bin/../lib/gcc/arm-none-eabi/12.3.1/../../../../arm-none-eabi/lib/thumb/v7e-m+dp/hard/crt0.o
LOAD ./Common/Src/system_stm32h7xx_dualcore_boot_cm4_cm7.o
LOAD ./Core/Src/main.o
LOAD ./Core/Src/resmgr_utility.o
LOAD ./Core/Src/stm32h7xx_hal_msp.o
LOAD ./Core/Src/stm32h7xx_it.o
LOAD ./Core/Src/syscalls.o
LOAD ./Core/Src/sysmem.o
LOAD ./Core/Startup/startup_stm32h757xihx.o
LOAD ./Drivers/BSP/Components/mfxstm32l152/mfxstm32l152.o
LOAD ./Drivers/BSP/Components/mfxstm32l152/mfxstm32l152_reg.o
LOAD ./Drivers/BSP/STM32H747I-EVAL/stm32h747i_eval.o
LOAD ./Drivers/BSP/STM32H747I-EVAL/stm32h747i_eval_bus.o
LOAD ./Drivers/BSP/STM32H747I-EVAL/stm32h747i_eval_io.o
LOAD ./Drivers/STM32H7xx_HAL_Driver/stm32h7xx_hal.o
LOAD ./Drivers/STM32H7xx_HAL_Driver/stm32h7xx_hal_cortex.o
LOAD ./Drivers/STM32H7xx_HAL_Driver/stm32h7xx_hal_cryp.o
LOAD ./Drivers/STM32H7xx_HAL_Driver/stm32h7xx_hal_cryp_ex.o
LOAD ./Drivers/STM32H7xx_HAL_Driver/stm32h7xx_hal_dma.o
LOAD ./Drivers/STM32H7xx_HAL_Driver/stm32h7xx_hal_dma_ex.o
LOAD ./Drivers/STM32H7xx_HAL_Driver/stm32h7xx_hal_exti.o
LOAD ./Drivers/STM32H7xx_HAL_Driver/stm32h7xx_hal_flash.o
LOAD ./Drivers/STM32H7xx_HAL_Driver/stm32h7xx_hal_flash_ex.o
LOAD ./Drivers/STM32H7xx_HAL_Driver/stm32h7xx_hal_gpio.o
LOAD ./Drivers/STM32H7xx_HAL_Driver/stm32h7xx_hal_hsem.o
LOAD ./Drivers/STM32H7xx_HAL_Driver/stm32h7xx_hal_i2c.o
LOAD ./Drivers/STM32H7xx_HAL_Driver/stm32h7xx_hal_i2c_ex.o
LOAD ./Drivers/STM32H7xx_HAL_Driver/stm32h7xx_hal_mdma.o
LOAD ./Drivers/STM32H7xx_HAL_Driver/stm32h7xx_hal_pwr.o
LOAD ./Drivers/STM32H7xx_HAL_Driver/stm32h7xx_hal_pwr_ex.o
LOAD ./Drivers/STM32H7xx_HAL_Driver/stm32h7xx_hal_rcc.o
LOAD ./Drivers/STM32H7xx_HAL_Driver/stm32h7xx_hal_rcc_ex.o
LOAD ./Drivers/STM32H7xx_HAL_Driver/stm32h7xx_hal_rng.o
LOAD ./Drivers/STM32H7xx_HAL_Driver/stm32h7xx_hal_rng_ex.o
LOAD ./Drivers/STM32H7xx_HAL_Driver/stm32h7xx_hal_tim.o
LOAD ./Drivers/STM32H7xx_HAL_Driver/stm32h7xx_hal_tim_ex.o
LOAD ./Drivers/STM32H7xx_HAL_Driver/stm32h7xx_hal_uart.o
LOAD ./Drivers/STM32H7xx_HAL_Driver/stm32h7xx_hal_uart_ex.o
LOAD ./Middlewares/Third_Party/OpenAMP/condition.o
LOAD ./Middlewares/Third_Party/OpenAMP/device.o
LOAD ./Middlewares/Third_Party/OpenAMP/generic_device.o
LOAD ./Middlewares/Third_Party/OpenAMP/generic_init.o
LOAD ./Middlewares/Third_Party/OpenAMP/generic_io.o
LOAD ./Middlewares/Third_Party/OpenAMP/generic_shmem.o
LOAD ./Middlewares/Third_Party/OpenAMP/init.o
LOAD ./Middlewares/Third_Party/OpenAMP/io.o
LOAD ./Middlewares/Third_Party/OpenAMP/log.o
LOAD ./Middlewares/Third_Party/OpenAMP/remoteproc_virtio.o
LOAD ./Middlewares/Third_Party/OpenAMP/rpmsg.o
LOAD ./Middlewares/Third_Party/OpenAMP/rpmsg_virtio.o
LOAD ./Middlewares/Third_Party/OpenAMP/shmem.o
LOAD ./Middlewares/Third_Party/OpenAMP/sys.o
LOAD ./Middlewares/Third_Party/OpenAMP/time.o
LOAD ./Middlewares/Third_Party/OpenAMP/virtio.o
LOAD ./Middlewares/Third_Party/OpenAMP/virtqueue.o
LOAD ./OPENAMP/mbox_hsem.o
LOAD ./OPENAMP/openamp.o
LOAD ./OPENAMP/rsc_table.o
LOAD ./Utilities/res_mgr.o
START GROUP
LOAD /Applications/STM32CubeIDE.app/Contents/Eclipse/plugins/com.st.stm32cube.ide.mcu.externaltools.gnu-tools-for-stm32.12.3.rel1.macos64_1.0.100.202403111906/tools/bin/../lib/gcc/arm-none-eabi/12.3.1/../../../../arm-none-eabi/lib/thumb/v7e-m+dp/hard/libc_nano.a
LOAD /Applications/STM32CubeIDE.app/Contents/Eclipse/plugins/com.st.stm32cube.ide.mcu.externaltools.gnu-tools-for-stm32.12.3.rel1.macos64_1.0.100.202403111906/tools/bin/../lib/gcc/arm-none-eabi/12.3.1/../../../../arm-none-eabi/lib/thumb/v7e-m+dp/hard/libm.a
END GROUP
START GROUP
LOAD /Applications/STM32CubeIDE.app/Contents/Eclipse/plugins/com.st.stm32cube.ide.mcu.externaltools.gnu-tools-for-stm32.12.3.rel1.macos64_1.0.100.202403111906/tools/bin/../lib/gcc/arm-none-eabi/12.3.1/thumb/v7e-m+dp/hard/libgcc.a
LOAD /Applications/STM32CubeIDE.app/Contents/Eclipse/plugins/com.st.stm32cube.ide.mcu.externaltools.gnu-tools-for-stm32.12.3.rel1.macos64_1.0.100.202403111906/tools/bin/../lib/gcc/arm-none-eabi/12.3.1/../../../../arm-none-eabi/lib/thumb/v7e-m+dp/hard/libc_nano.a
END GROUP
START GROUP
LOAD /Applications/STM32CubeIDE.app/Contents/Eclipse/plugins/com.st.stm32cube.ide.mcu.externaltools.gnu-tools-for-stm32.12.3.rel1.macos64_1.0.100.202403111906/tools/bin/../lib/gcc/arm-none-eabi/12.3.1/thumb/v7e-m+dp/hard/libgcc.a
LOAD /Applications/STM32CubeIDE.app/Contents/Eclipse/plugins/com.st.stm32cube.ide.mcu.externaltools.gnu-tools-for-stm32.12.3.rel1.macos64_1.0.100.202403111906/tools/bin/../lib/gcc/arm-none-eabi/12.3.1/../../../../arm-none-eabi/lib/thumb/v7e-m+dp/hard/libc_nano.a
LOAD /Applications/STM32CubeIDE.app/Contents/Eclipse/plugins/com.st.stm32cube.ide.mcu.externaltools.gnu-tools-for-stm32.12.3.rel1.macos64_1.0.100.202403111906/tools/bin/../lib/gcc/arm-none-eabi/12.3.1/../../../../arm-none-eabi/lib/thumb/v7e-m+dp/hard/libnosys.a
END GROUP
START GROUP
LOAD /Applications/STM32CubeIDE.app/Contents/Eclipse/plugins/com.st.stm32cube.ide.mcu.externaltools.gnu-tools-for-stm32.12.3.rel1.macos64_1.0.100.202403111906/tools/bin/../lib/gcc/arm-none-eabi/12.3.1/thumb/v7e-m+dp/hard/libgcc.a
LOAD /Applications/STM32CubeIDE.app/Contents/Eclipse/plugins/com.st.stm32cube.ide.mcu.externaltools.gnu-tools-for-stm32.12.3.rel1.macos64_1.0.100.202403111906/tools/bin/../lib/gcc/arm-none-eabi/12.3.1/../../../../arm-none-eabi/lib/thumb/v7e-m+dp/hard/libc_nano.a
LOAD /Applications/STM32CubeIDE.app/Contents/Eclipse/plugins/com.st.stm32cube.ide.mcu.externaltools.gnu-tools-for-stm32.12.3.rel1.macos64_1.0.100.202403111906/tools/bin/../lib/gcc/arm-none-eabi/12.3.1/../../../../arm-none-eabi/lib/thumb/v7e-m+dp/hard/libnosys.a
END GROUP
LOAD /Applications/STM32CubeIDE.app/Contents/Eclipse/plugins/com.st.stm32cube.ide.mcu.externaltools.gnu-tools-for-stm32.12.3.rel1.macos64_1.0.100.202403111906/tools/bin/../lib/gcc/arm-none-eabi/12.3.1/thumb/v7e-m+dp/hard/crtend.o
LOAD /Applications/STM32CubeIDE.app/Contents/Eclipse/plugins/com.st.stm32cube.ide.mcu.externaltools.gnu-tools-for-stm32.12.3.rel1.macos64_1.0.100.202403111906/tools/bin/../lib/gcc/arm-none-eabi/12.3.1/thumb/v7e-m+dp/hard/crtn.o
                0x20020000                        _estack = 0x20020000
                0x00000200                        _Min_Heap_Size = 0x200
                0x00000400                        _Min_Stack_Size = 0x400
                0x38000400                        __OPENAMP_region_start__ = ORIGIN (OPEN_AMP_SHMEM)
                0x38010000                        __OPENAMP_region_end__ = (ORIGIN (OPEN_AMP_SHMEM) + LENGTH (OPEN_AMP_SHMEM))

.isr_vector     0x08000000      0x298
                0x08000000                        . = ALIGN (0x4)
 *(.isr_vector)
 .isr_vector    0x08000000      0x298 ./Core/Startup/startup_stm32h757xihx.o
                0x08000000                g_pfnVectors
                0x08000298                        . = ALIGN (0x4)

.text           0x080002a0     0xc298
                0x080002a0                        . = ALIGN (0x4)
 *(.text)
 .text          0x080002a0       0x40 /Applications/STM32CubeIDE.app/Contents/Eclipse/plugins/com.st.stm32cube.ide.mcu.externaltools.gnu-tools-for-stm32.12.3.rel1.macos64_1.0.100.202403111906/tools/bin/../lib/gcc/arm-none-eabi/12.3.1/thumb/v7e-m+dp/hard/crtbegin.o
 .text          0x080002e0       0x14 /Applications/STM32CubeIDE.app/Contents/Eclipse/plugins/com.st.stm32cube.ide.mcu.externaltools.gnu-tools-for-stm32.12.3.rel1.macos64_1.0.100.202403111906/tools/bin/../lib/gcc/arm-none-eabi/12.3.1/../../../../arm-none-eabi/lib/thumb/v7e-m+dp/hard/libc_nano.a(libc_a-strcmp.o)
                0x080002e0                strcmp
 *fill*         0x080002f4        0xc 
 .text          0x08000300       0xa0 /Applications/STM32CubeIDE.app/Contents/Eclipse/plugins/com.st.stm32cube.ide.mcu.externaltools.gnu-tools-for-stm32.12.3.rel1.macos64_1.0.100.202403111906/tools/bin/../lib/gcc/arm-none-eabi/12.3.1/../../../../arm-none-eabi/lib/thumb/v7e-m+dp/hard/libc_nano.a(libc_a-memchr.o)
                0x08000300                memchr
 .text          0x080003a0       0x30 /Applications/STM32CubeIDE.app/Contents/Eclipse/plugins/com.st.stm32cube.ide.mcu.externaltools.gnu-tools-for-stm32.12.3.rel1.macos64_1.0.100.202403111906/tools/bin/../lib/gcc/arm-none-eabi/12.3.1/thumb/v7e-m+dp/hard/libgcc.a(_aeabi_uldivmod.o)
                0x080003a0                __aeabi_uldivmod
 .text          0x080003d0      0x2bc /Applications/STM32CubeIDE.app/Contents/Eclipse/plugins/com.st.stm32cube.ide.mcu.externaltools.gnu-tools-for-stm32.12.3.rel1.macos64_1.0.100.202403111906/tools/bin/../lib/gcc/arm-none-eabi/12.3.1/thumb/v7e-m+dp/hard/libgcc.a(_udivmoddi4.o)
                0x080003d0                __udivmoddi4
 .text          0x0800068c        0x4 /Applications/STM32CubeIDE.app/Contents/Eclipse/plugins/com.st.stm32cube.ide.mcu.externaltools.gnu-tools-for-stm32.12.3.rel1.macos64_1.0.100.202403111906/tools/bin/../lib/gcc/arm-none-eabi/12.3.1/thumb/v7e-m+dp/hard/libgcc.a(_dvmd_tls.o)
                0x0800068c                __aeabi_ldiv0
                0x0800068c                __aeabi_idiv0
 *(.text*)
 .text.SystemInit
                0x08000690      0x12c ./Common/Src/system_stm32h7xx_dualcore_boot_cm4_cm7.o
                0x08000690                SystemInit
 .text.rpmsg_send
                0x080007bc       0x40 ./Core/Src/main.o
 .text.rpmsg_init_ept
                0x080007fc       0x3a ./Core/Src/main.o
 *fill*         0x08000836        0x2 
 .text.rpmsg_recv_callback
                0x08000838       0x40 ./Core/Src/main.o
 .text.receive_message
                0x08000878       0x34 ./Core/Src/main.o
                0x08000878                receive_message
 .text.service_destroy_cb
                0x080008ac       0x20 ./Core/Src/main.o
                0x080008ac                service_destroy_cb
 .text.new_service_cb
                0x080008cc       0x3c ./Core/Src/main.o
                0x080008cc                new_service_cb
 .text.main     0x08000908      0x220 ./Core/Src/main.o
                0x08000908                main
 .text.SystemClock_Config
                0x08000b28       0xec ./Core/Src/main.o
                0x08000b28                SystemClock_Config
 .text.MX_CRYP_Init
                0x08000c14       0x50 ./Core/Src/main.o
 .text.MX_RNG_Init
                0x08000c64       0x44 ./Core/Src/main.o
 .text.MX_USART1_UART_Init
                0x08000ca8       0xa8 ./Core/Src/main.o
 .text.MX_GPIO_Init
                0x08000d50       0x88 ./Core/Src/main.o
 .text.MPU_Config
                0x08000dd8       0x5a ./Core/Src/main.o
 .text.Error_Handler
                0x08000e32        0xc ./Core/Src/main.o
                0x08000e32                Error_Handler
 *fill*         0x08000e3e        0x2 
 .text.MX_RESMGR_UTILITY_Init
                0x08000e40       0x24 ./Core/Src/resmgr_utility.o
                0x08000e40                MX_RESMGR_UTILITY_Init
 .text.MX_RESMGR_UTILITY_SendMsg
                0x08000e64       0x4c ./Core/Src/resmgr_utility.o
                0x08000e64                MX_RESMGR_UTILITY_SendMsg
 .text.MX_RESMGR_UTILITY_Callback
                0x08000eb0       0x8c ./Core/Src/resmgr_utility.o
                0x08000eb0                MX_RESMGR_UTILITY_Callback
 .text.HAL_MspInit
                0x08000f3c       0x50 ./Core/Src/stm32h7xx_hal_msp.o
                0x08000f3c                HAL_MspInit
 .text.HAL_CRYP_MspInit
                0x08000f8c       0x44 ./Core/Src/stm32h7xx_hal_msp.o
                0x08000f8c                HAL_CRYP_MspInit
 .text.HAL_RNG_MspInit
                0x08000fd0       0x84 ./Core/Src/stm32h7xx_hal_msp.o
                0x08000fd0                HAL_RNG_MspInit
 .text.HAL_UART_MspInit
                0x08001054       0xd0 ./Core/Src/stm32h7xx_hal_msp.o
                0x08001054                HAL_UART_MspInit
 .text.HAL_UART_MspDeInit
                0x08001124       0x40 ./Core/Src/stm32h7xx_hal_msp.o
                0x08001124                HAL_UART_MspDeInit
 .text.NMI_Handler
                0x08001164        0x8 ./Core/Src/stm32h7xx_it.o
                0x08001164                NMI_Handler
 .text.HardFault_Handler
                0x0800116c        0x8 ./Core/Src/stm32h7xx_it.o
                0x0800116c                HardFault_Handler
 .text.MemManage_Handler
                0x08001174        0x8 ./Core/Src/stm32h7xx_it.o
                0x08001174                MemManage_Handler
 .text.BusFault_Handler
                0x0800117c        0x8 ./Core/Src/stm32h7xx_it.o
                0x0800117c                BusFault_Handler
 .text.UsageFault_Handler
                0x08001184        0x8 ./Core/Src/stm32h7xx_it.o
                0x08001184                UsageFault_Handler
 .text.SVC_Handler
                0x0800118c        0xe ./Core/Src/stm32h7xx_it.o
                0x0800118c                SVC_Handler
 .text.DebugMon_Handler
                0x0800119a        0xe ./Core/Src/stm32h7xx_it.o
                0x0800119a                DebugMon_Handler
 .text.PendSV_Handler
                0x080011a8        0xe ./Core/Src/stm32h7xx_it.o
                0x080011a8                PendSV_Handler
 .text.SysTick_Handler
                0x080011b6        0xc ./Core/Src/stm32h7xx_it.o
                0x080011b6                SysTick_Handler
 .text.CM4_SEV_IRQHandler
                0x080011c2        0xe ./Core/Src/stm32h7xx_it.o
                0x080011c2                CM4_SEV_IRQHandler
 .text.HASH_RNG_IRQHandler
                0x080011d0       0x14 ./Core/Src/stm32h7xx_it.o
                0x080011d0                HASH_RNG_IRQHandler
 .text.HSEM1_IRQHandler
                0x080011e4        0xc ./Core/Src/stm32h7xx_it.o
                0x080011e4                HSEM1_IRQHandler
 .text._getpid  0x080011f0       0x10 ./Core/Src/syscalls.o
                0x080011f0                _getpid
 .text._kill    0x08001200       0x20 ./Core/Src/syscalls.o
                0x08001200                _kill
 .text._exit    0x08001220       0x16 ./Core/Src/syscalls.o
                0x08001220                _exit
 .text._read    0x08001236       0x3a ./Core/Src/syscalls.o
                0x08001236                _read
 .text._write   0x08001270       0x38 ./Core/Src/syscalls.o
                0x08001270                _write
 .text._close   0x080012a8       0x18 ./Core/Src/syscalls.o
                0x080012a8                _close
 .text._fstat   0x080012c0       0x20 ./Core/Src/syscalls.o
                0x080012c0                _fstat
 .text._isatty  0x080012e0       0x16 ./Core/Src/syscalls.o
                0x080012e0                _isatty
 .text._lseek   0x080012f6       0x1a ./Core/Src/syscalls.o
                0x080012f6                _lseek
 .text._sbrk    0x08001310       0x6c ./Core/Src/sysmem.o
                0x08001310                _sbrk
 .text.Reset_Handler
                0x0800137c       0x50 ./Core/Startup/startup_stm32h757xihx.o
                0x0800137c                Reset_Handler
 .text.Default_Handler
                0x080013cc        0x2 ./Core/Startup/startup_stm32h757xihx.o
                0x080013cc                DMA1_Stream3_IRQHandler
                0x080013cc                EXTI2_IRQHandler
                0x080013cc                TIM8_CC_IRQHandler
                0x080013cc                HRTIM1_Master_IRQHandler
                0x080013cc                UART8_IRQHandler
                0x080013cc                SPI4_IRQHandler
                0x080013cc                TIM1_CC_IRQHandler
                0x080013cc                BDMA_Channel6_IRQHandler
                0x080013cc                DMA2_Stream5_IRQHandler
                0x080013cc                HRTIM1_FLT_IRQHandler
                0x080013cc                JPEG_IRQHandler
                0x080013cc                DMA1_Stream5_IRQHandler
                0x080013cc                BDMA_Channel1_IRQHandler
                0x080013cc                HRTIM1_TIMD_IRQHandler
                0x080013cc                TAMP_STAMP_IRQHandler
                0x080013cc                EXTI3_IRQHandler
                0x080013cc                LPTIM4_IRQHandler
                0x080013cc                TIM8_TRG_COM_TIM14_IRQHandler
                0x080013cc                LPTIM2_IRQHandler
                0x080013cc                DFSDM1_FLT1_IRQHandler
                0x080013cc                DMAMUX2_OVR_IRQHandler
                0x080013cc                TIM8_UP_TIM13_IRQHandler
                0x080013cc                I2C3_ER_IRQHandler
                0x080013cc                DFSDM1_FLT2_IRQHandler
                0x080013cc                MDMA_IRQHandler
                0x080013cc                LPTIM3_IRQHandler
                0x080013cc                EXTI0_IRQHandler
                0x080013cc                I2C2_EV_IRQHandler
                0x080013cc                DMA1_Stream2_IRQHandler
                0x080013cc                FPU_IRQHandler
                0x080013cc                OTG_HS_WKUP_IRQHandler
                0x080013cc                FDCAN1_IT1_IRQHandler
                0x080013cc                LTDC_ER_IRQHandler
                0x080013cc                DMA2_Stream2_IRQHandler
                0x080013cc                HRTIM1_TIME_IRQHandler
                0x080013cc                SPI1_IRQHandler
                0x080013cc                TIM6_DAC_IRQHandler
                0x080013cc                DCMI_IRQHandler
                0x080013cc                HRTIM1_TIMC_IRQHandler
                0x080013cc                DMA2_Stream3_IRQHandler
                0x080013cc                SAI2_IRQHandler
                0x080013cc                DFSDM1_FLT3_IRQHandler
                0x080013cc                USART6_IRQHandler
                0x080013cc                TIM17_IRQHandler
                0x080013cc                USART3_IRQHandler
                0x080013cc                BDMA_Channel7_IRQHandler
                0x080013cc                CRYP_IRQHandler
                0x080013cc                LPTIM5_IRQHandler
                0x080013cc                UART5_IRQHandler
                0x080013cc                ADC3_IRQHandler
                0x080013cc                DMA2_Stream0_IRQHandler
                0x080013cc                TIM4_IRQHandler
                0x080013cc                BDMA_Channel2_IRQHandler
                0x080013cc                QUADSPI_IRQHandler
                0x080013cc                I2C1_EV_IRQHandler
                0x080013cc                DMA1_Stream6_IRQHandler
                0x080013cc                DMAMUX1_OVR_IRQHandler
                0x080013cc                DMA1_Stream1_IRQHandler
                0x080013cc                TIM16_IRQHandler
                0x080013cc                UART4_IRQHandler
                0x080013cc                BDMA_Channel5_IRQHandler
                0x080013cc                TIM3_IRQHandler
                0x080013cc                RCC_IRQHandler
                0x080013cc                TIM8_BRK_TIM12_IRQHandler
                0x080013cc                TIM1_TRG_COM_IRQHandler
                0x080013cc                Default_Handler
                0x080013cc                ECC_IRQHandler
                0x080013cc                CEC_IRQHandler
                0x080013cc                EXTI15_10_IRQHandler
                0x080013cc                BDMA_Channel0_IRQHandler
                0x080013cc                ADC_IRQHandler
                0x080013cc                DMA1_Stream7_IRQHandler
                0x080013cc                HRTIM1_TIMA_IRQHandler
                0x080013cc                SPI5_IRQHandler
                0x080013cc                TIM7_IRQHandler
                0x080013cc                SDMMC1_IRQHandler
                0x080013cc                TIM5_IRQHandler
                0x080013cc                DMA2_Stream7_IRQHandler
                0x080013cc                TIM15_IRQHandler
                0x080013cc                PVD_AVD_IRQHandler
                0x080013cc                I2C3_EV_IRQHandler
                0x080013cc                EXTI9_5_IRQHandler
                0x080013cc                RTC_WKUP_IRQHandler
                0x080013cc                LTDC_IRQHandler
                0x080013cc                SAI3_IRQHandler
                0x080013cc                ETH_WKUP_IRQHandler
                0x080013cc                SPDIF_RX_IRQHandler
                0x080013cc                SPI2_IRQHandler
                0x080013cc                OTG_HS_EP1_IN_IRQHandler
                0x080013cc                DMA1_Stream0_IRQHandler
                0x080013cc                CRS_IRQHandler
                0x080013cc                CM7_SEV_IRQHandler
                0x080013cc                EXTI4_IRQHandler
                0x080013cc                HRTIM1_TIMB_IRQHandler
                0x080013cc                FDCAN2_IT1_IRQHandler
                0x080013cc                DSI_IRQHandler
                0x080013cc                ETH_IRQHandler
                0x080013cc                TIM1_UP_IRQHandler
                0x080013cc                WWDG_RST_IRQHandler
                0x080013cc                BDMA_Channel4_IRQHandler
                0x080013cc                OTG_HS_EP1_OUT_IRQHandler
                0x080013cc                WWDG_IRQHandler
                0x080013cc                SPI6_IRQHandler
                0x080013cc                MDIOS_IRQHandler
                0x080013cc                I2C4_EV_IRQHandler
                0x080013cc                FDCAN2_IT0_IRQHandler
                0x080013cc                LPUART1_IRQHandler
                0x080013cc                FDCAN1_IT0_IRQHandler
                0x080013cc                TIM2_IRQHandler
                0x080013cc                OTG_FS_WKUP_IRQHandler
                0x080013cc                OTG_HS_IRQHandler
                0x080013cc                HSEM2_IRQHandler
                0x080013cc                DMA2D_IRQHandler
                0x080013cc                TIM1_BRK_IRQHandler
                0x080013cc                EXTI1_IRQHandler
                0x080013cc                SDMMC2_IRQHandler
                0x080013cc                OTG_FS_EP1_OUT_IRQHandler
                0x080013cc                BDMA_Channel3_IRQHandler
                0x080013cc                HOLD_CORE_IRQHandler
                0x080013cc                UART7_IRQHandler
                0x080013cc                MDIOS_WKUP_IRQHandler
                0x080013cc                USART2_IRQHandler
                0x080013cc                DFSDM1_FLT0_IRQHandler
                0x080013cc                SAI4_IRQHandler
                0x080013cc                I2C2_ER_IRQHandler
                0x080013cc                DMA2_Stream1_IRQHandler
                0x080013cc                FLASH_IRQHandler
                0x080013cc                DMA2_Stream4_IRQHandler
                0x080013cc                USART1_IRQHandler
                0x080013cc                OTG_FS_IRQHandler
                0x080013cc                SPI3_IRQHandler
                0x080013cc                WAKEUP_PIN_IRQHandler
                0x080013cc                DMA1_Stream4_IRQHandler
                0x080013cc                OTG_FS_EP1_IN_IRQHandler
                0x080013cc                I2C1_ER_IRQHandler
                0x080013cc                FMC_IRQHandler
                0x080013cc                FDCAN_CAL_IRQHandler
                0x080013cc                SWPMI1_IRQHandler
                0x080013cc                COMP1_IRQHandler
                0x080013cc                LPTIM1_IRQHandler
                0x080013cc                I2C4_ER_IRQHandler
                0x080013cc                DMA2_Stream6_IRQHandler
                0x080013cc                SAI1_IRQHandler
                0x080013cc                RTC_Alarm_IRQHandler
 *fill*         0x080013ce        0x2 
 .text.BSP_COM_Init
                0x080013d0       0x80 ./Drivers/BSP/STM32H747I-EVAL/stm32h747i_eval.o
                0x080013d0                BSP_COM_Init
 .text.BSP_COM_DeInit
                0x08001450       0x5c ./Drivers/BSP/STM32H747I-EVAL/stm32h747i_eval.o
                0x08001450                BSP_COM_DeInit
 .text.MX_USART1_Init
                0x080014ac       0x64 ./Drivers/BSP/STM32H747I-EVAL/stm32h747i_eval.o
                0x080014ac                MX_USART1_Init
 .text.__io_putchar
                0x08001510       0x38 ./Drivers/BSP/STM32H747I-EVAL/stm32h747i_eval.o
                0x08001510                __io_putchar
 .text.USART1_MspInit
                0x08001548       0xb0 ./Drivers/BSP/STM32H747I-EVAL/stm32h747i_eval.o
 .text.USART1_MspDeInit
                0x080015f8       0x48 ./Drivers/BSP/STM32H747I-EVAL/stm32h747i_eval.o
 .text.HAL_Init
                0x08001640       0x78 ./Drivers/STM32H7xx_HAL_Driver/stm32h7xx_hal.o
                0x08001640                HAL_Init
 .text.HAL_InitTick
                0x080016b8       0x6c ./Drivers/STM32H7xx_HAL_Driver/stm32h7xx_hal.o
                0x080016b8                HAL_InitTick
 .text.HAL_IncTick
                0x08001724       0x28 ./Drivers/STM32H7xx_HAL_Driver/stm32h7xx_hal.o
                0x08001724                HAL_IncTick
 .text.HAL_GetTick
                0x0800174c       0x18 ./Drivers/STM32H7xx_HAL_Driver/stm32h7xx_hal.o
                0x0800174c                HAL_GetTick
 .text.HAL_Delay
                0x08001764       0x48 ./Drivers/STM32H7xx_HAL_Driver/stm32h7xx_hal.o
                0x08001764                HAL_Delay
 .text.HAL_GetREVID
                0x080017ac       0x18 ./Drivers/STM32H7xx_HAL_Driver/stm32h7xx_hal.o
                0x080017ac                HAL_GetREVID
 .text.__NVIC_SetPriorityGrouping
                0x080017c4       0x48 ./Drivers/STM32H7xx_HAL_Driver/stm32h7xx_hal_cortex.o
 .text.__NVIC_GetPriorityGrouping
                0x0800180c       0x1c ./Drivers/STM32H7xx_HAL_Driver/stm32h7xx_hal_cortex.o
 .text.__NVIC_EnableIRQ
                0x08001828       0x3c ./Drivers/STM32H7xx_HAL_Driver/stm32h7xx_hal_cortex.o
 .text.__NVIC_SetPriority
                0x08001864       0x54 ./Drivers/STM32H7xx_HAL_Driver/stm32h7xx_hal_cortex.o
 .text.NVIC_EncodePriority
                0x080018b8       0x66 ./Drivers/STM32H7xx_HAL_Driver/stm32h7xx_hal_cortex.o
 *fill*         0x0800191e        0x2 
 .text.SysTick_Config
                0x08001920       0x44 ./Drivers/STM32H7xx_HAL_Driver/stm32h7xx_hal_cortex.o
 .text.HAL_NVIC_SetPriorityGrouping
                0x08001964       0x16 ./Drivers/STM32H7xx_HAL_Driver/stm32h7xx_hal_cortex.o
                0x08001964                HAL_NVIC_SetPriorityGrouping
 .text.HAL_NVIC_SetPriority
                0x0800197a       0x34 ./Drivers/STM32H7xx_HAL_Driver/stm32h7xx_hal_cortex.o
                0x0800197a                HAL_NVIC_SetPriority
 .text.HAL_NVIC_EnableIRQ
                0x080019ae       0x1c ./Drivers/STM32H7xx_HAL_Driver/stm32h7xx_hal_cortex.o
                0x080019ae                HAL_NVIC_EnableIRQ
 .text.HAL_SYSTICK_Config
                0x080019ca       0x18 ./Drivers/STM32H7xx_HAL_Driver/stm32h7xx_hal_cortex.o
                0x080019ca                HAL_SYSTICK_Config
 *fill*         0x080019e2        0x2 
 .text.HAL_MPU_Disable
                0x080019e4       0x30 ./Drivers/STM32H7xx_HAL_Driver/stm32h7xx_hal_cortex.o
                0x080019e4                HAL_MPU_Disable
 .text.HAL_MPU_Enable
                0x08001a14       0x40 ./Drivers/STM32H7xx_HAL_Driver/stm32h7xx_hal_cortex.o
                0x08001a14                HAL_MPU_Enable
 .text.HAL_MPU_ConfigRegion
                0x08001a54       0x80 ./Drivers/STM32H7xx_HAL_Driver/stm32h7xx_hal_cortex.o
                0x08001a54                HAL_MPU_ConfigRegion
 .text.HAL_CRYP_Init
                0x08001ad4       0x80 ./Drivers/STM32H7xx_HAL_Driver/stm32h7xx_hal_cryp.o
                0x08001ad4                HAL_CRYP_Init
 .text.HAL_CRYP_Encrypt
                0x08001b54      0x27c ./Drivers/STM32H7xx_HAL_Driver/stm32h7xx_hal_cryp.o
                0x08001b54                HAL_CRYP_Encrypt
 .text.HAL_CRYP_ErrorCallback
                0x08001dd0       0x14 ./Drivers/STM32H7xx_HAL_Driver/stm32h7xx_hal_cryp.o
                0x08001dd0                HAL_CRYP_ErrorCallback
 .text.CRYP_TDES_Process
                0x08001de4      0x188 ./Drivers/STM32H7xx_HAL_Driver/stm32h7xx_hal_cryp.o
 .text.CRYP_AES_Encrypt
                0x08001f6c       0xe2 ./Drivers/STM32H7xx_HAL_Driver/stm32h7xx_hal_cryp.o
 .text.CRYP_AES_ProcessData
                0x0800204e      0x198 ./Drivers/STM32H7xx_HAL_Driver/stm32h7xx_hal_cryp.o
 .text.CRYP_SetKey
                0x080021e6      0x116 ./Drivers/STM32H7xx_HAL_Driver/stm32h7xx_hal_cryp.o
 .text.CRYP_AESGCM_Process
                0x080022fc      0x512 ./Drivers/STM32H7xx_HAL_Driver/stm32h7xx_hal_cryp.o
 .text.CRYP_AESCCM_Process
                0x0800280e      0x5fe ./Drivers/STM32H7xx_HAL_Driver/stm32h7xx_hal_cryp.o
 .text.CRYP_GCMCCM_SetHeaderPhase
                0x08002e0c      0x374 ./Drivers/STM32H7xx_HAL_Driver/stm32h7xx_hal_cryp.o
 .text.CRYP_Workaround
                0x08003180      0x95c ./Drivers/STM32H7xx_HAL_Driver/stm32h7xx_hal_cryp.o
 .text.CRYP_WaitOnIFEMFlag
                0x08003adc       0x4c ./Drivers/STM32H7xx_HAL_Driver/stm32h7xx_hal_cryp.o
 .text.CRYP_WaitOnBUSYFlag
                0x08003b28       0x4c ./Drivers/STM32H7xx_HAL_Driver/stm32h7xx_hal_cryp.o
 .text.CRYP_WaitOnOFNEFlag
                0x08003b74       0x4c ./Drivers/STM32H7xx_HAL_Driver/stm32h7xx_hal_cryp.o
 .text.HAL_GPIO_Init
                0x08003bc0      0x360 ./Drivers/STM32H7xx_HAL_Driver/stm32h7xx_hal_gpio.o
                0x08003bc0                HAL_GPIO_Init
 .text.HAL_GPIO_DeInit
                0x08003f20      0x214 ./Drivers/STM32H7xx_HAL_Driver/stm32h7xx_hal_gpio.o
                0x08003f20                HAL_GPIO_DeInit
 .text.HAL_GPIO_WritePin
                0x08004134       0x32 ./Drivers/STM32H7xx_HAL_Driver/stm32h7xx_hal_gpio.o
                0x08004134                HAL_GPIO_WritePin
 *fill*         0x08004166        0x2 
 .text.HAL_HSEM_FastTake
                0x08004168       0x34 ./Drivers/STM32H7xx_HAL_Driver/stm32h7xx_hal_hsem.o
                0x08004168                HAL_HSEM_FastTake
 .text.HAL_HSEM_Release
                0x0800419c       0x28 ./Drivers/STM32H7xx_HAL_Driver/stm32h7xx_hal_hsem.o
                0x0800419c                HAL_HSEM_Release
 .text.HAL_HSEM_ActivateNotification
                0x080041c4       0x24 ./Drivers/STM32H7xx_HAL_Driver/stm32h7xx_hal_hsem.o
                0x080041c4                HAL_HSEM_ActivateNotification
 .text.HAL_HSEM_IRQHandler
                0x080041e8       0x34 ./Drivers/STM32H7xx_HAL_Driver/stm32h7xx_hal_hsem.o
                0x080041e8                HAL_HSEM_IRQHandler
 .text.HAL_PWREx_ConfigSupply
                0x0800421c       0xb4 ./Drivers/STM32H7xx_HAL_Driver/stm32h7xx_hal_pwr_ex.o
                0x0800421c                HAL_PWREx_ConfigSupply
 .text.HAL_RCC_OscConfig
                0x080042d0      0x8b4 ./Drivers/STM32H7xx_HAL_Driver/stm32h7xx_hal_rcc.o
                0x080042d0                HAL_RCC_OscConfig
 .text.HAL_RCC_ClockConfig
                0x08004b84      0x36c ./Drivers/STM32H7xx_HAL_Driver/stm32h7xx_hal_rcc.o
                0x08004b84                HAL_RCC_ClockConfig
 .text.HAL_RCC_GetSysClockFreq
                0x08004ef0      0x2f4 ./Drivers/STM32H7xx_HAL_Driver/stm32h7xx_hal_rcc.o
                0x08004ef0                HAL_RCC_GetSysClockFreq
 .text.HAL_RCC_GetHCLKFreq
                0x080051e4       0x60 ./Drivers/STM32H7xx_HAL_Driver/stm32h7xx_hal_rcc.o
                0x080051e4                HAL_RCC_GetHCLKFreq
 .text.HAL_RCC_GetPCLK1Freq
                0x08005244       0x2c ./Drivers/STM32H7xx_HAL_Driver/stm32h7xx_hal_rcc.o
                0x08005244                HAL_RCC_GetPCLK1Freq
 .text.HAL_RCC_GetPCLK2Freq
                0x08005270       0x2c ./Drivers/STM32H7xx_HAL_Driver/stm32h7xx_hal_rcc.o
                0x08005270                HAL_RCC_GetPCLK2Freq
 .text.HAL_RCCEx_PeriphCLKConfig
                0x0800529c     0x1494 ./Drivers/STM32H7xx_HAL_Driver/stm32h7xx_hal_rcc_ex.o
                0x0800529c                HAL_RCCEx_PeriphCLKConfig
 .text.HAL_RCCEx_GetD3PCLK1Freq
                0x08006730       0x2c ./Drivers/STM32H7xx_HAL_Driver/stm32h7xx_hal_rcc_ex.o
                0x08006730                HAL_RCCEx_GetD3PCLK1Freq
 .text.HAL_RCCEx_GetPLL2ClockFreq
                0x0800675c      0x2a8 ./Drivers/STM32H7xx_HAL_Driver/stm32h7xx_hal_rcc_ex.o
                0x0800675c                HAL_RCCEx_GetPLL2ClockFreq
 .text.HAL_RCCEx_GetPLL3ClockFreq
                0x08006a04      0x2a8 ./Drivers/STM32H7xx_HAL_Driver/stm32h7xx_hal_rcc_ex.o
                0x08006a04                HAL_RCCEx_GetPLL3ClockFreq
 .text.RCCEx_PLL2_Config
                0x08006cac      0x164 ./Drivers/STM32H7xx_HAL_Driver/stm32h7xx_hal_rcc_ex.o
 .text.RCCEx_PLL3_Config
                0x08006e10      0x164 ./Drivers/STM32H7xx_HAL_Driver/stm32h7xx_hal_rcc_ex.o
 .text.HAL_RNG_Init
                0x08006f74       0xc4 ./Drivers/STM32H7xx_HAL_Driver/stm32h7xx_hal_rng.o
                0x08006f74                HAL_RNG_Init
 .text.HAL_RNG_GenerateRandomNumber
                0x08007038       0xac ./Drivers/STM32H7xx_HAL_Driver/stm32h7xx_hal_rng.o
                0x08007038                HAL_RNG_GenerateRandomNumber
 .text.HAL_RNG_IRQHandler
                0x080070e4       0xd4 ./Drivers/STM32H7xx_HAL_Driver/stm32h7xx_hal_rng.o
                0x080070e4                HAL_RNG_IRQHandler
 .text.HAL_RNG_ReadyDataCallback
                0x080071b8       0x16 ./Drivers/STM32H7xx_HAL_Driver/stm32h7xx_hal_rng.o
                0x080071b8                HAL_RNG_ReadyDataCallback
 .text.HAL_RNG_ErrorCallback
                0x080071ce       0x14 ./Drivers/STM32H7xx_HAL_Driver/stm32h7xx_hal_rng.o
                0x080071ce                HAL_RNG_ErrorCallback
 .text.HAL_UART_Init
                0x080071e2       0xa0 ./Drivers/STM32H7xx_HAL_Driver/stm32h7xx_hal_uart.o
                0x080071e2                HAL_UART_Init
 .text.HAL_UART_DeInit
                0x08007282       0x7e ./Drivers/STM32H7xx_HAL_Driver/stm32h7xx_hal_uart.o
                0x08007282                HAL_UART_DeInit
 .text.HAL_UART_Transmit
                0x08007300      0x11c ./Drivers/STM32H7xx_HAL_Driver/stm32h7xx_hal_uart.o
                0x08007300                HAL_UART_Transmit
 .text.UART_SetConfig
                0x0800741c      0xad0 ./Drivers/STM32H7xx_HAL_Driver/stm32h7xx_hal_uart.o
                0x0800741c                UART_SetConfig
 .text.UART_AdvFeatureConfig
                0x08007eec      0x144 ./Drivers/STM32H7xx_HAL_Driver/stm32h7xx_hal_uart.o
                0x08007eec                UART_AdvFeatureConfig
 .text.UART_CheckIdleState
                0x08008030      0x154 ./Drivers/STM32H7xx_HAL_Driver/stm32h7xx_hal_uart.o
                0x08008030                UART_CheckIdleState
 .text.UART_WaitOnFlagUntilTimeout
                0x08008184       0xda ./Drivers/STM32H7xx_HAL_Driver/stm32h7xx_hal_uart.o
                0x08008184                UART_WaitOnFlagUntilTimeout
 *fill*         0x0800825e        0x2 
 .text.UART_EndRxTransfer
                0x08008260       0xcc ./Drivers/STM32H7xx_HAL_Driver/stm32h7xx_hal_uart.o
 .text.HAL_UARTEx_DisableFifoMode
                0x0800832c       0x72 ./Drivers/STM32H7xx_HAL_Driver/stm32h7xx_hal_uart_ex.o
                0x0800832c                HAL_UARTEx_DisableFifoMode
 .text.HAL_UARTEx_SetTxFifoThreshold
                0x0800839e       0x7c ./Drivers/STM32H7xx_HAL_Driver/stm32h7xx_hal_uart_ex.o
                0x0800839e                HAL_UARTEx_SetTxFifoThreshold
 .text.HAL_UARTEx_SetRxFifoThreshold
                0x0800841a       0x7c ./Drivers/STM32H7xx_HAL_Driver/stm32h7xx_hal_uart_ex.o
                0x0800841a                HAL_UARTEx_SetRxFifoThreshold
 *fill*         0x08008496        0x2 
 .text.UARTEx_SetNbDataToProcess
                0x08008498       0x9c ./Drivers/STM32H7xx_HAL_Driver/stm32h7xx_hal_uart_ex.o
 .text.metal_list_init
                0x08008534       0x22 ./Middlewares/Third_Party/OpenAMP/device.o
 .text.metal_list_add_before
                0x08008556       0x34 ./Middlewares/Third_Party/OpenAMP/device.o
 .text.metal_list_add_tail
                0x0800858a       0x1a ./Middlewares/Third_Party/OpenAMP/device.o
 .text.__metal_cache_flush
                0x080085a4       0x1a ./Middlewares/Third_Party/OpenAMP/device.o
 .text.__metal_cache_invalidate
                0x080085be       0x1a ./Middlewares/Third_Party/OpenAMP/device.o
 .text.metal_cache_flush
                0x080085d8       0x1a ./Middlewares/Third_Party/OpenAMP/device.o
 .text.metal_cache_invalidate
                0x080085f2       0x1a ./Middlewares/Third_Party/OpenAMP/device.o
 .text.metal_bus_register
                0x0800860c       0x88 ./Middlewares/Third_Party/OpenAMP/device.o
                0x0800860c                metal_bus_register
 .text.metal_bus_find
                0x08008694       0x60 ./Middlewares/Third_Party/OpenAMP/device.o
                0x08008694                metal_bus_find
 .text.metal_device_open
                0x080086f4       0x7c ./Middlewares/Third_Party/OpenAMP/device.o
                0x080086f4                metal_device_open
 .text.metal_register_generic_device
                0x08008770       0x4c ./Middlewares/Third_Party/OpenAMP/device.o
                0x08008770                metal_register_generic_device
 .text.metal_generic_dev_open
                0x080087bc       0x60 ./Middlewares/Third_Party/OpenAMP/device.o
                0x080087bc                metal_generic_dev_open
 .text.metal_generic_dev_dma_map
                0x0800881c       0xa2 ./Middlewares/Third_Party/OpenAMP/device.o
                0x0800881c                metal_generic_dev_dma_map
 .text.metal_generic_dev_dma_unmap
                0x080088be       0x56 ./Middlewares/Third_Party/OpenAMP/device.o
                0x080088be                metal_generic_dev_dma_unmap
 .text.metal_generic_dev_sys_open
                0x08008914       0x4e ./Middlewares/Third_Party/OpenAMP/generic_device.o
                0x08008914                metal_generic_dev_sys_open
 *fill*         0x08008962        0x2 
 .text.metal_sys_init
                0x08008964       0x1c ./Middlewares/Third_Party/OpenAMP/generic_init.o
                0x08008964                metal_sys_init
 .text.metal_sys_io_mem_map
                0x08008980       0x7c ./Middlewares/Third_Party/OpenAMP/generic_io.o
                0x08008980                metal_sys_io_mem_map
 .text.metal_list_init
                0x080089fc       0x22 ./Middlewares/Third_Party/OpenAMP/init.o
 *fill*         0x08008a1e        0x2 
 .text.metal_init
                0x08008a20       0x64 ./Middlewares/Third_Party/OpenAMP/init.o
                0x08008a20                metal_init
 .text.metal_io_virt
                0x08008a84       0x36 ./Middlewares/Third_Party/OpenAMP/io.o
 .text.metal_io_init
                0x08008aba       0x9e ./Middlewares/Third_Party/OpenAMP/io.o
                0x08008aba                metal_io_init
 .text.metal_io_block_read
                0x08008b58       0xee ./Middlewares/Third_Party/OpenAMP/io.o
                0x08008b58                metal_io_block_read
 .text.metal_io_block_write
                0x08008c46       0xec ./Middlewares/Third_Party/OpenAMP/io.o
                0x08008c46                metal_io_block_write
 .text.metal_io_block_set
                0x08008d32       0xf2 ./Middlewares/Third_Party/OpenAMP/io.o
                0x08008d32                metal_io_block_set
 .text.metal_default_log_handler
                0x08008e24       0x1a ./Middlewares/Third_Party/OpenAMP/log.o
                0x08008e24                metal_default_log_handler
 .text.metal_io_virt
                0x08008e3e       0x36 ./Middlewares/Third_Party/OpenAMP/remoteproc_virtio.o
 .text.metal_io_virt_to_offset
                0x08008e74       0x32 ./Middlewares/Third_Party/OpenAMP/remoteproc_virtio.o
 *fill*         0x08008ea6        0x2 
 .text.metal_io_read
                0x08008ea8      0x104 ./Middlewares/Third_Party/OpenAMP/remoteproc_virtio.o
 .text.metal_io_write
                0x08008fac       0xec ./Middlewares/Third_Party/OpenAMP/remoteproc_virtio.o
 .text.metal_allocate_memory
                0x08009098       0x18 ./Middlewares/Third_Party/OpenAMP/remoteproc_virtio.o
 .text.metal_free_memory
                0x080090b0       0x16 ./Middlewares/Third_Party/OpenAMP/remoteproc_virtio.o
 .text.virtqueue_allocate
                0x080090c6       0x32 ./Middlewares/Third_Party/OpenAMP/remoteproc_virtio.o
 .text.rproc_virtio_virtqueue_notify
                0x080090f8       0x68 ./Middlewares/Third_Party/OpenAMP/remoteproc_virtio.o
 .text.rproc_virtio_get_status
                0x08009160       0x44 ./Middlewares/Third_Party/OpenAMP/remoteproc_virtio.o
 .text.rproc_virtio_set_status
                0x080091a4       0x5e ./Middlewares/Third_Party/OpenAMP/remoteproc_virtio.o
 .text.rproc_virtio_get_features
                0x08009202       0x44 ./Middlewares/Third_Party/OpenAMP/remoteproc_virtio.o
 .text.rproc_virtio_set_features
                0x08009246       0x5c ./Middlewares/Third_Party/OpenAMP/remoteproc_virtio.o
 .text.rproc_virtio_negotiate_features
                0x080092a2       0x18 ./Middlewares/Third_Party/OpenAMP/remoteproc_virtio.o
 .text.rproc_virtio_read_config
                0x080092ba       0x1a ./Middlewares/Third_Party/OpenAMP/remoteproc_virtio.o
 .text.rproc_virtio_write_config
                0x080092d4       0x1a ./Middlewares/Third_Party/OpenAMP/remoteproc_virtio.o
 .text.rproc_virtio_reset_device
                0x080092ee       0x20 ./Middlewares/Third_Party/OpenAMP/remoteproc_virtio.o
 *fill*         0x0800930e        0x2 
 .text.rproc_virtio_create_vdev
                0x08009310      0x15c ./Middlewares/Third_Party/OpenAMP/remoteproc_virtio.o
                0x08009310                rproc_virtio_create_vdev
 .text.rproc_virtio_init_vring
                0x0800946c       0x62 ./Middlewares/Third_Party/OpenAMP/remoteproc_virtio.o
                0x0800946c                rproc_virtio_init_vring
 .text.rproc_virtio_notified
                0x080094ce       0x78 ./Middlewares/Third_Party/OpenAMP/remoteproc_virtio.o
                0x080094ce                rproc_virtio_notified
 .text.rproc_virtio_wait_remote_ready
                0x08009546       0x32 ./Middlewares/Third_Party/OpenAMP/remoteproc_virtio.o
                0x08009546                rproc_virtio_wait_remote_ready
 .text.__metal_mutex_acquire
                0x08009578       0x38 ./Middlewares/Third_Party/OpenAMP/rpmsg.o
 .text.__metal_mutex_release
                0x080095b0       0x22 ./Middlewares/Third_Party/OpenAMP/rpmsg.o
 .text.metal_mutex_acquire
                0x080095d2       0x16 ./Middlewares/Third_Party/OpenAMP/rpmsg.o
 .text.metal_mutex_release
                0x080095e8       0x16 ./Middlewares/Third_Party/OpenAMP/rpmsg.o
 .text.metal_list_add_before
                0x080095fe       0x34 ./Middlewares/Third_Party/OpenAMP/rpmsg.o
 .text.metal_list_add_tail
                0x08009632       0x1a ./Middlewares/Third_Party/OpenAMP/rpmsg.o
 .text.metal_list_del
                0x0800964c       0x36 ./Middlewares/Third_Party/OpenAMP/rpmsg.o
 .text.metal_bitmap_set_bit
                0x08009682       0x38 ./Middlewares/Third_Party/OpenAMP/rpmsg.o
 .text.metal_bitmap_is_bit_set
                0x080096ba       0x30 ./Middlewares/Third_Party/OpenAMP/rpmsg.o
 .text.metal_bitmap_clear_bit
                0x080096ea       0x3a ./Middlewares/Third_Party/OpenAMP/rpmsg.o
 .text.metal_bitmap_is_bit_clear
                0x08009724       0x26 ./Middlewares/Third_Party/OpenAMP/rpmsg.o
 .text.metal_bitmap_next_clear_bit
                0x0800974a       0x3a ./Middlewares/Third_Party/OpenAMP/rpmsg.o
 .text.rpmsg_init_ept
                0x08009784       0x3a ./Middlewares/Third_Party/OpenAMP/rpmsg.o
 .text.rpmsg_get_address
                0x080097be       0x3e ./Middlewares/Third_Party/OpenAMP/rpmsg.o
 .text.rpmsg_release_address
                0x080097fc       0x24 ./Middlewares/Third_Party/OpenAMP/rpmsg.o
 .text.rpmsg_is_address_set
                0x08009820       0x30 ./Middlewares/Third_Party/OpenAMP/rpmsg.o
 .text.rpmsg_set_address
                0x08009850       0x30 ./Middlewares/Third_Party/OpenAMP/rpmsg.o
 .text.rpmsg_send_offchannel_raw
                0x08009880       0x64 ./Middlewares/Third_Party/OpenAMP/rpmsg.o
                0x08009880                rpmsg_send_offchannel_raw
 .text.rpmsg_send_ns_message
                0x080098e4       0x50 ./Middlewares/Third_Party/OpenAMP/rpmsg.o
                0x080098e4                rpmsg_send_ns_message
 .text.rpmsg_get_endpoint
                0x08009934       0xc0 ./Middlewares/Third_Party/OpenAMP/rpmsg.o
                0x08009934                rpmsg_get_endpoint
 .text.rpmsg_unregister_endpoint
                0x080099f4       0x44 ./Middlewares/Third_Party/OpenAMP/rpmsg.o
 .text.rpmsg_register_endpoint
                0x08009a38       0x28 ./Middlewares/Third_Party/OpenAMP/rpmsg.o
                0x08009a38                rpmsg_register_endpoint
 .text.rpmsg_create_ept
                0x08009a60       0xfc ./Middlewares/Third_Party/OpenAMP/rpmsg.o
                0x08009a60                rpmsg_create_ept
 .text.__metal_cache_invalidate
                0x08009b5c       0x1a ./Middlewares/Third_Party/OpenAMP/rpmsg_virtio.o
 .text.metal_cache_invalidate
                0x08009b76       0x1a ./Middlewares/Third_Party/OpenAMP/rpmsg_virtio.o
 .text.__metal_sleep_usec
                0x08009b90       0x16 ./Middlewares/Third_Party/OpenAMP/rpmsg_virtio.o
 .text.metal_sleep_usec
                0x08009ba6       0x18 ./Middlewares/Third_Party/OpenAMP/rpmsg_virtio.o
 .text.metal_list_init
                0x08009bbe       0x22 ./Middlewares/Third_Party/OpenAMP/rpmsg_virtio.o
 .text.metal_io_virt_to_offset
                0x08009be0       0x32 ./Middlewares/Third_Party/OpenAMP/rpmsg_virtio.o
 .text.__metal_mutex_init
                0x08009c12       0x2c ./Middlewares/Third_Party/OpenAMP/rpmsg_virtio.o
 .text.__metal_mutex_acquire
                0x08009c3e       0x38 ./Middlewares/Third_Party/OpenAMP/rpmsg_virtio.o
 .text.__metal_mutex_release
                0x08009c76       0x22 ./Middlewares/Third_Party/OpenAMP/rpmsg_virtio.o
 .text.metal_mutex_init
                0x08009c98       0x16 ./Middlewares/Third_Party/OpenAMP/rpmsg_virtio.o
 .text.metal_mutex_acquire
                0x08009cae       0x16 ./Middlewares/Third_Party/OpenAMP/rpmsg_virtio.o
 .text.metal_mutex_release
                0x08009cc4       0x16 ./Middlewares/Third_Party/OpenAMP/rpmsg_virtio.o
 .text.rpmsg_init_ept
                0x08009cda       0x3a ./Middlewares/Third_Party/OpenAMP/rpmsg_virtio.o
 .text.rpmsg_virtio_get_role
                0x08009d14       0x1a ./Middlewares/Third_Party/OpenAMP/rpmsg_virtio.o
 .text.rpmsg_virtio_set_status
                0x08009d2e       0x26 ./Middlewares/Third_Party/OpenAMP/rpmsg_virtio.o
 .text.rpmsg_virtio_get_status
                0x08009d54       0x22 ./Middlewares/Third_Party/OpenAMP/rpmsg_virtio.o
 .text.rpmsg_virtio_get_features
                0x08009d76       0x22 ./Middlewares/Third_Party/OpenAMP/rpmsg_virtio.o
 .text.rpmsg_virtio_create_virtqueues
                0x08009d98       0x2a ./Middlewares/Third_Party/OpenAMP/rpmsg_virtio.o
 .text.rpmsg_get_ept_from_addr
                0x08009dc2       0x22 ./Middlewares/Third_Party/OpenAMP/rpmsg_virtio.o
 .text.rpmsg_virtio_shm_pool_get_buffer
                0x08009de4       0x44 ./Middlewares/Third_Party/OpenAMP/rpmsg_virtio.o
                0x08009de4                rpmsg_virtio_shm_pool_get_buffer
 .text.rpmsg_virtio_init_shm_pool
                0x08009e28       0x5a ./Middlewares/Third_Party/OpenAMP/rpmsg_virtio.o
                0x08009e28                rpmsg_virtio_init_shm_pool
 .text.rpmsg_virtio_return_buffer
                0x08009e82       0x40 ./Middlewares/Third_Party/OpenAMP/rpmsg_virtio.o
 .text.rpmsg_virtio_enqueue_buffer
                0x08009ec2       0x46 ./Middlewares/Third_Party/OpenAMP/rpmsg_virtio.o
 .text.rpmsg_virtio_get_tx_buffer
                0x08009f08       0x56 ./Middlewares/Third_Party/OpenAMP/rpmsg_virtio.o
 .text.rpmsg_virtio_get_rx_buffer
                0x08009f5e       0x4a ./Middlewares/Third_Party/OpenAMP/rpmsg_virtio.o
 .text._rpmsg_virtio_get_buffer_size
                0x08009fa8       0x2a ./Middlewares/Third_Party/OpenAMP/rpmsg_virtio.o
 *fill*         0x08009fd2        0x2 
 .text.rpmsg_virtio_send_offchannel_raw
                0x08009fd4      0x154 ./Middlewares/Third_Party/OpenAMP/rpmsg_virtio.o
 .text.rpmsg_virtio_tx_callback
                0x0800a128       0x14 ./Middlewares/Third_Party/OpenAMP/rpmsg_virtio.o
 .text.rpmsg_virtio_rx_callback
                0x0800a13c       0xec ./Middlewares/Third_Party/OpenAMP/rpmsg_virtio.o
 .text.rpmsg_virtio_ns_callback
                0x0800a228       0xe4 ./Middlewares/Third_Party/OpenAMP/rpmsg_virtio.o
 .text.rpmsg_init_vdev
                0x0800a30c      0x1d4 ./Middlewares/Third_Party/OpenAMP/rpmsg_virtio.o
                0x0800a30c                rpmsg_init_vdev
 .text.metal_machine_cache_flush
                0x0800a4e0       0x16 ./Middlewares/Third_Party/OpenAMP/sys.o
                0x0800a4e0                metal_machine_cache_flush
 .text.metal_machine_cache_invalidate
                0x0800a4f6       0x16 ./Middlewares/Third_Party/OpenAMP/sys.o
                0x0800a4f6                metal_machine_cache_invalidate
 .text.metal_machine_io_mem_map
                0x0800a50c       0x1c ./Middlewares/Third_Party/OpenAMP/sys.o
                0x0800a50c                metal_machine_io_mem_map
 .text.vring_size
                0x0800a528       0x46 ./Middlewares/Third_Party/OpenAMP/virtio.o
 .text.metal_io_virt_to_offset
                0x0800a56e       0x32 ./Middlewares/Third_Party/OpenAMP/virtio.o
 .text.virtio_create_virtqueues
                0x0800a5a0       0xd2 ./Middlewares/Third_Party/OpenAMP/virtio.o
                0x0800a5a0                virtio_create_virtqueues
 .text.vring_init
                0x0800a672       0x52 ./Middlewares/Third_Party/OpenAMP/virtqueue.o
 .text.vring_need_event
                0x0800a6c4       0x3c ./Middlewares/Third_Party/OpenAMP/virtqueue.o
 .text.metal_io_virt_to_offset
                0x0800a700       0x32 ./Middlewares/Third_Party/OpenAMP/virtqueue.o
 .text.metal_io_phys
                0x0800a732       0x5c ./Middlewares/Third_Party/OpenAMP/virtqueue.o
 .text.metal_io_virt_to_phys
                0x0800a78e       0x26 ./Middlewares/Third_Party/OpenAMP/virtqueue.o
 .text.virtqueue_virt_to_phys
                0x0800a7b4       0x22 ./Middlewares/Third_Party/OpenAMP/virtqueue.o
 .text.virtqueue_create
                0x0800a7d6       0x68 ./Middlewares/Third_Party/OpenAMP/virtqueue.o
                0x0800a7d6                virtqueue_create
 .text.virtqueue_add_buffer
                0x0800a83e       0x88 ./Middlewares/Third_Party/OpenAMP/virtqueue.o
                0x0800a83e                virtqueue_add_buffer
 .text.virtqueue_get_buffer
                0x0800a8c6       0xa0 ./Middlewares/Third_Party/OpenAMP/virtqueue.o
                0x0800a8c6                virtqueue_get_buffer
 .text.virtqueue_disable_cb
                0x0800a966       0x54 ./Middlewares/Third_Party/OpenAMP/virtqueue.o
                0x0800a966                virtqueue_disable_cb
 .text.virtqueue_kick
                0x0800a9ba       0x2c ./Middlewares/Third_Party/OpenAMP/virtqueue.o
                0x0800a9ba                virtqueue_kick
 .text.vq_ring_add_buffer
                0x0800a9e6       0xae ./Middlewares/Third_Party/OpenAMP/virtqueue.o
 .text.vq_ring_free_chain
                0x0800aa94       0x8e ./Middlewares/Third_Party/OpenAMP/virtqueue.o
 .text.vq_ring_init
                0x0800ab22       0x66 ./Middlewares/Third_Party/OpenAMP/virtqueue.o
 .text.vq_ring_update_avail
                0x0800ab88       0x5a ./Middlewares/Third_Party/OpenAMP/virtqueue.o
 .text.virtqueue_notification
                0x0800abe2       0x24 ./Middlewares/Third_Party/OpenAMP/virtqueue.o
                0x0800abe2                virtqueue_notification
 .text.vq_ring_must_notify_host
                0x0800ac06       0x6c ./Middlewares/Third_Party/OpenAMP/virtqueue.o
 .text.vq_ring_notify_host
                0x0800ac72       0x20 ./Middlewares/Third_Party/OpenAMP/virtqueue.o
 *fill*         0x0800ac92        0x2 
 .text.HAL_HSEM_FreeCallback
                0x0800ac94       0x20 ./OPENAMP/mbox_hsem.o
                0x0800ac94                HAL_HSEM_FreeCallback
 .text.MAILBOX_Init
                0x0800acb4       0x38 ./OPENAMP/mbox_hsem.o
                0x0800acb4                MAILBOX_Init
 .text.MAILBOX_Poll
                0x0800acec       0x34 ./OPENAMP/mbox_hsem.o
                0x0800acec                MAILBOX_Poll
 .text.MAILBOX_Notify
                0x0800ad20       0x22 ./OPENAMP/mbox_hsem.o
                0x0800ad20                MAILBOX_Notify
 .text.is_rpmsg_ept_ready
                0x0800ad42       0x2e ./OPENAMP/openamp.o
 .text.metal_device_io_region
                0x0800ad70       0x36 ./OPENAMP/openamp.o
 *fill*         0x0800ada6        0x2 
 .text.OPENAMP_shmem_init
                0x0800ada8      0x140 ./OPENAMP/openamp.o
 .text.MX_OPENAMP_Init
                0x0800aee8      0x12c ./OPENAMP/openamp.o
                0x0800aee8                MX_OPENAMP_Init
 .text.OPENAMP_create_endpoint
                0x0800b014       0x3c ./OPENAMP/openamp.o
                0x0800b014                OPENAMP_create_endpoint
 .text.OPENAMP_check_for_message
                0x0800b050       0x18 ./OPENAMP/openamp.o
                0x0800b050                OPENAMP_check_for_message
 .text.OPENAMP_Wait_EndPointready
                0x0800b068       0x30 ./OPENAMP/openamp.o
                0x0800b068                OPENAMP_Wait_EndPointready
 .text.resource_table_init
                0x0800b098       0x94 ./OPENAMP/rsc_table.o
                0x0800b098                resource_table_init
 .text.ResMgr_Init
                0x0800b12c      0x13c ./Utilities/res_mgr.o
                0x0800b12c                ResMgr_Init
 .text.ResMgr_Request
                0x0800b268      0x220 ./Utilities/res_mgr.o
                0x0800b268                ResMgr_Request
 .text.__assert_func
                0x0800b488       0x3c /Applications/STM32CubeIDE.app/Contents/Eclipse/plugins/com.st.stm32cube.ide.mcu.externaltools.gnu-tools-for-stm32.12.3.rel1.macos64_1.0.100.202403111906/tools/bin/../lib/gcc/arm-none-eabi/12.3.1/../../../../arm-none-eabi/lib/thumb/v7e-m+dp/hard/libc_nano.a(libc_a-assert.o)
                0x0800b488                __assert_func
 .text.malloc   0x0800b4c4       0x10 /Applications/STM32CubeIDE.app/Contents/Eclipse/plugins/com.st.stm32cube.ide.mcu.externaltools.gnu-tools-for-stm32.12.3.rel1.macos64_1.0.100.202403111906/tools/bin/../lib/gcc/arm-none-eabi/12.3.1/../../../../arm-none-eabi/lib/thumb/v7e-m+dp/hard/libc_nano.a(libc_a-malloc.o)
                0x0800b4c4                malloc
 .text.free     0x0800b4d4       0x10 /Applications/STM32CubeIDE.app/Contents/Eclipse/plugins/com.st.stm32cube.ide.mcu.externaltools.gnu-tools-for-stm32.12.3.rel1.macos64_1.0.100.202403111906/tools/bin/../lib/gcc/arm-none-eabi/12.3.1/../../../../arm-none-eabi/lib/thumb/v7e-m+dp/hard/libc_nano.a(libc_a-malloc.o)
                0x0800b4d4                free
 .text.sbrk_aligned
                0x0800b4e4       0x44 /Applications/STM32CubeIDE.app/Contents/Eclipse/plugins/com.st.stm32cube.ide.mcu.externaltools.gnu-tools-for-stm32.12.3.rel1.macos64_1.0.100.202403111906/tools/bin/../lib/gcc/arm-none-eabi/12.3.1/../../../../arm-none-eabi/lib/thumb/v7e-m+dp/hard/libc_nano.a(libc_a-mallocr.o)
 .text._malloc_r
                0x0800b528      0x100 /Applications/STM32CubeIDE.app/Contents/Eclipse/plugins/com.st.stm32cube.ide.mcu.externaltools.gnu-tools-for-stm32.12.3.rel1.macos64_1.0.100.202403111906/tools/bin/../lib/gcc/arm-none-eabi/12.3.1/../../../../arm-none-eabi/lib/thumb/v7e-m+dp/hard/libc_nano.a(libc_a-mallocr.o)
                0x0800b528                _malloc_r
 .text.__malloc_lock
                0x0800b628        0xc /Applications/STM32CubeIDE.app/Contents/Eclipse/plugins/com.st.stm32cube.ide.mcu.externaltools.gnu-tools-for-stm32.12.3.rel1.macos64_1.0.100.202403111906/tools/bin/../lib/gcc/arm-none-eabi/12.3.1/../../../../arm-none-eabi/lib/thumb/v7e-m+dp/hard/libc_nano.a(libc_a-mlock.o)
                0x0800b628                __malloc_lock
 .text.__malloc_unlock
                0x0800b634        0xc /Applications/STM32CubeIDE.app/Contents/Eclipse/plugins/com.st.stm32cube.ide.mcu.externaltools.gnu-tools-for-stm32.12.3.rel1.macos64_1.0.100.202403111906/tools/bin/../lib/gcc/arm-none-eabi/12.3.1/../../../../arm-none-eabi/lib/thumb/v7e-m+dp/hard/libc_nano.a(libc_a-mlock.o)
                0x0800b634                __malloc_unlock
 .text.std      0x0800b640       0x6c /Applications/STM32CubeIDE.app/Contents/Eclipse/plugins/com.st.stm32cube.ide.mcu.externaltools.gnu-tools-for-stm32.12.3.rel1.macos64_1.0.100.202403111906/tools/bin/../lib/gcc/arm-none-eabi/12.3.1/../../../../arm-none-eabi/lib/thumb/v7e-m+dp/hard/libc_nano.a(libc_a-findfp.o)
 .text.stdio_exit_handler
                0x0800b6ac       0x18 /Applications/STM32CubeIDE.app/Contents/Eclipse/plugins/com.st.stm32cube.ide.mcu.externaltools.gnu-tools-for-stm32.12.3.rel1.macos64_1.0.100.202403111906/tools/bin/../lib/gcc/arm-none-eabi/12.3.1/../../../../arm-none-eabi/lib/thumb/v7e-m+dp/hard/libc_nano.a(libc_a-findfp.o)
 .text.cleanup_stdio
                0x0800b6c4       0x40 /Applications/STM32CubeIDE.app/Contents/Eclipse/plugins/com.st.stm32cube.ide.mcu.externaltools.gnu-tools-for-stm32.12.3.rel1.macos64_1.0.100.202403111906/tools/bin/../lib/gcc/arm-none-eabi/12.3.1/../../../../arm-none-eabi/lib/thumb/v7e-m+dp/hard/libc_nano.a(libc_a-findfp.o)
 .text.global_stdio_init.part.0
                0x0800b704       0x3c /Applications/STM32CubeIDE.app/Contents/Eclipse/plugins/com.st.stm32cube.ide.mcu.externaltools.gnu-tools-for-stm32.12.3.rel1.macos64_1.0.100.202403111906/tools/bin/../lib/gcc/arm-none-eabi/12.3.1/../../../../arm-none-eabi/lib/thumb/v7e-m+dp/hard/libc_nano.a(libc_a-findfp.o)
 .text.__sfp_lock_acquire
                0x0800b740        0xc /Applications/STM32CubeIDE.app/Contents/Eclipse/plugins/com.st.stm32cube.ide.mcu.externaltools.gnu-tools-for-stm32.12.3.rel1.macos64_1.0.100.202403111906/tools/bin/../lib/gcc/arm-none-eabi/12.3.1/../../../../arm-none-eabi/lib/thumb/v7e-m+dp/hard/libc_nano.a(libc_a-findfp.o)
                0x0800b740                __sfp_lock_acquire
 .text.__sfp_lock_release
                0x0800b74c        0xc /Applications/STM32CubeIDE.app/Contents/Eclipse/plugins/com.st.stm32cube.ide.mcu.externaltools.gnu-tools-for-stm32.12.3.rel1.macos64_1.0.100.202403111906/tools/bin/../lib/gcc/arm-none-eabi/12.3.1/../../../../arm-none-eabi/lib/thumb/v7e-m+dp/hard/libc_nano.a(libc_a-findfp.o)
                0x0800b74c                __sfp_lock_release
 .text.__sinit  0x0800b758       0x30 /Applications/STM32CubeIDE.app/Contents/Eclipse/plugins/com.st.stm32cube.ide.mcu.externaltools.gnu-tools-for-stm32.12.3.rel1.macos64_1.0.100.202403111906/tools/bin/../lib/gcc/arm-none-eabi/12.3.1/../../../../arm-none-eabi/lib/thumb/v7e-m+dp/hard/libc_nano.a(libc_a-findfp.o)
                0x0800b758                __sinit
 .text.fprintf  0x0800b788       0x24 /Applications/STM32CubeIDE.app/Contents/Eclipse/plugins/com.st.stm32cube.ide.mcu.externaltools.gnu-tools-for-stm32.12.3.rel1.macos64_1.0.100.202403111906/tools/bin/../lib/gcc/arm-none-eabi/12.3.1/../../../../arm-none-eabi/lib/thumb/v7e-m+dp/hard/libc_nano.a(libc_a-fprintf.o)
                0x0800b788                fprintf
                0x0800b788                fiprintf
 .text._fwalk_sglue
                0x0800b7ac       0x3c /Applications/STM32CubeIDE.app/Contents/Eclipse/plugins/com.st.stm32cube.ide.mcu.externaltools.gnu-tools-for-stm32.12.3.rel1.macos64_1.0.100.202403111906/tools/bin/../lib/gcc/arm-none-eabi/12.3.1/../../../../arm-none-eabi/lib/thumb/v7e-m+dp/hard/libc_nano.a(libc_a-fwalk.o)
                0x0800b7ac                _fwalk_sglue
 .text.printf   0x0800b7e8       0x24 /Applications/STM32CubeIDE.app/Contents/Eclipse/plugins/com.st.stm32cube.ide.mcu.externaltools.gnu-tools-for-stm32.12.3.rel1.macos64_1.0.100.202403111906/tools/bin/../lib/gcc/arm-none-eabi/12.3.1/../../../../arm-none-eabi/lib/thumb/v7e-m+dp/hard/libc_nano.a(libc_a-printf.o)
                0x0800b7e8                printf
                0x0800b7e8                iprintf
 .text._puts_r  0x0800b80c       0xaa /Applications/STM32CubeIDE.app/Contents/Eclipse/plugins/com.st.stm32cube.ide.mcu.externaltools.gnu-tools-for-stm32.12.3.rel1.macos64_1.0.100.202403111906/tools/bin/../lib/gcc/arm-none-eabi/12.3.1/../../../../arm-none-eabi/lib/thumb/v7e-m+dp/hard/libc_nano.a(libc_a-puts.o)
                0x0800b80c                _puts_r
 *fill*         0x0800b8b6        0x2 
 .text.puts     0x0800b8b8       0x10 /Applications/STM32CubeIDE.app/Contents/Eclipse/plugins/com.st.stm32cube.ide.mcu.externaltools.gnu-tools-for-stm32.12.3.rel1.macos64_1.0.100.202403111906/tools/bin/../lib/gcc/arm-none-eabi/12.3.1/../../../../arm-none-eabi/lib/thumb/v7e-m+dp/hard/libc_nano.a(libc_a-puts.o)
                0x0800b8b8                puts
 .text.strncmp  0x0800b8c8       0x24 /Applications/STM32CubeIDE.app/Contents/Eclipse/plugins/com.st.stm32cube.ide.mcu.externaltools.gnu-tools-for-stm32.12.3.rel1.macos64_1.0.100.202403111906/tools/bin/../lib/gcc/arm-none-eabi/12.3.1/../../../../arm-none-eabi/lib/thumb/v7e-m+dp/hard/libc_nano.a(libc_a-strncmp.o)
                0x0800b8c8                strncmp
 .text.strncpy  0x0800b8ec       0x26 /Applications/STM32CubeIDE.app/Contents/Eclipse/plugins/com.st.stm32cube.ide.mcu.externaltools.gnu-tools-for-stm32.12.3.rel1.macos64_1.0.100.202403111906/tools/bin/../lib/gcc/arm-none-eabi/12.3.1/../../../../arm-none-eabi/lib/thumb/v7e-m+dp/hard/libc_nano.a(libc_a-strncpy.o)
                0x0800b8ec                strncpy
 .text.memset   0x0800b912       0x10 /Applications/STM32CubeIDE.app/Contents/Eclipse/plugins/com.st.stm32cube.ide.mcu.externaltools.gnu-tools-for-stm32.12.3.rel1.macos64_1.0.100.202403111906/tools/bin/../lib/gcc/arm-none-eabi/12.3.1/../../../../arm-none-eabi/lib/thumb/v7e-m+dp/hard/libc_nano.a(libc_a-memset.o)
                0x0800b912                memset
 *fill*         0x0800b922        0x2 
 .text._sbrk_r  0x0800b924       0x20 /Applications/STM32CubeIDE.app/Contents/Eclipse/plugins/com.st.stm32cube.ide.mcu.externaltools.gnu-tools-for-stm32.12.3.rel1.macos64_1.0.100.202403111906/tools/bin/../lib/gcc/arm-none-eabi/12.3.1/../../../../arm-none-eabi/lib/thumb/v7e-m+dp/hard/libc_nano.a(libc_a-sbrkr.o)
                0x0800b924                _sbrk_r
 .text.__errno  0x0800b944        0xc /Applications/STM32CubeIDE.app/Contents/Eclipse/plugins/com.st.stm32cube.ide.mcu.externaltools.gnu-tools-for-stm32.12.3.rel1.macos64_1.0.100.202403111906/tools/bin/../lib/gcc/arm-none-eabi/12.3.1/../../../../arm-none-eabi/lib/thumb/v7e-m+dp/hard/libc_nano.a(libc_a-errno.o)
                0x0800b944                __errno
 .text.__libc_init_array
                0x0800b950       0x48 /Applications/STM32CubeIDE.app/Contents/Eclipse/plugins/com.st.stm32cube.ide.mcu.externaltools.gnu-tools-for-stm32.12.3.rel1.macos64_1.0.100.202403111906/tools/bin/../lib/gcc/arm-none-eabi/12.3.1/../../../../arm-none-eabi/lib/thumb/v7e-m+dp/hard/libc_nano.a(libc_a-init.o)
                0x0800b950                __libc_init_array
 .text.__retarget_lock_init_recursive
                0x0800b998        0x2 /Applications/STM32CubeIDE.app/Contents/Eclipse/plugins/com.st.stm32cube.ide.mcu.externaltools.gnu-tools-for-stm32.12.3.rel1.macos64_1.0.100.202403111906/tools/bin/../lib/gcc/arm-none-eabi/12.3.1/../../../../arm-none-eabi/lib/thumb/v7e-m+dp/hard/libc_nano.a(libc_a-lock.o)
                0x0800b998                __retarget_lock_init_recursive
 .text.__retarget_lock_acquire_recursive
                0x0800b99a        0x2 /Applications/STM32CubeIDE.app/Contents/Eclipse/plugins/com.st.stm32cube.ide.mcu.externaltools.gnu-tools-for-stm32.12.3.rel1.macos64_1.0.100.202403111906/tools/bin/../lib/gcc/arm-none-eabi/12.3.1/../../../../arm-none-eabi/lib/thumb/v7e-m+dp/hard/libc_nano.a(libc_a-lock.o)
                0x0800b99a                __retarget_lock_acquire_recursive
 .text.__retarget_lock_release_recursive
                0x0800b99c        0x2 /Applications/STM32CubeIDE.app/Contents/Eclipse/plugins/com.st.stm32cube.ide.mcu.externaltools.gnu-tools-for-stm32.12.3.rel1.macos64_1.0.100.202403111906/tools/bin/../lib/gcc/arm-none-eabi/12.3.1/../../../../arm-none-eabi/lib/thumb/v7e-m+dp/hard/libc_nano.a(libc_a-lock.o)
                0x0800b99c                __retarget_lock_release_recursive
 .text.memcpy   0x0800b99e       0x1c /Applications/STM32CubeIDE.app/Contents/Eclipse/plugins/com.st.stm32cube.ide.mcu.externaltools.gnu-tools-for-stm32.12.3.rel1.macos64_1.0.100.202403111906/tools/bin/../lib/gcc/arm-none-eabi/12.3.1/../../../../arm-none-eabi/lib/thumb/v7e-m+dp/hard/libc_nano.a(libc_a-memcpy-stub.o)
                0x0800b99e                memcpy
 .text.abort    0x0800b9ba        0xe /Applications/STM32CubeIDE.app/Contents/Eclipse/plugins/com.st.stm32cube.ide.mcu.externaltools.gnu-tools-for-stm32.12.3.rel1.macos64_1.0.100.202403111906/tools/bin/../lib/gcc/arm-none-eabi/12.3.1/../../../../arm-none-eabi/lib/thumb/v7e-m+dp/hard/libc_nano.a(libc_a-abort.o)
                0x0800b9ba                abort
 .text._free_r  0x0800b9c8       0x94 /Applications/STM32CubeIDE.app/Contents/Eclipse/plugins/com.st.stm32cube.ide.mcu.externaltools.gnu-tools-for-stm32.12.3.rel1.macos64_1.0.100.202403111906/tools/bin/../lib/gcc/arm-none-eabi/12.3.1/../../../../arm-none-eabi/lib/thumb/v7e-m+dp/hard/libc_nano.a(libc_a-freer.o)
                0x0800b9c8                _free_r
 .text.__sfputc_r
                0x0800ba5c       0x2e /Applications/STM32CubeIDE.app/Contents/Eclipse/plugins/com.st.stm32cube.ide.mcu.externaltools.gnu-tools-for-stm32.12.3.rel1.macos64_1.0.100.202403111906/tools/bin/../lib/gcc/arm-none-eabi/12.3.1/../../../../arm-none-eabi/lib/thumb/v7e-m+dp/hard/libc_nano.a(libc_a-nano-vfprintf.o)
 .text.__sfputs_r
                0x0800ba8a       0x24 /Applications/STM32CubeIDE.app/Contents/Eclipse/plugins/com.st.stm32cube.ide.mcu.externaltools.gnu-tools-for-stm32.12.3.rel1.macos64_1.0.100.202403111906/tools/bin/../lib/gcc/arm-none-eabi/12.3.1/../../../../arm-none-eabi/lib/thumb/v7e-m+dp/hard/libc_nano.a(libc_a-nano-vfprintf.o)
                0x0800ba8a                __sfputs_r
 *fill*         0x0800baae        0x2 
 .text._vfprintf_r
                0x0800bab0      0x230 /Applications/STM32CubeIDE.app/Contents/Eclipse/plugins/com.st.stm32cube.ide.mcu.externaltools.gnu-tools-for-stm32.12.3.rel1.macos64_1.0.100.202403111906/tools/bin/../lib/gcc/arm-none-eabi/12.3.1/../../../../arm-none-eabi/lib/thumb/v7e-m+dp/hard/libc_nano.a(libc_a-nano-vfprintf.o)
                0x0800bab0                _vfiprintf_r
                0x0800bab0                _vfprintf_r
 .text._printf_common
                0x0800bce0       0xda /Applications/STM32CubeIDE.app/Contents/Eclipse/plugins/com.st.stm32cube.ide.mcu.externaltools.gnu-tools-for-stm32.12.3.rel1.macos64_1.0.100.202403111906/tools/bin/../lib/gcc/arm-none-eabi/12.3.1/../../../../arm-none-eabi/lib/thumb/v7e-m+dp/hard/libc_nano.a(libc_a-nano-vfprintf_i.o)
                0x0800bce0                _printf_common
 *fill*         0x0800bdba        0x2 
 .text._printf_i
                0x0800bdbc      0x240 /Applications/STM32CubeIDE.app/Contents/Eclipse/plugins/com.st.stm32cube.ide.mcu.externaltools.gnu-tools-for-stm32.12.3.rel1.macos64_1.0.100.202403111906/tools/bin/../lib/gcc/arm-none-eabi/12.3.1/../../../../arm-none-eabi/lib/thumb/v7e-m+dp/hard/libc_nano.a(libc_a-nano-vfprintf_i.o)
                0x0800bdbc                _printf_i
 .text.__sflush_r
                0x0800bffc      0x108 /Applications/STM32CubeIDE.app/Contents/Eclipse/plugins/com.st.stm32cube.ide.mcu.externaltools.gnu-tools-for-stm32.12.3.rel1.macos64_1.0.100.202403111906/tools/bin/../lib/gcc/arm-none-eabi/12.3.1/../../../../arm-none-eabi/lib/thumb/v7e-m+dp/hard/libc_nano.a(libc_a-fflush.o)
                0x0800bffc                __sflush_r
 .text._fflush_r
                0x0800c104       0x50 /Applications/STM32CubeIDE.app/Contents/Eclipse/plugins/com.st.stm32cube.ide.mcu.externaltools.gnu-tools-for-stm32.12.3.rel1.macos64_1.0.100.202403111906/tools/bin/../lib/gcc/arm-none-eabi/12.3.1/../../../../arm-none-eabi/lib/thumb/v7e-m+dp/hard/libc_nano.a(libc_a-fflush.o)
                0x0800c104                _fflush_r
 .text.__sread  0x0800c154       0x22 /Applications/STM32CubeIDE.app/Contents/Eclipse/plugins/com.st.stm32cube.ide.mcu.externaltools.gnu-tools-for-stm32.12.3.rel1.macos64_1.0.100.202403111906/tools/bin/../lib/gcc/arm-none-eabi/12.3.1/../../../../arm-none-eabi/lib/thumb/v7e-m+dp/hard/libc_nano.a(libc_a-stdio.o)
                0x0800c154                __sread
 .text.__swrite
                0x0800c176       0x38 /Applications/STM32CubeIDE.app/Contents/Eclipse/plugins/com.st.stm32cube.ide.mcu.externaltools.gnu-tools-for-stm32.12.3.rel1.macos64_1.0.100.202403111906/tools/bin/../lib/gcc/arm-none-eabi/12.3.1/../../../../arm-none-eabi/lib/thumb/v7e-m+dp/hard/libc_nano.a(libc_a-stdio.o)
                0x0800c176                __swrite
 .text.__sseek  0x0800c1ae       0x24 /Applications/STM32CubeIDE.app/Contents/Eclipse/plugins/com.st.stm32cube.ide.mcu.externaltools.gnu-tools-for-stm32.12.3.rel1.macos64_1.0.100.202403111906/tools/bin/../lib/gcc/arm-none-eabi/12.3.1/../../../../arm-none-eabi/lib/thumb/v7e-m+dp/hard/libc_nano.a(libc_a-stdio.o)
                0x0800c1ae                __sseek
 .text.__sclose
                0x0800c1d2        0x8 /Applications/STM32CubeIDE.app/Contents/Eclipse/plugins/com.st.stm32cube.ide.mcu.externaltools.gnu-tools-for-stm32.12.3.rel1.macos64_1.0.100.202403111906/tools/bin/../lib/gcc/arm-none-eabi/12.3.1/../../../../arm-none-eabi/lib/thumb/v7e-m+dp/hard/libc_nano.a(libc_a-stdio.o)
                0x0800c1d2                __sclose
 .text.__swbuf_r
                0x0800c1da       0x7c /Applications/STM32CubeIDE.app/Contents/Eclipse/plugins/com.st.stm32cube.ide.mcu.externaltools.gnu-tools-for-stm32.12.3.rel1.macos64_1.0.100.202403111906/tools/bin/../lib/gcc/arm-none-eabi/12.3.1/../../../../arm-none-eabi/lib/thumb/v7e-m+dp/hard/libc_nano.a(libc_a-wbuf.o)
                0x0800c1da                __swbuf_r
 *fill*         0x0800c256        0x2 
 .text.__swsetup_r
                0x0800c258       0xac /Applications/STM32CubeIDE.app/Contents/Eclipse/plugins/com.st.stm32cube.ide.mcu.externaltools.gnu-tools-for-stm32.12.3.rel1.macos64_1.0.100.202403111906/tools/bin/../lib/gcc/arm-none-eabi/12.3.1/../../../../arm-none-eabi/lib/thumb/v7e-m+dp/hard/libc_nano.a(libc_a-wsetup.o)
                0x0800c258                __swsetup_r
 .text.__swhatbuf_r
                0x0800c304       0x4c /Applications/STM32CubeIDE.app/Contents/Eclipse/plugins/com.st.stm32cube.ide.mcu.externaltools.gnu-tools-for-stm32.12.3.rel1.macos64_1.0.100.202403111906/tools/bin/../lib/gcc/arm-none-eabi/12.3.1/../../../../arm-none-eabi/lib/thumb/v7e-m+dp/hard/libc_nano.a(libc_a-makebuf.o)
                0x0800c304                __swhatbuf_r
 .text.__smakebuf_r
                0x0800c350       0x78 /Applications/STM32CubeIDE.app/Contents/Eclipse/plugins/com.st.stm32cube.ide.mcu.externaltools.gnu-tools-for-stm32.12.3.rel1.macos64_1.0.100.202403111906/tools/bin/../lib/gcc/arm-none-eabi/12.3.1/../../../../arm-none-eabi/lib/thumb/v7e-m+dp/hard/libc_nano.a(libc_a-makebuf.o)
                0x0800c350                __smakebuf_r
 .text._close_r
                0x0800c3c8       0x20 /Applications/STM32CubeIDE.app/Contents/Eclipse/plugins/com.st.stm32cube.ide.mcu.externaltools.gnu-tools-for-stm32.12.3.rel1.macos64_1.0.100.202403111906/tools/bin/../lib/gcc/arm-none-eabi/12.3.1/../../../../arm-none-eabi/lib/thumb/v7e-m+dp/hard/libc_nano.a(libc_a-closer.o)
                0x0800c3c8                _close_r
 .text._fstat_r
                0x0800c3e8       0x24 /Applications/STM32CubeIDE.app/Contents/Eclipse/plugins/com.st.stm32cube.ide.mcu.externaltools.gnu-tools-for-stm32.12.3.rel1.macos64_1.0.100.202403111906/tools/bin/../lib/gcc/arm-none-eabi/12.3.1/../../../../arm-none-eabi/lib/thumb/v7e-m+dp/hard/libc_nano.a(libc_a-fstatr.o)
                0x0800c3e8                _fstat_r
 .text._isatty_r
                0x0800c40c       0x20 /Applications/STM32CubeIDE.app/Contents/Eclipse/plugins/com.st.stm32cube.ide.mcu.externaltools.gnu-tools-for-stm32.12.3.rel1.macos64_1.0.100.202403111906/tools/bin/../lib/gcc/arm-none-eabi/12.3.1/../../../../arm-none-eabi/lib/thumb/v7e-m+dp/hard/libc_nano.a(libc_a-isattyr.o)
                0x0800c40c                _isatty_r
 .text._lseek_r
                0x0800c42c       0x24 /Applications/STM32CubeIDE.app/Contents/Eclipse/plugins/com.st.stm32cube.ide.mcu.externaltools.gnu-tools-for-stm32.12.3.rel1.macos64_1.0.100.202403111906/tools/bin/../lib/gcc/arm-none-eabi/12.3.1/../../../../arm-none-eabi/lib/thumb/v7e-m+dp/hard/libc_nano.a(libc_a-lseekr.o)
                0x0800c42c                _lseek_r
 .text._raise_r
                0x0800c450       0x50 /Applications/STM32CubeIDE.app/Contents/Eclipse/plugins/com.st.stm32cube.ide.mcu.externaltools.gnu-tools-for-stm32.12.3.rel1.macos64_1.0.100.202403111906/tools/bin/../lib/gcc/arm-none-eabi/12.3.1/../../../../arm-none-eabi/lib/thumb/v7e-m+dp/hard/libc_nano.a(libc_a-signal.o)
                0x0800c450                _raise_r
 .text.raise    0x0800c4a0       0x10 /Applications/STM32CubeIDE.app/Contents/Eclipse/plugins/com.st.stm32cube.ide.mcu.externaltools.gnu-tools-for-stm32.12.3.rel1.macos64_1.0.100.202403111906/tools/bin/../lib/gcc/arm-none-eabi/12.3.1/../../../../arm-none-eabi/lib/thumb/v7e-m+dp/hard/libc_nano.a(libc_a-signal.o)
                0x0800c4a0                raise
 .text._read_r  0x0800c4b0       0x24 /Applications/STM32CubeIDE.app/Contents/Eclipse/plugins/com.st.stm32cube.ide.mcu.externaltools.gnu-tools-for-stm32.12.3.rel1.macos64_1.0.100.202403111906/tools/bin/../lib/gcc/arm-none-eabi/12.3.1/../../../../arm-none-eabi/lib/thumb/v7e-m+dp/hard/libc_nano.a(libc_a-readr.o)
                0x0800c4b0                _read_r
 .text._kill_r  0x0800c4d4       0x24 /Applications/STM32CubeIDE.app/Contents/Eclipse/plugins/com.st.stm32cube.ide.mcu.externaltools.gnu-tools-for-stm32.12.3.rel1.macos64_1.0.100.202403111906/tools/bin/../lib/gcc/arm-none-eabi/12.3.1/../../../../arm-none-eabi/lib/thumb/v7e-m+dp/hard/libc_nano.a(libc_a-signalr.o)
                0x0800c4d4                _kill_r
 .text._getpid_r
                0x0800c4f8        0x4 /Applications/STM32CubeIDE.app/Contents/Eclipse/plugins/com.st.stm32cube.ide.mcu.externaltools.gnu-tools-for-stm32.12.3.rel1.macos64_1.0.100.202403111906/tools/bin/../lib/gcc/arm-none-eabi/12.3.1/../../../../arm-none-eabi/lib/thumb/v7e-m+dp/hard/libc_nano.a(libc_a-signalr.o)
                0x0800c4f8                _getpid_r
 .text._write_r
                0x0800c4fc       0x24 /Applications/STM32CubeIDE.app/Contents/Eclipse/plugins/com.st.stm32cube.ide.mcu.externaltools.gnu-tools-for-stm32.12.3.rel1.macos64_1.0.100.202403111906/tools/bin/../lib/gcc/arm-none-eabi/12.3.1/../../../../arm-none-eabi/lib/thumb/v7e-m+dp/hard/libc_nano.a(libc_a-writer.o)
                0x0800c4fc                _write_r
 *(.glue_7)
 .glue_7        0x0800c520        0x0 linker stubs
 *(.glue_7t)
 .glue_7t       0x0800c520        0x0 linker stubs
 *(.eh_frame)
 .eh_frame      0x0800c520        0x0 /Applications/STM32CubeIDE.app/Contents/Eclipse/plugins/com.st.stm32cube.ide.mcu.externaltools.gnu-tools-for-stm32.12.3.rel1.macos64_1.0.100.202403111906/tools/bin/../lib/gcc/arm-none-eabi/12.3.1/thumb/v7e-m+dp/hard/crtbegin.o
 *(.init)
 .init          0x0800c520        0x4 /Applications/STM32CubeIDE.app/Contents/Eclipse/plugins/com.st.stm32cube.ide.mcu.externaltools.gnu-tools-for-stm32.12.3.rel1.macos64_1.0.100.202403111906/tools/bin/../lib/gcc/arm-none-eabi/12.3.1/thumb/v7e-m+dp/hard/crti.o
                0x0800c520                _init
 .init          0x0800c524        0x8 /Applications/STM32CubeIDE.app/Contents/Eclipse/plugins/com.st.stm32cube.ide.mcu.externaltools.gnu-tools-for-stm32.12.3.rel1.macos64_1.0.100.202403111906/tools/bin/../lib/gcc/arm-none-eabi/12.3.1/thumb/v7e-m+dp/hard/crtn.o
 *(.fini)
 .fini          0x0800c52c        0x4 /Applications/STM32CubeIDE.app/Contents/Eclipse/plugins/com.st.stm32cube.ide.mcu.externaltools.gnu-tools-for-stm32.12.3.rel1.macos64_1.0.100.202403111906/tools/bin/../lib/gcc/arm-none-eabi/12.3.1/thumb/v7e-m+dp/hard/crti.o
                0x0800c52c                _fini
 .fini          0x0800c530        0x8 /Applications/STM32CubeIDE.app/Contents/Eclipse/plugins/com.st.stm32cube.ide.mcu.externaltools.gnu-tools-for-stm32.12.3.rel1.macos64_1.0.100.202403111906/tools/bin/../lib/gcc/arm-none-eabi/12.3.1/thumb/v7e-m+dp/hard/crtn.o
                0x0800c538                        . = ALIGN (0x4)
                0x0800c538                        _etext = .

.vfp11_veneer   0x0800c538        0x0
 .vfp11_veneer  0x0800c538        0x0 linker stubs

.v4_bx          0x0800c538        0x0
 .v4_bx         0x0800c538        0x0 linker stubs

.iplt           0x0800c538        0x0
 .iplt          0x0800c538        0x0 /Applications/STM32CubeIDE.app/Contents/Eclipse/plugins/com.st.stm32cube.ide.mcu.externaltools.gnu-tools-for-stm32.12.3.rel1.macos64_1.0.100.202403111906/tools/bin/../lib/gcc/arm-none-eabi/12.3.1/thumb/v7e-m+dp/hard/crtbegin.o

.rodata         0x0800c538      0x388
                0x0800c538                        . = ALIGN (0x4)
 *(.rodata)
 .rodata        0x0800c538       0x56 ./Core/Src/main.o
 *fill*         0x0800c58e        0x2 
 .rodata        0x0800c590       0x10 ./Drivers/STM32H7xx_HAL_Driver/stm32h7xx_hal_cryp.o
 .rodata        0x0800c5a0       0xb4 ./Middlewares/Third_Party/OpenAMP/device.o
 .rodata        0x0800c654       0xe6 ./Middlewares/Third_Party/OpenAMP/remoteproc_virtio.o
 *fill*         0x0800c73a        0x2 
 .rodata        0x0800c73c       0x13 ./Middlewares/Third_Party/OpenAMP/rpmsg_virtio.o
 *fill*         0x0800c74f        0x1 
 .rodata        0x0800c750       0x1d ./OPENAMP/openamp.o
 *(.rodata*)
 *fill*         0x0800c76d        0x3 
 .rodata.D1CorePrescTable
                0x0800c770       0x10 ./Common/Src/system_stm32h7xx_dualcore_boot_cm4_cm7.o
                0x0800c770                D1CorePrescTable
 .rodata.pKeyCRYP
                0x0800c780       0x20 ./Core/Src/main.o
 .rodata.pInitVectCRYP
                0x0800c7a0       0x10 ./Core/Src/main.o
 .rodata.UARTPrescTable
                0x0800c7b0       0x18 ./Drivers/STM32H7xx_HAL_Driver/stm32h7xx_hal_uart.o
                0x0800c7b0                UARTPrescTable
 .rodata.numerator.1
                0x0800c7c8        0x8 ./Drivers/STM32H7xx_HAL_Driver/stm32h7xx_hal_uart_ex.o
 .rodata.denominator.0
                0x0800c7d0        0x8 ./Drivers/STM32H7xx_HAL_Driver/stm32h7xx_hal_uart_ex.o
 .rodata.remoteproc_virtio_dispatch_funcs
                0x0800c7d8       0x24 ./Middlewares/Third_Party/OpenAMP/remoteproc_virtio.o
                0x0800c7d8                remoteproc_virtio_dispatch_funcs
 .rodata.__func__.2
                0x0800c7fc       0x1e ./Middlewares/Third_Party/OpenAMP/remoteproc_virtio.o
 *fill*         0x0800c81a        0x2 
 .rodata.__func__.1
                0x0800c81c        0xe ./Middlewares/Third_Party/OpenAMP/remoteproc_virtio.o
 *fill*         0x0800c82a        0x2 
 .rodata.__func__.0
                0x0800c82c        0xf ./Middlewares/Third_Party/OpenAMP/remoteproc_virtio.o
 *fill*         0x0800c83b        0x1 
 .rodata.Default_ResTbl
                0x0800c83c       0x15 ./Utilities/res_mgr.o
 .rodata.__assert_func.str1.1
                0x0800c851       0x3c /Applications/STM32CubeIDE.app/Contents/Eclipse/plugins/com.st.stm32cube.ide.mcu.externaltools.gnu-tools-for-stm32.12.3.rel1.macos64_1.0.100.202403111906/tools/bin/../lib/gcc/arm-none-eabi/12.3.1/../../../../arm-none-eabi/lib/thumb/v7e-m+dp/hard/libc_nano.a(libc_a-assert.o)
                                 0x3d (size before relaxing)
 .rodata._vfprintf_r.str1.1
                0x0800c88d       0x11 /Applications/STM32CubeIDE.app/Contents/Eclipse/plugins/com.st.stm32cube.ide.mcu.externaltools.gnu-tools-for-stm32.12.3.rel1.macos64_1.0.100.202403111906/tools/bin/../lib/gcc/arm-none-eabi/12.3.1/../../../../arm-none-eabi/lib/thumb/v7e-m+dp/hard/libc_nano.a(libc_a-nano-vfprintf.o)
 .rodata._printf_i.str1.1
                0x0800c89e       0x22 /Applications/STM32CubeIDE.app/Contents/Eclipse/plugins/com.st.stm32cube.ide.mcu.externaltools.gnu-tools-for-stm32.12.3.rel1.macos64_1.0.100.202403111906/tools/bin/../lib/gcc/arm-none-eabi/12.3.1/../../../../arm-none-eabi/lib/thumb/v7e-m+dp/hard/libc_nano.a(libc_a-nano-vfprintf_i.o)
                0x0800c8c0                        . = ALIGN (0x4)

.ARM.extab
 *(.ARM.extab* .gnu.linkonce.armextab.*)

.ARM            0x0800c8c0        0x8
                0x0800c8c0                        __exidx_start = .
 *(.ARM.exidx*)
 .ARM.exidx     0x0800c8c0        0x8 /Applications/STM32CubeIDE.app/Contents/Eclipse/plugins/com.st.stm32cube.ide.mcu.externaltools.gnu-tools-for-stm32.12.3.rel1.macos64_1.0.100.202403111906/tools/bin/../lib/gcc/arm-none-eabi/12.3.1/../../../../arm-none-eabi/lib/thumb/v7e-m+dp/hard/libc_nano.a(libc_a-strcmp.o)
 .ARM.exidx     0x0800c8c8        0x0 /Applications/STM32CubeIDE.app/Contents/Eclipse/plugins/com.st.stm32cube.ide.mcu.externaltools.gnu-tools-for-stm32.12.3.rel1.macos64_1.0.100.202403111906/tools/bin/../lib/gcc/arm-none-eabi/12.3.1/../../../../arm-none-eabi/lib/thumb/v7e-m+dp/hard/libc_nano.a(libc_a-memchr.o)
                                  0x8 (size before relaxing)
 .ARM.exidx     0x0800c8c8        0x0 /Applications/STM32CubeIDE.app/Contents/Eclipse/plugins/com.st.stm32cube.ide.mcu.externaltools.gnu-tools-for-stm32.12.3.rel1.macos64_1.0.100.202403111906/tools/bin/../lib/gcc/arm-none-eabi/12.3.1/thumb/v7e-m+dp/hard/libgcc.a(_udivmoddi4.o)
                                  0x8 (size before relaxing)
                0x0800c8c8                        __exidx_end = .

.preinit_array  0x0800c8c8        0x0
                0x0800c8c8                        PROVIDE (__preinit_array_start = .)
 *(.preinit_array*)
                0x0800c8c8                        PROVIDE (__preinit_array_end = .)

.init_array     0x0800c8c8        0x4
                0x0800c8c8                        PROVIDE (__init_array_start = .)
 *(SORT_BY_NAME(.init_array.*))
 *(.init_array*)
 .init_array    0x0800c8c8        0x4 /Applications/STM32CubeIDE.app/Contents/Eclipse/plugins/com.st.stm32cube.ide.mcu.externaltools.gnu-tools-for-stm32.12.3.rel1.macos64_1.0.100.202403111906/tools/bin/../lib/gcc/arm-none-eabi/12.3.1/thumb/v7e-m+dp/hard/crtbegin.o
                0x0800c8cc                        PROVIDE (__init_array_end = .)

.fini_array     0x0800c8cc        0x4
                [!provide]                        PROVIDE (__fini_array_start = .)
 *(SORT_BY_NAME(.fini_array.*))
 *(.fini_array*)
 .fini_array    0x0800c8cc        0x4 /Applications/STM32CubeIDE.app/Contents/Eclipse/plugins/com.st.stm32cube.ide.mcu.externaltools.gnu-tools-for-stm32.12.3.rel1.macos64_1.0.100.202403111906/tools/bin/../lib/gcc/arm-none-eabi/12.3.1/thumb/v7e-m+dp/hard/crtbegin.o
                [!provide]                        PROVIDE (__fini_array_end = .)
                0x0800c8d0                        _sidata = LOADADDR (.data)

.rel.dyn        0x0800c8d0        0x0
 .rel.iplt      0x0800c8d0        0x0 /Applications/STM32CubeIDE.app/Contents/Eclipse/plugins/com.st.stm32cube.ide.mcu.externaltools.gnu-tools-for-stm32.12.3.rel1.macos64_1.0.100.202403111906/tools/bin/../lib/gcc/arm-none-eabi/12.3.1/thumb/v7e-m+dp/hard/crtbegin.o

.data           0x00000000      0x11c load address 0x0800c8d0
                0x00000000                        . = ALIGN (0x4)
                0x00000000                        _sdata = .
 *(.data)
 *(.data*)
 .data.SystemCoreClock
                0x00000000        0x4 ./Common/Src/system_stm32h7xx_dualcore_boot_cm4_cm7.o
                0x00000000                SystemCoreClock
 .data.SystemD2Clock
                0x00000004        0x4 ./Common/Src/system_stm32h7xx_dualcore_boot_cm4_cm7.o
                0x00000004                SystemD2Clock
 .data.str2cm4  0x00000008        0x1 ./Core/Src/main.o
                0x00000008                str2cm4
 *fill*         0x00000009        0x3 
 .data.COM_USART
                0x0000000c        0x4 ./Drivers/BSP/STM32H747I-EVAL/stm32h747i_eval.o
                0x0000000c                COM_USART
 .data.uwTickPrio
                0x00000010        0x4 ./Drivers/STM32H7xx_HAL_Driver/stm32h7xx_hal.o
                0x00000010                uwTickPrio
 .data.uwTickFreq
                0x00000014        0x1 ./Drivers/STM32H7xx_HAL_Driver/stm32h7xx_hal.o
                0x00000014                uwTickFreq
 *fill*         0x00000015        0x3 
 .data.metal_generic_bus
                0x00000018       0x2c ./Middlewares/Third_Party/OpenAMP/device.o
                0x00000018                metal_generic_bus
 .data.shm_device
                0x00000044       0x7c ./OPENAMP/openamp.o
                0x00000044                shm_device
 .data.__sglue  0x000000c0        0xc /Applications/STM32CubeIDE.app/Contents/Eclipse/plugins/com.st.stm32cube.ide.mcu.externaltools.gnu-tools-for-stm32.12.3.rel1.macos64_1.0.100.202403111906/tools/bin/../lib/gcc/arm-none-eabi/12.3.1/../../../../arm-none-eabi/lib/thumb/v7e-m+dp/hard/libc_nano.a(libc_a-findfp.o)
                0x000000c0                __sglue
 .data._impure_ptr
                0x000000cc        0x4 /Applications/STM32CubeIDE.app/Contents/Eclipse/plugins/com.st.stm32cube.ide.mcu.externaltools.gnu-tools-for-stm32.12.3.rel1.macos64_1.0.100.202403111906/tools/bin/../lib/gcc/arm-none-eabi/12.3.1/../../../../arm-none-eabi/lib/thumb/v7e-m+dp/hard/libc_nano.a(libc_a-impure.o)
                0x000000cc                _impure_ptr
 .data._impure_data
                0x000000d0       0x4c /Applications/STM32CubeIDE.app/Contents/Eclipse/plugins/com.st.stm32cube.ide.mcu.externaltools.gnu-tools-for-stm32.12.3.rel1.macos64_1.0.100.202403111906/tools/bin/../lib/gcc/arm-none-eabi/12.3.1/../../../../arm-none-eabi/lib/thumb/v7e-m+dp/hard/libc_nano.a(libc_a-impure.o)
                0x000000d0                _impure_data
                0x0000011c                        . = ALIGN (0x4)
                0x0000011c                        _edata = .

.igot.plt       0x0000011c        0x0 load address 0x0800c9ec
 .igot.plt      0x0000011c        0x0 /Applications/STM32CubeIDE.app/Contents/Eclipse/plugins/com.st.stm32cube.ide.mcu.externaltools.gnu-tools-for-stm32.12.3.rel1.macos64_1.0.100.202403111906/tools/bin/../lib/gcc/arm-none-eabi/12.3.1/thumb/v7e-m+dp/hard/crtbegin.o

.RAM_D3         0x0000011c      0x1a4 load address 0x0800c9ec
 .RAM_D3        0x0000011c      0x1a4 ./Utilities/res_mgr.o
                0x000002c0                        . = ALIGN (0x4)

.bss            0x000002c0      0x728 load address 0x0800cb90
                0x000002c0                        _sbss = .
                0x000002c0                        __bss_start__ = _sbss
 *(.bss)
 .bss           0x000002c0       0x1c /Applications/STM32CubeIDE.app/Contents/Eclipse/plugins/com.st.stm32cube.ide.mcu.externaltools.gnu-tools-for-stm32.12.3.rel1.macos64_1.0.100.202403111906/tools/bin/../lib/gcc/arm-none-eabi/12.3.1/thumb/v7e-m+dp/hard/crtbegin.o
 *(.bss*)
 .bss.hcryp     0x000002dc       0x60 ./Core/Src/main.o
                0x000002dc                hcryp
 .bss.hrng      0x0000033c       0x14 ./Core/Src/main.o
                0x0000033c                hrng
 .bss.huart1    0x00000350       0x94 ./Core/Src/main.o
                0x00000350                huart1
 .bss.message_received
                0x000003e4        0x4 ./Core/Src/main.o
 .bss.service_created
                0x000003e8        0x4 ./Core/Src/main.o
 .bss.received_data_str
                0x000003ec      0x100 ./Core/Src/main.o
                0x000003ec                received_data_str
 .bss.rp_endpoint
                0x000004ec       0x40 ./Core/Src/main.o
 .bss.Ciphertext
                0x0000052c      0x200 ./Core/Src/main.o
                0x0000052c                Ciphertext
 .bss.COM_Init  0x0000072c       0x10 ./Core/Src/main.o
                0x0000072c                COM_Init
 .bss.__sbrk_heap_end
                0x0000073c        0x4 ./Core/Src/sysmem.o
 .bss.hcom_uart
                0x00000740       0x94 ./Drivers/BSP/STM32H747I-EVAL/stm32h747i_eval.o
                0x00000740                hcom_uart
 .bss.COM_ActiveLogPort
                0x000007d4        0x1 ./Drivers/BSP/STM32H747I-EVAL/stm32h747i_eval.o
 *fill*         0x000007d5        0x3 
 .bss.uwTick    0x000007d8        0x4 ./Drivers/STM32H7xx_HAL_Driver/stm32h7xx_hal.o
                0x000007d8                uwTick
 .bss._metal    0x000007dc       0x20 ./Middlewares/Third_Party/OpenAMP/generic_init.o
                0x000007dc                _metal
 .bss.msg_received
                0x000007fc        0x4 ./OPENAMP/mbox_hsem.o
 .bss.shm_io    0x00000800        0x4 ./OPENAMP/openamp.o
 .bss.rsc_io    0x00000804        0x4 ./OPENAMP/openamp.o
 .bss.rsc_table
                0x00000808        0x4 ./OPENAMP/openamp.o
 .bss.shpool    0x0000080c        0xc ./OPENAMP/openamp.o
 .bss.rvdev     0x00000818       0x78 ./OPENAMP/openamp.o
 .bss.shm_physmap
                0x00000890        0x4 ./OPENAMP/openamp.o
 .bss.ResMgrSendMsgFunct
                0x00000894        0x4 ./Utilities/res_mgr.o
 .bss.ResMgrCallbackFunct
                0x00000898        0x4 ./Utilities/res_mgr.o
 .bss.__malloc_sbrk_start
                0x0000089c        0x4 /Applications/STM32CubeIDE.app/Contents/Eclipse/plugins/com.st.stm32cube.ide.mcu.externaltools.gnu-tools-for-stm32.12.3.rel1.macos64_1.0.100.202403111906/tools/bin/../lib/gcc/arm-none-eabi/12.3.1/../../../../arm-none-eabi/lib/thumb/v7e-m+dp/hard/libc_nano.a(libc_a-mallocr.o)
                0x0000089c                __malloc_sbrk_start
 .bss.__malloc_free_list
                0x000008a0        0x4 /Applications/STM32CubeIDE.app/Contents/Eclipse/plugins/com.st.stm32cube.ide.mcu.externaltools.gnu-tools-for-stm32.12.3.rel1.macos64_1.0.100.202403111906/tools/bin/../lib/gcc/arm-none-eabi/12.3.1/../../../../arm-none-eabi/lib/thumb/v7e-m+dp/hard/libc_nano.a(libc_a-mallocr.o)
                0x000008a0                __malloc_free_list
 .bss.__sf      0x000008a4      0x138 /Applications/STM32CubeIDE.app/Contents/Eclipse/plugins/com.st.stm32cube.ide.mcu.externaltools.gnu-tools-for-stm32.12.3.rel1.macos64_1.0.100.202403111906/tools/bin/../lib/gcc/arm-none-eabi/12.3.1/../../../../arm-none-eabi/lib/thumb/v7e-m+dp/hard/libc_nano.a(libc_a-findfp.o)
                0x000008a4                __sf
 .bss.__stdio_exit_handler
                0x000009dc        0x4 /Applications/STM32CubeIDE.app/Contents/Eclipse/plugins/com.st.stm32cube.ide.mcu.externaltools.gnu-tools-for-stm32.12.3.rel1.macos64_1.0.100.202403111906/tools/bin/../lib/gcc/arm-none-eabi/12.3.1/../../../../arm-none-eabi/lib/thumb/v7e-m+dp/hard/libc_nano.a(libc_a-findfp.o)
                0x000009dc                __stdio_exit_handler
 .bss.__lock___malloc_recursive_mutex
                0x000009e0        0x1 /Applications/STM32CubeIDE.app/Contents/Eclipse/plugins/com.st.stm32cube.ide.mcu.externaltools.gnu-tools-for-stm32.12.3.rel1.macos64_1.0.100.202403111906/tools/bin/../lib/gcc/arm-none-eabi/12.3.1/../../../../arm-none-eabi/lib/thumb/v7e-m+dp/hard/libc_nano.a(libc_a-lock.o)
                0x000009e0                __lock___malloc_recursive_mutex
 .bss.__lock___sfp_recursive_mutex
                0x000009e1        0x1 /Applications/STM32CubeIDE.app/Contents/Eclipse/plugins/com.st.stm32cube.ide.mcu.externaltools.gnu-tools-for-stm32.12.3.rel1.macos64_1.0.100.202403111906/tools/bin/../lib/gcc/arm-none-eabi/12.3.1/../../../../arm-none-eabi/lib/thumb/v7e-m+dp/hard/libc_nano.a(libc_a-lock.o)
                0x000009e1                __lock___sfp_recursive_mutex
 *fill*         0x000009e2        0x2 
 .bss.errno     0x000009e4        0x4 /Applications/STM32CubeIDE.app/Contents/Eclipse/plugins/com.st.stm32cube.ide.mcu.externaltools.gnu-tools-for-stm32.12.3.rel1.macos64_1.0.100.202403111906/tools/bin/../lib/gcc/arm-none-eabi/12.3.1/../../../../arm-none-eabi/lib/thumb/v7e-m+dp/hard/libc_nano.a(libc_a-reent.o)
                0x000009e4                errno
 *(COMMON)
                0x000009e8                        . = ALIGN (0x4)
                0x000009e8                        _ebss = .
                0x000009e8                        __bss_end__ = _ebss

._user_heap_stack
                0x000009e8      0x600 load address 0x0800cb90